******************************************************************************
                  TMS470 Linker PC v4.9.5                      
******************************************************************************
>> Linked Thu May 09 21:56:17 2013

OUTPUT FILE NAME:   <ENGG4810.out>
ENTRY POINT SYMBOL: "_c_int00"  address: 00004a9d


MEMORY CONFIGURATION

         name            origin    length      used     unused   attr    fill
----------------------  --------  ---------  --------  --------  ----  --------
  FLASH                 00000000   00080000  00006efd  00079103  R  X
  SRAM                  20000000   00018000  000067d6  0001182a  RW X


SEGMENT ALLOCATION MAP

run origin  load origin   length   init length attrs members
----------  ----------- ---------- ----------- ----- -------
00000000    00000000    00006f00   00006f00    r-x
  00000000    00000000    0000011c   0000011c    r-- .intvecs
  0000011c    0000011c    00005e36   00005e36    r-x .text
  00005f54    00005f54    00000d93   00000d93    r-- .const
  00006ce8    00006ce8    00000218   00000218    r-- .cinit
20000000    20000000    0000629c   00000000    rw-
  20000000    20000000    0000629c   00000000    rw- .bss
2000629c    2000629c    0000053c   000002ba    rw-
  2000629c    2000629c    000002ba   000002ba    rw- .data
  20006558    20006558    00000280   00000000    rw- .stack


SECTION ALLOCATION MAP

 output                                  attributes/
section   page    origin      length       input sections
--------  ----  ----------  ----------   ----------------
.intvecs   0    00000000    0000011c     
                  00000000    0000011c     startup_ccs.obj (.intvecs)

.init_array 
*          0    00000000    00000000     UNINITIALIZED

.text      0    0000011c    00005e36     
                  0000011c    00000220     usblib-cm4f.lib : usbdmsc.obj (.text:HandleEndpoints)
                  0000033c    0000021e                     : usbdcomp.obj (.text:BuildCompositeDescriptor)
                  0000055a    00000002     startup_ccs.obj (.text:FaultISR)
                  0000055c    000001d8     driverlib-cm4f.lib : sysctl.obj (.text:SysCtlClockGet)
                  00000734    000001a4     load.obj (.text:process)
                  000008d8    00000188     usblib-cm4f.lib : usbdconfig.obj (.text:USBDeviceConfig)
                  00000a60    00000168     ff.obj (.text:auto_mount)
                  00000bc8    00000160     usblib-cm4f.lib : usbdenum.obj (.text:USBDEP0StateTxConfig)
                  00000d28    00000154     mmc-ek-lm4f232h5qd.obj (.text:disk_ioctl)
                  00000e7c    00000154     ff.obj (.text:f_read)
                  00000fd0    00000140     mmc-ek-lm4f232h5qd.obj (.text:disk_initialize)
                  00001110    0000013c     driverlib-cm4f.lib : sysctl.obj (.text:SysCtlClockSet)
                  0000124c    00000138     ff.obj (.text:f_open)
                  00001384    00000136     rtsv7M4_T_le_v4SPD16_eabi.lib : fd_div_t2.obj (.text)
                  000014ba    00000002     startup_ccs.obj (.text:IntDefaultHandler)
                  000014bc    00000130     load.obj (.text:load_init)
                  000015ec    00000120     ff.obj (.text:f_lseek)
                  0000170c    000000fc     rtsv7M4_T_le_v4SPD16_eabi.lib : fd_mul_t2.obj (.text)
                  00001808    000000f4     usblib-cm4f.lib : usbdenum.obj (.text:USBDCDInit)
                  000018fc    000000ec     dsplib-cm4f.lib : arm_cos_f32.obj (.text:arm_cos_f32)
                  000019e8    000000ec                     : arm_sin_f32.obj (.text:arm_sin_f32)
                  00001ad4    000000ec     load.obj (.text:do_work)
                  00001bc0    000000e4     usblib-cm4f.lib : usbdmsc.obj (.text:USBDSCSIRead10)
                  00001ca4    000000e0                     : usbdmsc.obj (.text:USBDSCSICommand)
                  00001d84    000000de     ff.obj (.text:make_dirfile)
                  00001e62    000000d8     ff.obj (.text:trace_path)
                  00001f3a    00000002     startup_ccs.obj (.text:NmiSR)
                  00001f3c    000000d4     usblib-cm4f.lib : usbdenum.obj (.text:USBDeviceEnumHandler)
                  00002010    000000d0                     : usbdenum.obj (.text:USBDGetDescriptor)
                  000020e0    000000d0     ff.obj (.text:put_cluster)
                  000021b0    000000c8     driverlib-cm4f.lib : gpio.obj (.text:GPIOPadConfigSet)
                  00002278    000000c4     ff.obj (.text:reserve_direntry)
                  0000233c    000000c0     usblib-cm4f.lib : usbdcdc.obj (.text:HandleRequests)
                  000023fc    000000bc                     : usbdcomp.obj (.text:USBDCompositeInit)
                  000024b8    000000bc                     : usbdconfig.obj (.text:USBDeviceConfigAlternate)
                  00002574    000000b8                     : usbdmsc.obj (.text:USBDSCSIWrite10)
                  0000262c    000000b8     mmc-ek-lm4f232h5qd.obj (.text:disk_write)
                  000026e4    000000b8     ff.obj (.text:get_cluster)
                  0000279c    000000b4     usblib-cm4f.lib : usbbuffer.obj (.text:HandleRxAvailable)
                  00002850    000000b0     usb_dev_serial.obj (.text:RxHandler)
                  00002900    000000b0     usblib-cm4f.lib : usbdmsc.obj (.text:USBDMSCCompositeInit)
                  000029b0    000000a4                     : usbdenum.obj (.text:USBDeviceIntHandlerInternal)
                  00002a54    000000a4     main.obj (.text:main)
                  00002af8    000000a2     usblib-cm4f.lib : usbbuffer.obj (.text:ScheduleNextTransmission)
                  00002b9a    00000002     --HOLE-- [fill = 0]
                  00002b9c    000000a0     filterGen.obj (.text:high_pass_filter)
                  00002c3c    0000009c     rtsv7M4_T_le_v4SPD16_eabi.lib : memcpy_t2.obj (.text)
                  00002cd8    0000009a     filterGen.obj (.text:generate_filter_coeffs)
                  00002d72    00000002     --HOLE-- [fill = 0]
                  00002d74    00000098     filterGen.obj (.text:low_pass_filter)
                  00002e0c    00000094     driverlib-cm4f.lib : sysctl.obj (.text:SysCtlPeripheralReset)
                  00002ea0    00000094     usblib-cm4f.lib : usbdcdc.obj (.text:USBDCDCCompositeInit)
                  00002f34    00000094     filterGen.obj (.text:bp_pass_filter)
                  00002fc8    00000094     mmc-ek-lm4f232h5qd.obj (.text:power_on)
                  0000305c    00000094     rtsv7M4_T_le_v4SPD16_eabi.lib : auto_init.obj (.text)
                  000030f0    00000090     mmc-ek-lm4f232h5qd.obj (.text:disk_read)
                  00003180    0000008e     usblib-cm4f.lib : usbdcdc.obj (.text:USBDCDCPacketRead)
                  0000320e    0000008c                     : usbdcdc.obj (.text:SendSerialState)
                  0000329a    00000002     --HOLE-- [fill = 0]
                  0000329c    0000008c                     : usbdmsc.obj (.text:USBDSCSIReadCapacities)
                  00003328    0000008c                     : usbdmsc.obj (.text:USBDSCSIReadCapacity)
                  000033b4    0000008c     filterGen.obj (.text:notch_filter)
                  00003440    00000088     usblib-cm4f.lib : usbdcdc.obj (.text:CDCTickHandler)
                  000034c8    00000088                     : usbdmsc.obj (.text:USBDSCSIInquiry)
                  00003550    00000086     ff.obj (.text:create_chain)
                  000035d6    00000002     --HOLE-- [fill = 0]
                  000035d8    00000084     usblib-cm4f.lib : usbdmsc.obj (.text:HandleDevice)
                  0000365c    00000084     dac.obj (.text:InitDACSSI)
                  000036e0    00000084     usblib-cm4f.lib : usbdenum.obj (.text:USBDClearFeature)
                  00003764    00000084                     : usbdmsc.obj (.text:USBDSCSIModeSense6)
                  000037e8    00000084                     : usbdenum.obj (.text:USBDSetConfiguration)
                  0000386c    00000084                     : usbdenum.obj (.text:USBDSetInterface)
                  000038f0    00000080     usb_dev_serial.obj (.text:SerialHandler)
                  00003970    00000080     driverlib-cm4f.lib : udma.obj (.text:uDMAChannelTransferSet)
                  000039f0    0000007c     usblib-cm4f.lib : usbdcomp.obj (.text:CompositeEPChange)
                  00003a6c    00000078                     : usbdenum.obj (.text:USBDGetStatus)
                  00003ae4    00000078     ff.obj (.text:move_window)
                  00003b5c    00000078     rtsv7M4_T_le_v4SPD16_eabi.lib : memset_t2.obj (.text)
                  00003bd4    00000076     driverlib-cm4f.lib : usb.obj (.text:USBDevEndpointConfigSet)
                  00003c4a    00000074     usblib-cm4f.lib : usbdcdc.obj (.text:HandleDevice)
                  00003cbe    00000002     --HOLE-- [fill = 0]
                  00003cc0    00000070                     : usbdmsc.obj (.text:ConfigChangeHandler)
                  00003d30    00000070     usbdsdcard.obj (.text:USBDMSCEventCallback)
                  00003da0    0000006c     usblib-cm4f.lib : usbdcdc.obj (.text:ProcessDataFromHost)
                  00003e0c    0000006c     usb_dev_serial.obj (.text:SerialMain)
                  00003e78    0000006c     usblib-cm4f.lib : usbdenum.obj (.text:USBDSetFeature)
                  00003ee4    00000068                     : usbdenum.obj (.text:USBDEP0StateTx)
                  00003f4c    00000064     driverlib-cm4f.lib : interrupt.obj (.text:IntEnable)
                  00003fb0    00000062     mmc-ek-lm4f232h5qd.obj (.text:send_cmd)
                  00004012    00000002     --HOLE-- [fill = 0]
                  00004014    00000060     cmdline.obj (.text:CmdLineProcess)
                  00004074    00000060     usblib-cm4f.lib : usbbuffer.obj (.text:USBBufferEventCallback)
                  000040d4    00000060                     : usbdmsc.obj (.text:USBDSCSIRequestSense)
                  00004134    00000060     usbdsdcard.obj (.text:composite_device_init)
                  00004194    0000005e     driverlib-cm4f.lib : usb.obj (.text:USBDevEndpointStatusClear)
                  000041f2    00000002     --HOLE-- [fill = 0]
                  000041f4    0000005e     ff.obj (.text:check_fs)
                  00004252    0000005e     rtsv7M4_T_le_v4SPD16_eabi.lib : copy_decompress_rle.obj (.text)
                  000042b0    0000005a     usblib-cm4f.lib : usbdcomp.obj (.text:GetDescriptor)
                  0000430a    0000005a                     : usbdcomp.obj (.text:HandleRequests)
                  00004364    00000058     dac.obj (.text:InitTimer0)
                  000043bc    00000058     driverlib-cm4f.lib : sysctl.obj (.text:SysCtlPeripheralEnable)
                  00004414    00000058     usblib-cm4f.lib : usbdenum.obj (.text:USBDReadAndDispatchRequest)
                  0000446c    00000058                     : usbdenum.obj (.text:USBDStringIndexFromRequest)
                  000044c4    00000056                     : usbdcdc.obj (.text:ProcessDataToHost)
                  0000451a    00000056     ff.obj (.text:next_dir_entry)
                  00004570    00000054     usblib-cm4f.lib : usbdconfig.obj (.text:GetEPDescriptorType)
                  000045c4    00000054     mmc-ek-lm4f232h5qd.obj (.text:send_initial_clock_train)
                  00004618    00000052     mmc-ek-lm4f232h5qd.obj (.text:xmit_datablock)
                  0000466a    00000050     usblib-cm4f.lib : usbdcdesc.obj (.text:USBDCDConfigDescGet)
                  000046ba    00000050     driverlib-cm4f.lib : usb.obj (.text:USBDevEndpointStallClear)
                  0000470a    00000002     --HOLE-- [fill = 0]
                  0000470c    00000050     load.obj (.text:load_set_one)
                  0000475c    00000050     load.obj (.text:load_set_two)
                  000047ac    00000050     mmc-ek-lm4f232h5qd.obj (.text:set_max_speed)
                  000047fc    0000004e     usblib-cm4f.lib : usbdcdesc.obj (.text:ConfigAlternateInterfaceGet)
                  0000484a    0000004e                     : usbdcdc.obj (.text:USBDCDCPacketWrite)
                  00004898    0000004c     usb_dev_serial.obj (.text:TxHandler)
                  000048e4    0000004c     rtsv7M4_T_le_v4SPD16_eabi.lib : cpy_tbl.obj (.text)
                  00004930    0000004a     usblib-cm4f.lib : usbdcdc.obj (.text:HandleEndpoints)
                  0000497a    0000004a     rtsv7M4_T_le_v4SPD16_eabi.lib : fd_tos_t2.obj (.text)
                  000049c4    00000048     driverlib-cm4f.lib : gpio.obj (.text:GPIOPinConfigure)
                  00004a0c    00000048     usblib-cm4f.lib : usbdenum.obj (.text:USBDeviceResumeTickHandler)
                  00004a54    00000048     mmc-ek-lm4f232h5qd.obj (.text:rcvr_datablock)
                  00004a9c    00000048     rtsv7M4_T_le_v4SPD16_eabi.lib : boot.obj (.text)
                  00004ae4    00000046     driverlib-cm4f.lib : usb.obj (.text:USBFIFOConfigSet)
                  00004b2a    00000044                        : ssi.obj (.text:SSIConfigSetExpClk)
                  00004b6e    00000002     --HOLE-- [fill = 0]
                  00004b70    00000044     usblib-cm4f.lib : usbdenum.obj (.text:USBDGetInterface)
                  00004bb4    00000044     driverlib-cm4f.lib : usb.obj (.text:USBEndpointDataGet)
                  00004bf8    00000044     usbdsdcard.obj (.text:msc_init)
                  00004c3c    00000044     load.obj (.text:playback_interrupt)
                  00004c80    00000044     ff.obj (.text:remove_chain)
                  00004cc4    00000044     rtsv7M4_T_le_v4SPD16_eabi.lib : exit.obj (.text)
                  00004d08    00000044     driverlib-cm4f.lib : udma.obj (.text:uDMAChannelAttributeDisable)
                  00004d4c    00000040     usb_dev_serial.obj (.text:CommandPrint)
                  00004d8c    00000040     usblib-cm4f.lib : usbdcdc.obj (.text:HandleEP0Data)
                  00004dcc    0000003e                     : usbdconfig.obj (.text:GetEndpointFIFOSize)
                  00004e0a    00000002     --HOLE-- [fill = 0]
                  00004e0c    0000003c     usbdsdcard.obj (.text:EventHandler)
                  00004e48    0000003c     usbdsdcard.obj (.text:enable_msc)
                  00004e84    0000003c     ff.obj (.text:f_mount)
                  00004ec0    0000003a     usblib-cm4f.lib : usbdcdesc.obj (.text:USBDCDConfigGetInterfaceEndpoint)
                  00004efa    00000038                     : usbdcdc.obj (.text:SendBreak)
                  00004f32    00000002     --HOLE-- [fill = 0]
                  00004f34    00000038     usb_dev_serial.obj (.text:SerialInit)
                  00004f6c    00000038     usblib-cm4f.lib : usbdenum.obj (.text:USBDGetConfiguration)
                  00004fa4    00000038     driverlib-cm4f.lib : usb.obj (.text:USBIntStatusControl)
                  00004fdc    00000036     usblib-cm4f.lib : usbdcdesc.obj (.text:NextConfigDescGet)
                  00005012    00000036     driverlib-cm4f.lib : usb.obj (.text:USBDevEndpointStall)
                  00005048    00000036     usblib-cm4f.lib : usbringbuf.obj (.text:USBRingBufAdvanceWrite)
                  0000507e    00000002     --HOLE-- [fill = 0]
                  00005080    00000034                     : usbtick.obj (.text:InternalUSBStartOfFrameTick)
                  000050b4    00000034                     : usbdmsc.obj (.text:USBDSCSISendStatus)
                  000050e8    00000032                     : usbdenum.obj (.text:USBDeviceEnumResetHandler)
                  0000511a    00000032     mmc-ek-lm4f232h5qd.obj (.text:send_cmd12)
                  0000514c    00000030     usblib-cm4f.lib : usbdcomp.obj (.text:HandleDisconnect)
                  0000517c    00000030                     : usbtick.obj (.text:InternalUSBTickInit)
                  000051ac    00000030                     : usbdcdc.obj (.text:ProcessNotificationToHost)
                  000051dc    00000030                     : usbdcomp.obj (.text:ResetHandler)
                  0000520c    00000030                     : usbdcomp.obj (.text:ResumeHandler)
                  0000523c    00000030                     : usbdcomp.obj (.text:SuspendHandler)
                  0000526c    00000030     usbdsdcard.obj (.text:USBDMSCStorageOpen)
                  0000529c    00000030     driverlib-cm4f.lib : usb.obj (.text:USBEndpointDataPut)
                  000052cc    0000002f     usb_dev_serial.obj (.text:Cmd_msc)
                  000052fb    00000001     --HOLE-- [fill = 0]
                  000052fc    0000002e     driverlib-cm4f.lib : gpio.obj (.text:GPIODirModeSet)
                  0000532a    0000002e     usblib-cm4f.lib : usbdcdc.obj (.text:USBDCDCRxPacketAvailable)
                  00005358    0000002e     driverlib-cm4f.lib : usb.obj (.text:USBEndpointDataSend)
                  00005386    0000002e     rtsv7M4_T_le_v4SPD16_eabi.lib : i_tofd_t2.obj (.text)
                  000053b4    0000002c     usblib-cm4f.lib : usbdcomp.obj (.text:EndpointToIndex)
                  000053e0    0000002c                     : usbdcomp.obj (.text:InterfaceChange)
                  0000540c    0000002c                     : usbtick.obj (.text:InternalUSBRegisterTickHandler)
                  00005438    0000002c                     : usbbuffer.obj (.text:USBBufferWrite)
                  00005464    0000002c                     : usbdcdesc.obj (.text:USBDCDConfigDescGetNum)
                  00005490    0000002c                     : usbdesc.obj (.text:USBDescGet)
                  000054bc    0000002c     driverlib-cm4f.lib : udma.obj (.text:uDMAChannelModeGet)
                  000054e8    00000028     usblib-cm4f.lib : usbdcomp.obj (.text:ConfigChangeHandler)
                  00005510    00000028                     : usbdcdc.obj (.text:HandleConfigChange)
                  00005538    00000028                     : usbdcomp.obj (.text:HandleEndpoints)
                  00005560    00000028                     : usbdesc.obj (.text:USBDescGetNum)
                  00005588    00000028     driverlib-cm4f.lib : usb.obj (.text:USBIntEnableControl)
                  000055b0    00000028     usblib-cm4f.lib : usbringbuf.obj (.text:UpdateIndexAtomic)
                  000055d8    00000028     adc.obj (.text:adc_interrupt)
                  00005600    00000028     mmc-ek-lm4f232h5qd.obj (.text:rcvr_spi)
                  00005628    00000024     usblib-cm4f.lib : usbbuffer.obj (.text:HandleRequestBuffer)
                  0000564c    00000024                     : usbdcomp.obj (.text:InterfaceToIndex)
                  00005670    00000024                     : usbdcdc.obj (.text:SendLineCodingChange)
                  00005694    00000024     main.obj (.text:SysTickHandler)
                  000056b8    00000024     usblib-cm4f.lib : usbbuffer.obj (.text:USBBufferRead)
                  000056dc    00000024                     : usbdenum.obj (.text:USBDSetAddress)
                  00005700    00000024     driverlib-cm4f.lib : usb.obj (.text:USBDevEndpointDataAck)
                  00005724    00000024                        : usb.obj (.text:USBEndpointDMADisable)
                  00005748    00000024                        : usb.obj (.text:USBEndpointDMAEnable)
                  0000576c    00000024     mmc-ek-lm4f232h5qd.obj (.text:disk_timerproc)
                  00005790    00000024     driverlib-cm4f.lib : udma.obj (.text:uDMAChannelControlSet)
                  000057b4    00000024     mmc-ek-lm4f232h5qd.obj (.text:xmit_spi)
                  000057d8    00000022     usblib-cm4f.lib : usbdmsc.obj (.text:HandleDisconnect)
                  000057fa    00000022                     : usbdcdc.obj (.text:SendLineStateChange)
                  0000581c    00000022     rtsv7M4_T_le_v4SPD16_eabi.lib : memcmp.obj (.text)
                  0000583e    00000020     driverlib-cm4f.lib : adc.obj (.text:ADCSequenceDataGet)
                  0000585e    00000020     usblib-cm4f.lib : usbdcdc.obj (.text:HandleDisconnect)
                  0000587e    00000002     --HOLE-- [fill = 0]
                  00005880    00000020                     : usbmode.obj (.text:USBStackModeSet)
                  000058a0    00000020     mmc-ek-lm4f232h5qd.obj (.text:wait_ready)
                  000058c0    0000001e     usblib-cm4f.lib : usbdcdc.obj (.text:CheckAndSendBreak)
                  000058de    0000001e                     : usbdcomp.obj (.text:DataReceived)
                  000058fc    0000001e                     : usbdcomp.obj (.text:DataSent)
                  0000591a    0000001e                     : usbbuffer.obj (.text:HandleDataRemaining)
                  00005938    0000001e     driverlib-cm4f.lib : usb.obj (.text:USBEndpointDataAvail)
                  00005956    0000001e     usblib-cm4f.lib : usbringbuf.obj (.text:USBRingBufAdvanceRead)
                  00005974    0000001c                     : usbdmsc.obj (.text:HandleRequests)
                  00005990    0000001c                     : usbdcdc.obj (.text:SetDeferredOpFlag)
                  000059ac    0000001c                     : usbdcdesc.obj (.text:USBDCDConfigGetInterface)
                  000059c8    0000001c                     : usbdenum.obj (.text:USBDCDStallEP0)
                  000059e4    0000001c                     : usbringbuf.obj (.text:USBRingBufContigFree)
                  00005a00    0000001c     usbdsdcard.obj (.text:disable_msc)
                  00005a1c    0000001c     load.obj (.text:push_output)
                  00005a38    0000001c     ff.obj (.text:validate)
                  00005a54    0000001a     usblib-cm4f.lib : usbdcomp.obj (.text:CompositeIfaceChange)
                  00005a6e    0000001a                     : usbdcdc.obj (.text:DeviceConsumedAllData)
                  00005a88    0000001a     driverlib-cm4f.lib : usb.obj (.text:USBEndpointDMAChannel)
                  00005aa2    0000001a     usblib-cm4f.lib : usbringbuf.obj (.text:USBRingBufRead)
                  00005abc    0000001a                     : usbringbuf.obj (.text:USBRingBufReadOne)
                  00005ad6    0000001a                     : usbringbuf.obj (.text:USBRingBufWrite)
                  00005af0    0000001a     ff.obj (.text:clust2sect)
                  00005b0a    00000002     --HOLE-- [fill = 0]
                  00005b0c    00000018     mmc-ek-lm4f232h5qd.obj (.text:DESELECT)
                  00005b24    00000018     mmc-ek-lm4f232h5qd.obj (.text:SELECT)
                  00005b3c    00000018     usblib-cm4f.lib : usbdhandler.obj (.text:USB0DeviceIntHandler)
                  00005b54    00000018                     : usbdcdesc.obj (.text:USBDCDConfigDescGetSize)
                  00005b6c    00000018                     : usbdmsc.obj (.text:USBDMSCInit)
                  00005b84    00000018                     : usbdenum.obj (.text:USBDSetDescriptor)
                  00005b9c    00000018                     : usbdenum.obj (.text:USBDSyncFrame)
                  00005bb4    00000018     rtsv7M4_T_le_v4SPD16_eabi.lib : _lock.obj (.text)
                  00005bcc    00000018                                   : args_main.obj (.text)
                  00005be4    00000018                                   : strcmp.obj (.text)
                  00005bfc    00000018     driverlib-cm4f.lib : udma.obj (.text:uDMAChannelEnable)
                  00005c14    00000017     main.obj (.text:errorLoop)
                  00005c2b    00000001     --HOLE-- [fill = 0]
                  00005c2c    00000016     usblib-cm4f.lib : usbdcdc.obj (.text:CheckAndSendLineCodingChange)
                  00005c42    00000016                     : usbdcdc.obj (.text:CheckAndSendLineStateChange)
                  00005c58    00000016                     : usbbuffer.obj (.text:USBBufferInit)
                  00005c6e    00000016     usbdsdcard.obj (.text:USBDMSCStorageRead)
                  00005c84    00000016     usbdsdcard.obj (.text:USBDMSCStorageWrite)
                  00005c9a    00000016     driverlib-cm4f.lib : usb.obj (.text:USBHostResume)
                  00005cb0    00000016                        : usb.obj (.text:USBIndexWrite)
                  00005cc6    00000016     usblib-cm4f.lib : usbringbuf.obj (.text:USBRingBufUsed)
                  00005cdc    00000014                     : usbdenum.obj (.text:USBDCDRequestDataEP0)
                  00005cf0    00000014     driverlib-cm4f.lib : usb.obj (.text:USBIntEnableEndpoint)
                  00005d04    00000014     usblib-cm4f.lib : usbringbuf.obj (.text:USBRingBufContigUsed)
                  00005d18    00000014                     : usbringbuf.obj (.text:USBRingBufFlush)
                  00005d2c    00000014     load.obj (.text:test)
                  00005d40    00000012     driverlib-cm4f.lib : gpio.obj (.text:GPIOPinTypeGPIOOutput)
                  00005d52    00000012                        : gpio.obj (.text:GPIOPinTypeSSI)
                  00005d64    00000012     usblib-cm4f.lib : usbdcdc.obj (.text:HandleResume)
                  00005d76    00000012                     : usbdcdc.obj (.text:HandleSuspend)
                  00005d88    00000012                     : usbbuffer.obj (.text:HandleTxComplete)
                  00005d9a    00000012     driverlib-cm4f.lib : ssi.obj (.text:SSIDataGetNonBlocking)
                  00005dac    00000012                        : usb.obj (.text:USBEndpointStatus)
                  00005dbe    00000012     usblib-cm4f.lib : usbringbuf.obj (.text:USBRingBufFree)
                  00005dd0    00000012                     : usbringbuf.obj (.text:USBRingBufWriteOne)
                  00005de2    00000012     rtsv7M4_T_le_v4SPD16_eabi.lib : copy_zero_init.obj (.text:decompress:ZI)
                  00005df4    00000010     driverlib-cm4f.lib : sysctl.obj (.text:SysCtlUSBPLLEnable)
                  00005e04    00000010     usblib-cm4f.lib : usbdcdc.obj (.text:USBDCDCTxPacketAvailable)
                  00005e14    00000010                     : usbdenum.obj (.text:USBDCDSendDataEP0)
                  00005e24    00000010     usbdsdcard.obj (.text:USBDMSCStorageNumBlocks)
                  00005e34    00000010     dac.obj (.text:dac_init)
                  00005e44    00000010     mmc-ek-lm4f232h5qd.obj (.text:disk_status)
                  00005e54    0000000e     rtsv7M4_T_le_v4SPD16_eabi.lib : copy_decompress_none.obj (.text:decompress:none)
                  00005e62    0000000c     driverlib-cm4f.lib : cpu.obj (.text:CPUcpsid)
                  00005e6e    0000000c                        : cpu.obj (.text:CPUcpsie)
                  00005e7a    00000002     --HOLE-- [fill = 0]
                  00005e7c    0000000c     usbdsdcard.obj (.text:USBDMSCStorageClose)
                  00005e88    0000000c     driverlib-cm4f.lib : usb.obj (.text:USBIntStatusEndpoint)
                  00005e94    0000000c     usblib-cm4f.lib : usbringbuf.obj (.text:USBRingBufInit)
                  00005ea0    0000000c     buffer.obj (.text:buffer_init)
                  00005eac    0000000c     mmc-ek-lm4f232h5qd.obj (.text:power_off)
                  00005eb8    0000000c     mmc-ek-lm4f232h5qd.obj (.text:rcvr_spi_m)
                  00005ec4    0000000a     driverlib-cm4f.lib : adc.obj (.text:ADCIntClear)
                  00005ece    0000000a                        : interrupt.obj (.text:IntMasterDisable)
                  00005ed8    0000000a                        : interrupt.obj (.text:IntMasterEnable)
                  00005ee2    0000000a                        : ssi.obj (.text:SSIDataPut)
                  00005eec    0000000a                        : ssi.obj (.text:SSIEnable)
                  00005ef6    0000000a                        : usb.obj (.text:USBDevConnect)
                  00005f00    0000000a                        : usb.obj (.text:USBDevDisconnect)
                  00005f0a    00000008                        : usb.obj (.text:USBDevMode)
                  00005f12    00000008                        : usb.obj (.text:USBFIFOAddrGet)
                  00005f1a    00000008                        : usb.obj (.text:USBOTGMode)
                  00005f22    00000002     --HOLE-- [fill = 0]
                  00005f24    00000008     mmc-ek-lm4f232h5qd.obj (.text:get_fattime)
                  00005f2c    00000006     startup_ccs.obj (.text:ResetISR)
                  00005f32    00000006     driverlib-cm4f.lib : sysctl.obj (.text:SysCtlDelay)
                  00005f38    00000006     usblib-cm4f.lib : usbbuffer.obj (.text:USBBufferFlush)
                  00005f3e    00000006                     : usbbuffer.obj (.text:USBBufferSpaceAvailable)
                  00005f44    00000006     rtsv7M4_T_le_v4SPD16_eabi.lib : copy_decompress_rle.obj (.text:decompress:rle24)
                  00005f4a    00000004     driverlib-cm4f.lib : timer.obj (.text:TimerIntClear)
                  00005f4e    00000004                        : usb.obj (.text:USBDevAddrSet)

.const     0    00005f54    00000d93     
                  00005f54    00000410     dsplib-cm4f.lib : arm_cos_f32.obj (.const:cosTable)
                  00006364    0000040c                     : arm_sin_f32.obj (.const:sinTable)
                  00006770    00000088     load.obj (.const:.string)
                  000067f8    00000078     driverlib-cm4f.lib : gpio.obj (.const:g_pulGPIOBaseAddrs)
                  00006870    00000078     usblib-cm4f.lib : usbdenum.obj (.const:g_sUSBDefaultFIFOConfig)
                  000068e8    00000078                     : usbdmsc.obj (.const:g_sUSBMSCFIFOConfig)
                  00006960    00000070     driverlib-cm4f.lib : interrupt.obj (.const)
                  000069d0    0000006c                        : sysctl.obj (.const:g_pulXtals)
                  00006a3c    00000056     usb_structs.obj (.const:g_pProductString)
                  00006a92    00000002     --HOLE-- [fill = 0]
                  00006a94    00000050     usblib-cm4f.lib : usbdcdc.obj (.const)
                  00006ae4    00000048     usb_structs.obj (.const:g_sMSCDevice)
                  00006b2c    00000040     driverlib-cm4f.lib : sysctl.obj (.const)
                  00006b6c    00000035     usblib-cm4f.lib : usbdmsc.obj (.const)
                  00006ba1    00000003     --HOLE-- [fill = 0]
                  00006ba4    00000034                     : usbdenum.obj (.const:g_psUSBDStdRequests)
                  00006bd8    0000002c     usb_structs.obj (.const:g_sCDCDevice)
                  00006c04    00000028     usb_structs.obj (.const)
                  00006c2c    00000024     usb_structs.obj (.const:g_pManufacturerString)
                  00006c50    00000024     usb_structs.obj (.const:g_sRxBuffer)
                  00006c74    00000024     usb_structs.obj (.const:g_sTxBuffer)
                  00006c98    00000023     usblib-cm4f.lib : usbdcdc.obj (.const:g_pCDCSerCommInterface)
                  00006cbb    00000001     --HOLE-- [fill = 0]
                  00006cbc    0000001a     usb_dev_serial.obj (.const:.string)
                  00006cd6    00000002     --HOLE-- [fill = 0]
                  00006cd8    00000009     usblib-cm4f.lib : usbdcomp.obj (.const)
                  00006ce1    00000003     --HOLE-- [fill = 0]
                  00006ce4    00000003     usb_dev_serial.obj (.const)

.cinit     0    00006ce8    00000218     
                  00006ce8    000001f1     (.cinit..data.load) [load image, compression = rle]
                  00006ed9    00000003     --HOLE-- [fill = 0]
                  00006edc    0000000c     (__TI_handler_table)
                  00006ee8    00000008     (.cinit..bss.load) [load image, compression = zero_init]
                  00006ef0    00000010     (__TI_cinit_table)

.bss       0    20000000    0000629c     UNINITIALIZED
                  20000000    00004000     load.obj (.bss:outputBuf)
                  20004000    00000808     load.obj (.bss:outputBuffer)
                  20004808    00000448     load.obj (.bss:buttonFiles)
                  20004c50    00000230     usb_structs.obj (.bss:g_sMSCInstance)
                  20004e80    00000100     usb_structs.obj (.bss:g_pcUSBRxBuffer)
                  20004f80    00000064     usbdsdcard.obj (.bss:g_pucDescriptorData)
                  20004fe4    00000018     usbdsdcard.obj (.bss)
                  20004ffc    00000004     usb_dev_serial.obj (.bss)
                  20005000    00000400     usbdsdcard.obj (.bss:sDMAControlTable)
                  20005400    0000022c     main.obj (.bss:g_sFatFs)
                  2000562c    00000224     load.obj (.bss:inputRead)
                  20005850    00000224     load.obj (.bss:inputWrite)
                  20005a74    00000224     load.obj (.bss:outputRead)
                  20005c98    00000224     load.obj (.bss:outputWrite)
                  20005ebc    00000100     usb_structs.obj (.bss:g_pcUSBTxBuffer)
                  20005fbc    00000088     load.obj (.bss)
                  20006044    00000054     usblib-cm4f.lib : usbdenum.obj (.bss:g_psUSBDevice)
                  20006098    00000050     usb_structs.obj (.bss:g_CompInstance)
                  200060e8    00000040     usb_dev_serial.obj (.bss:g_pcCmdBuf)
                  20006128    00000040     usblib-cm4f.lib : usbdmsc.obj (.bss:g_pucCommand)
                  20006168    00000040                     : usbdenum.obj (.bss:g_pucDataBufferIn)
                  200061a8    00000038     usb_structs.obj (.bss)
                  200061e0    00000030     usblib-cm4f.lib : usbtick.obj (.bss)
                  20006210    0000002c     usb_structs.obj (.bss:g_sCDCInstance)
                  2000623c    00000024     cmdline.obj (.bss:argv$1)
                  20006260    00000010     main.obj (.bss)
                  20006270    0000000d     usblib-cm4f.lib : usbdmsc.obj (.bss)
                  2000627d    00000003     mmc-ek-lm4f232h5qd.obj (.bss)
                  20006280    0000000c     usblib-cm4f.lib : usbmode.obj (.bss)
                  2000628c    0000000a     ff.obj (.bss)
                  20006296    00000002     --HOLE--
                  20006298    00000004     usblib-cm4f.lib : usbdcomp.obj (.bss)

.data      0    2000629c    000002ba     
                  2000629c    00000078     usblib-cm4f.lib : usbdcomp.obj (.data:g_sUSBCompositeFIFOConfig)
                  20006314    0000004c                     : usbdcdc.obj (.data:g_sCDCSerDeviceInfo)
                  20006360    0000004c                     : usbdcomp.obj (.data:g_sCompositeDeviceInfo)
                  200063ac    0000004c                     : usbdmsc.obj (.data:g_sMSCDeviceInfo)
                  200063f8    00000040     load.obj (.data:files)
                  20006438    00000040     usblib-cm4f.lib : usbdcdc.obj (.data)
                  20006478    00000024     usb_structs.obj (.data:g_sCompDevice)
                  2000649c    00000024     usblib-cm4f.lib : usbdmsc.obj (.data)
                  200064c0    00000020     usb_dev_serial.obj (.data)
                  200064e0    00000018     load.obj (.data)
                  200064f8    00000012     usblib-cm4f.lib : usbdcomp.obj (.data)
                  2000650a    00000002     --HOLE--
                  2000650c    00000010     usb_structs.obj (.data)
                  2000651c    0000000c     usblib-cm4f.lib : usbtick.obj (.data)
                  20006528    00000009                     : usbmode.obj (.data)
                  20006531    00000003     --HOLE--
                  20006534    00000008     rtsv7M4_T_le_v4SPD16_eabi.lib : _lock.obj (.data)
                  2000653c    00000008                                   : exit.obj (.data)
                  20006544    00000008     usbdsdcard.obj (.data)
                  2000654c    00000004     rtsv7M4_T_le_v4SPD16_eabi.lib : stkdepth_vars.obj (.data)
                  20006550    00000004     usblib-cm4f.lib : usbdenum.obj (.data)
                  20006554    00000002     mmc-ek-lm4f232h5qd.obj (.data)

.stack     0    20006558    00000280     UNINITIALIZED
                  20006558    00000280     --HOLE--


LINKER GENERATED COPY TABLES

__TI_cinit_table @ 00006ef0 records: 2, size/record: 8, table size: 16
	.data: load addr=00006ce8, load size=000001f1 bytes, run addr=2000629c, run size=000002ba bytes, compression=rle
	.bss: load addr=00006ee8, load size=00000008 bytes, run addr=20000000, run size=0000629c bytes, compression=zero_init


LINKER GENERATED HANDLER TABLE

__TI_handler_table @ 00006edc records: 3, size/record: 4, table size: 12
	index: 0, handler: __TI_decompress_rle24
	index: 1, handler: __TI_decompress_none
	index: 2, handler: __TI_zero_init


GLOBAL SYMBOLS: SORTED ALPHABETICALLY BY Name 

address    name
--------   ----
00005ec5   ADCIntClear
0000583f   ADCSequenceDataGet
0000033d   BuildCompositeDescriptor
00004cc5   C$$EXIT
00005e63   CPUcpsid
00005e6f   CPUcpsie
00004015   CmdLineProcess
000052cd   Cmd_msc
00004d4d   CommandPrint
00004e0d   EventHandler
000052fd   GPIODirModeSet
000021b1   GPIOPadConfigSet
000049c5   GPIOPinConfigure
00005d41   GPIOPinTypeGPIOOutput
00005d53   GPIOPinTypeSSI
0000365d   InitDACSSI
00004365   InitTimer0
00003f4d   IntEnable
00005ecf   IntMasterDisable
00005ed9   IntMasterEnable
0000540d   InternalUSBRegisterTickHandler
00005081   InternalUSBStartOfFrameTick
0000517d   InternalUSBTickInit
00003da1   ProcessDataFromHost
000044c5   ProcessDataToHost
000051ad   ProcessNotificationToHost
00005f2d   ResetISR
00002851   RxHandler
UNDEFED    SHT$$INIT_ARRAY$$Base
UNDEFED    SHT$$INIT_ARRAY$$Limit
00004b2b   SSIConfigSetExpClk
00005d9b   SSIDataGetNonBlocking
00005ee3   SSIDataPut
00005eed   SSIEnable
000038f1   SerialHandler
00004f35   SerialInit
00003e0d   SerialMain
0000055d   SysCtlClockGet
00001111   SysCtlClockSet
00005f33   SysCtlDelay
000043bd   SysCtlPeripheralEnable
00002e0d   SysCtlPeripheralReset
00005df5   SysCtlUSBPLLEnable
00005695   SysTickHandler
00005f4b   TimerIntClear
00004899   TxHandler
00005b3d   USB0DeviceIntHandler
00004075   USBBufferEventCallback
00005f39   USBBufferFlush
00005c59   USBBufferInit
000056b9   USBBufferRead
00005f3f   USBBufferSpaceAvailable
00005439   USBBufferWrite
00002ea1   USBDCDCCompositeInit
00003181   USBDCDCPacketRead
0000484b   USBDCDCPacketWrite
0000532b   USBDCDCRxPacketAvailable
00005e05   USBDCDCTxPacketAvailable
0000466b   USBDCDConfigDescGet
00005465   USBDCDConfigDescGetNum
00005b55   USBDCDConfigDescGetSize
000059ad   USBDCDConfigGetInterface
00004ec1   USBDCDConfigGetInterfaceEndpoint
00001809   USBDCDInit
00005cdd   USBDCDRequestDataEP0
00005e15   USBDCDSendDataEP0
000059c9   USBDCDStallEP0
000023fd   USBDCompositeInit
00002901   USBDMSCCompositeInit
00003d31   USBDMSCEventCallback
00005b6d   USBDMSCInit
00005e7d   USBDMSCStorageClose
00005e25   USBDMSCStorageNumBlocks
0000526d   USBDMSCStorageOpen
00005c6f   USBDMSCStorageRead
00005c85   USBDMSCStorageWrite
00001ca5   USBDSCSICommand
00005491   USBDescGet
00005561   USBDescGetNum
00005f4f   USBDevAddrSet
00005ef7   USBDevConnect
00005f01   USBDevDisconnect
00003bd5   USBDevEndpointConfigSet
00005701   USBDevEndpointDataAck
00005013   USBDevEndpointStall
000046bb   USBDevEndpointStallClear
00004195   USBDevEndpointStatusClear
00005f0b   USBDevMode
000008d9   USBDeviceConfig
000024b9   USBDeviceConfigAlternate
00001f3d   USBDeviceEnumHandler
000050e9   USBDeviceEnumResetHandler
000029b1   USBDeviceIntHandlerInternal
00004a0d   USBDeviceResumeTickHandler
00005a89   USBEndpointDMAChannel
00005725   USBEndpointDMADisable
00005749   USBEndpointDMAEnable
00005939   USBEndpointDataAvail
00004bb5   USBEndpointDataGet
0000529d   USBEndpointDataPut
00005359   USBEndpointDataSend
00005dad   USBEndpointStatus
00005f13   USBFIFOAddrGet
00004ae5   USBFIFOConfigSet
00005c9b   USBHostResume
00005589   USBIntEnableControl
00005cf1   USBIntEnableEndpoint
00004fa5   USBIntStatusControl
00005e89   USBIntStatusEndpoint
00005f1b   USBOTGMode
00005957   USBRingBufAdvanceRead
00005049   USBRingBufAdvanceWrite
000059e5   USBRingBufContigFree
00005d05   USBRingBufContigUsed
00005d19   USBRingBufFlush
00005dbf   USBRingBufFree
00005e95   USBRingBufInit
00005aa3   USBRingBufRead
00005abd   USBRingBufReadOne
00005cc7   USBRingBufUsed
00005ad7   USBRingBufWrite
00005dd1   USBRingBufWriteOne
00005881   USBStackModeSet
200067d8   __STACK_END
00000280   __STACK_SIZE
200067d8   __STACK_TOP
00006ef0   __TI_CINIT_Base
00006f00   __TI_CINIT_Limit
00006edc   __TI_Handler_Table_Base
00006ee8   __TI_Handler_Table_Limit
00000001   __TI_args_main
0000305d   __TI_auto_init
00005e55   __TI_decompress_none
00005f45   __TI_decompress_rle24
00000000   __TI_static_base__
00005de3   __TI_zero_init
0000497b   __aeabi_d2f
00001385   __aeabi_ddiv
0000170d   __aeabi_dmul
00005387   __aeabi_i2d
00003b5d   __aeabi_memclr
00003b5d   __aeabi_memclr4
00003b5d   __aeabi_memclr8
00002c3d   __aeabi_memcpy
00002c3d   __aeabi_memcpy4
00002c3d   __aeabi_memcpy8
00003b5f   __aeabi_memset
00003b5f   __aeabi_memset4
00003b5f   __aeabi_memset8
ffffffff   __binit__
ffffffff   __c_args__
20006558   __stack
00005bcd   _args_main
00004a9d   _c_int00
2000653c   _cleanup_ptr
20006540   _dtors_ptr
20006534   _lock
00005bc1   _nop
00005bbb   _register_lock
00005bb5   _register_unlock
20006538   _unlock
2000602c   a
00004cc9   abort
000055d9   adc_interrupt
000018fd   arm_cos_f32
000019e9   arm_sin_f32
20006038   b
20004fe8   backUpCompDevices
ffffffff   binit
00002f35   bp_pass_filter
20006268   br
00005ea1   buffer_init
2000626c   bw
00004135   composite_device_init
000048e5   copy_in
00005e35   dac_init
00005a01   disable_msc
00000fd1   disk_initialize
00000d29   disk_ioctl
000030f1   disk_read
00005e45   disk_status
0000576d   disk_timerproc
0000262d   disk_write
00001ad5   do_work
00004e49   enable_msc
00005c15   errorLoop
00004cd1   exit
000015ed   f_lseek
00004e85   f_mount
0000124d   f_open
00000e7d   f_read
20006098   g_CompInstance
2000651c   g_bUSBTimerInitialized
20004ff0   g_eMSCState
20006284   g_eOTGModeState
20006528   g_eUSBMode
00006ae0   g_pCDCCompSerConfigDescriptors
00006c98   g_pCDCSerCommInterface
00006adc   g_pCDCSerConfigDescriptors
00006aac   g_pCDCSerDataInterface
2000644a   g_pCDCSerDescriptor
20006438   g_pCDCSerDeviceDescriptor
20006298   g_pCompConfigDescriptors
20006453   g_pIADSerDescriptor
00006c04   g_pLangDescriptor
00006b9c   g_pMSCConfigDescriptors
00006b6c   g_pMSCInterface
00006c2c   g_pManufacturerString
00006a3c   g_pProductString
00006c08   g_pSerialNumberString
00006c1c   g_pStringDescriptors
20004e80   g_pcUSBRxBuffer
20005ebc   g_pcUSBTxBuffer
200061e0   g_pfTickHandlers
00000000   g_pfnVectors
20006468   g_psCDCCompSerSections
2000645c   g_psCDCSerSections
2000650c   g_psCompDevices
200064b8   g_psMSCSections
20006044   g_psUSBDevice
20004f80   g_pucDescriptorData
200061a8   g_pucRxBufferWorkspace
200061c0   g_pucTxBufferWorkspace
200061d8   g_pulCompWorkspace
200061f8   g_pvTickInstance
00006ad4   g_sCDCCompSerConfigHeader
00006bd8   g_sCDCDevice
20006210   g_sCDCInstance
00006aa4   g_sCDCSerCommInterfaceSection
00006acc   g_sCDCSerConfigHeader
00006a94   g_sCDCSerConfigSection
00006ac4   g_sCDCSerDataInterfaceSection
20006314   g_sCDCSerDeviceInfo
200064c8   g_sCmdTable
20006478   g_sCompDevice
20006360   g_sCompositeDeviceInfo
20004ff4   g_sDriveInformation
20005400   g_sFatFs
00006a9c   g_sIADSerConfigSection
200064c0   g_sLineCoding
00006b94   g_sMSCConfigHeader
00006b84   g_sMSCConfigSection
00006ae4   g_sMSCDevice
200063ac   g_sMSCDeviceInfo
20004c50   g_sMSCInstance
00006b8c   g_sMSCInterfaceSection
00006c50   g_sRxBuffer
00006c74   g_sTxBuffer
2000629c   g_sUSBCompositeFIFOConfig
00006870   g_sUSBDefaultFIFOConfig
000068e8   g_sUSBMSCFIFOConfig
20006520   g_ulCurrentUSBTick
20004ff8   g_ulFlags
20004fe4   g_ulIdleTimeout
20006280   g_ulPollRate
20006260   g_ulSysTickCount
20006524   g_ulUSBSOFCount
2000652c   g_ulWaitTicks
00002cd9   generate_filter_coeffs
00005f25   get_fattime
00002b9d   high_pass_filter
200064e4   i
000014bd   load_init
0000470d   load_set_one
0000475d   load_set_two
00002d75   low_pass_filter
00002a55   main
2000654c   main_func_sp
0000581d   memcmp
00002c3d   memcpy
00003b65   memset
00004bf9   msc_init
000033b5   notch_filter
00004c3d   playback_interrupt
00000735   process
00005a1d   push_output
200064e0   pushed
20006264   res
20005000   sDMAControlTable
20006544   store
00005be5   strcmp
00005d2d   test
20006548   transfer
00004d09   uDMAChannelAttributeDisable
00005791   uDMAChannelControlSet
00005bfd   uDMAChannelEnable
000054bd   uDMAChannelModeGet
00003971   uDMAChannelTransferSet


GLOBAL SYMBOLS: SORTED BY Symbol Address 

address    name
--------   ----
00000000   __TI_static_base__
00000000   g_pfnVectors
00000001   __TI_args_main
00000280   __STACK_SIZE
0000033d   BuildCompositeDescriptor
0000055d   SysCtlClockGet
00000735   process
000008d9   USBDeviceConfig
00000d29   disk_ioctl
00000e7d   f_read
00000fd1   disk_initialize
00001111   SysCtlClockSet
0000124d   f_open
00001385   __aeabi_ddiv
000014bd   load_init
000015ed   f_lseek
0000170d   __aeabi_dmul
00001809   USBDCDInit
000018fd   arm_cos_f32
000019e9   arm_sin_f32
00001ad5   do_work
00001ca5   USBDSCSICommand
00001f3d   USBDeviceEnumHandler
000021b1   GPIOPadConfigSet
000023fd   USBDCompositeInit
000024b9   USBDeviceConfigAlternate
0000262d   disk_write
00002851   RxHandler
00002901   USBDMSCCompositeInit
000029b1   USBDeviceIntHandlerInternal
00002a55   main
00002b9d   high_pass_filter
00002c3d   __aeabi_memcpy
00002c3d   __aeabi_memcpy4
00002c3d   __aeabi_memcpy8
00002c3d   memcpy
00002cd9   generate_filter_coeffs
00002d75   low_pass_filter
00002e0d   SysCtlPeripheralReset
00002ea1   USBDCDCCompositeInit
00002f35   bp_pass_filter
0000305d   __TI_auto_init
000030f1   disk_read
00003181   USBDCDCPacketRead
000033b5   notch_filter
0000365d   InitDACSSI
000038f1   SerialHandler
00003971   uDMAChannelTransferSet
00003b5d   __aeabi_memclr
00003b5d   __aeabi_memclr4
00003b5d   __aeabi_memclr8
00003b5f   __aeabi_memset
00003b5f   __aeabi_memset4
00003b5f   __aeabi_memset8
00003b65   memset
00003bd5   USBDevEndpointConfigSet
00003d31   USBDMSCEventCallback
00003da1   ProcessDataFromHost
00003e0d   SerialMain
00003f4d   IntEnable
00004015   CmdLineProcess
00004075   USBBufferEventCallback
00004135   composite_device_init
00004195   USBDevEndpointStatusClear
00004365   InitTimer0
000043bd   SysCtlPeripheralEnable
000044c5   ProcessDataToHost
0000466b   USBDCDConfigDescGet
000046bb   USBDevEndpointStallClear
0000470d   load_set_one
0000475d   load_set_two
0000484b   USBDCDCPacketWrite
00004899   TxHandler
000048e5   copy_in
0000497b   __aeabi_d2f
000049c5   GPIOPinConfigure
00004a0d   USBDeviceResumeTickHandler
00004a9d   _c_int00
00004ae5   USBFIFOConfigSet
00004b2b   SSIConfigSetExpClk
00004bb5   USBEndpointDataGet
00004bf9   msc_init
00004c3d   playback_interrupt
00004cc5   C$$EXIT
00004cc9   abort
00004cd1   exit
00004d09   uDMAChannelAttributeDisable
00004d4d   CommandPrint
00004e0d   EventHandler
00004e49   enable_msc
00004e85   f_mount
00004ec1   USBDCDConfigGetInterfaceEndpoint
00004f35   SerialInit
00004fa5   USBIntStatusControl
00005013   USBDevEndpointStall
00005049   USBRingBufAdvanceWrite
00005081   InternalUSBStartOfFrameTick
000050e9   USBDeviceEnumResetHandler
0000517d   InternalUSBTickInit
000051ad   ProcessNotificationToHost
0000526d   USBDMSCStorageOpen
0000529d   USBEndpointDataPut
000052cd   Cmd_msc
000052fd   GPIODirModeSet
0000532b   USBDCDCRxPacketAvailable
00005359   USBEndpointDataSend
00005387   __aeabi_i2d
0000540d   InternalUSBRegisterTickHandler
00005439   USBBufferWrite
00005465   USBDCDConfigDescGetNum
00005491   USBDescGet
000054bd   uDMAChannelModeGet
00005561   USBDescGetNum
00005589   USBIntEnableControl
000055d9   adc_interrupt
00005695   SysTickHandler
000056b9   USBBufferRead
00005701   USBDevEndpointDataAck
00005725   USBEndpointDMADisable
00005749   USBEndpointDMAEnable
0000576d   disk_timerproc
00005791   uDMAChannelControlSet
0000581d   memcmp
0000583f   ADCSequenceDataGet
00005881   USBStackModeSet
00005939   USBEndpointDataAvail
00005957   USBRingBufAdvanceRead
000059ad   USBDCDConfigGetInterface
000059c9   USBDCDStallEP0
000059e5   USBRingBufContigFree
00005a01   disable_msc
00005a1d   push_output
00005a89   USBEndpointDMAChannel
00005aa3   USBRingBufRead
00005abd   USBRingBufReadOne
00005ad7   USBRingBufWrite
00005b3d   USB0DeviceIntHandler
00005b55   USBDCDConfigDescGetSize
00005b6d   USBDMSCInit
00005bb5   _register_unlock
00005bbb   _register_lock
00005bc1   _nop
00005bcd   _args_main
00005be5   strcmp
00005bfd   uDMAChannelEnable
00005c15   errorLoop
00005c59   USBBufferInit
00005c6f   USBDMSCStorageRead
00005c85   USBDMSCStorageWrite
00005c9b   USBHostResume
00005cc7   USBRingBufUsed
00005cdd   USBDCDRequestDataEP0
00005cf1   USBIntEnableEndpoint
00005d05   USBRingBufContigUsed
00005d19   USBRingBufFlush
00005d2d   test
00005d41   GPIOPinTypeGPIOOutput
00005d53   GPIOPinTypeSSI
00005d9b   SSIDataGetNonBlocking
00005dad   USBEndpointStatus
00005dbf   USBRingBufFree
00005dd1   USBRingBufWriteOne
00005de3   __TI_zero_init
00005df5   SysCtlUSBPLLEnable
00005e05   USBDCDCTxPacketAvailable
00005e15   USBDCDSendDataEP0
00005e25   USBDMSCStorageNumBlocks
00005e35   dac_init
00005e45   disk_status
00005e55   __TI_decompress_none
00005e63   CPUcpsid
00005e6f   CPUcpsie
00005e7d   USBDMSCStorageClose
00005e89   USBIntStatusEndpoint
00005e95   USBRingBufInit
00005ea1   buffer_init
00005ec5   ADCIntClear
00005ecf   IntMasterDisable
00005ed9   IntMasterEnable
00005ee3   SSIDataPut
00005eed   SSIEnable
00005ef7   USBDevConnect
00005f01   USBDevDisconnect
00005f0b   USBDevMode
00005f13   USBFIFOAddrGet
00005f1b   USBOTGMode
00005f25   get_fattime
00005f2d   ResetISR
00005f33   SysCtlDelay
00005f39   USBBufferFlush
00005f3f   USBBufferSpaceAvailable
00005f45   __TI_decompress_rle24
00005f4b   TimerIntClear
00005f4f   USBDevAddrSet
00006870   g_sUSBDefaultFIFOConfig
000068e8   g_sUSBMSCFIFOConfig
00006a3c   g_pProductString
00006a94   g_sCDCSerConfigSection
00006a9c   g_sIADSerConfigSection
00006aa4   g_sCDCSerCommInterfaceSection
00006aac   g_pCDCSerDataInterface
00006ac4   g_sCDCSerDataInterfaceSection
00006acc   g_sCDCSerConfigHeader
00006ad4   g_sCDCCompSerConfigHeader
00006adc   g_pCDCSerConfigDescriptors
00006ae0   g_pCDCCompSerConfigDescriptors
00006ae4   g_sMSCDevice
00006b6c   g_pMSCInterface
00006b84   g_sMSCConfigSection
00006b8c   g_sMSCInterfaceSection
00006b94   g_sMSCConfigHeader
00006b9c   g_pMSCConfigDescriptors
00006bd8   g_sCDCDevice
00006c04   g_pLangDescriptor
00006c08   g_pSerialNumberString
00006c1c   g_pStringDescriptors
00006c2c   g_pManufacturerString
00006c50   g_sRxBuffer
00006c74   g_sTxBuffer
00006c98   g_pCDCSerCommInterface
00006edc   __TI_Handler_Table_Base
00006ee8   __TI_Handler_Table_Limit
00006ef0   __TI_CINIT_Base
00006f00   __TI_CINIT_Limit
20004c50   g_sMSCInstance
20004e80   g_pcUSBRxBuffer
20004f80   g_pucDescriptorData
20004fe4   g_ulIdleTimeout
20004fe8   backUpCompDevices
20004ff0   g_eMSCState
20004ff4   g_sDriveInformation
20004ff8   g_ulFlags
20005000   sDMAControlTable
20005400   g_sFatFs
20005ebc   g_pcUSBTxBuffer
2000602c   a
20006038   b
20006044   g_psUSBDevice
20006098   g_CompInstance
200061a8   g_pucRxBufferWorkspace
200061c0   g_pucTxBufferWorkspace
200061d8   g_pulCompWorkspace
200061e0   g_pfTickHandlers
200061f8   g_pvTickInstance
20006210   g_sCDCInstance
20006260   g_ulSysTickCount
20006264   res
20006268   br
2000626c   bw
20006280   g_ulPollRate
20006284   g_eOTGModeState
20006298   g_pCompConfigDescriptors
2000629c   g_sUSBCompositeFIFOConfig
20006314   g_sCDCSerDeviceInfo
20006360   g_sCompositeDeviceInfo
200063ac   g_sMSCDeviceInfo
20006438   g_pCDCSerDeviceDescriptor
2000644a   g_pCDCSerDescriptor
20006453   g_pIADSerDescriptor
2000645c   g_psCDCSerSections
20006468   g_psCDCCompSerSections
20006478   g_sCompDevice
200064b8   g_psMSCSections
200064c0   g_sLineCoding
200064c8   g_sCmdTable
200064e0   pushed
200064e4   i
2000650c   g_psCompDevices
2000651c   g_bUSBTimerInitialized
20006520   g_ulCurrentUSBTick
20006524   g_ulUSBSOFCount
20006528   g_eUSBMode
2000652c   g_ulWaitTicks
20006534   _lock
20006538   _unlock
2000653c   _cleanup_ptr
20006540   _dtors_ptr
20006544   store
20006548   transfer
2000654c   main_func_sp
20006558   __stack
200067d8   __STACK_END
200067d8   __STACK_TOP
ffffffff   __binit__
ffffffff   __c_args__
ffffffff   binit
UNDEFED    SHT$$INIT_ARRAY$$Base
UNDEFED    SHT$$INIT_ARRAY$$Limit

[288 symbols]
