******************************************************************************
                  TMS470 Linker PC v4.9.5                      
******************************************************************************
>> Linked Fri May 10 22:10:18 2013

OUTPUT FILE NAME:   <ENGG4810.out>
ENTRY POINT SYMBOL: "_c_int00"  address: 00004eb9


MEMORY CONFIGURATION

         name            origin    length      used     unused   attr    fill
----------------------  --------  ---------  --------  --------  ----  --------
  FLASH                 00000000   00080000  00007485  00078b7b  R  X
  SRAM                  20000000   00018000  00006a0a  000115f6  RW X


SEGMENT ALLOCATION MAP

run origin  load origin   length   init length attrs members
----------  ----------- ---------- ----------- ----- -------
00000000    00000000    00007488   00007488    r-x
  00000000    00000000    0000011c   0000011c    r-- .intvecs
  0000011c    0000011c    000062d6   000062d6    r-x .text
  000063f4    000063f4    00000e7b   00000e7b    r-- .const
  00007270    00007270    00000218   00000218    r-- .cinit
20000000    20000000    000064d0   00000000    rw-
  20000000    20000000    000064d0   00000000    rw- .bss
200064d0    200064d0    0000053c   000002ba    rw-
  200064d0    200064d0    000002ba   000002ba    rw- .data
  2000678c    2000678c    00000280   00000000    rw- .stack


SECTION ALLOCATION MAP

 output                                  attributes/
section   page    origin      length       input sections
--------  ----  ----------  ----------   ----------------
.intvecs   0    00000000    0000011c     
                  00000000    0000011c     startup_ccs.obj (.intvecs)

.init_array 
*          0    00000000    00000000     UNINITIALIZED

.text      0    0000011c    000062d6     
                  0000011c    000002a8     load.obj (.text:do_work)
                  000003c4    00000220     usblib-cm4f.lib : usbdmsc.obj (.text:HandleEndpoints)
                  000005e4    0000021e                     : usbdcomp.obj (.text:BuildCompositeDescriptor)
                  00000802    00000002     startup_ccs.obj (.text:FaultISR)
                  00000804    0000021c     poll.obj (.text:poll_interrupt)
                  00000a20    000001d8     driverlib-cm4f.lib : sysctl.obj (.text:SysCtlClockGet)
                  00000bf8    00000188     usblib-cm4f.lib : usbdconfig.obj (.text:USBDeviceConfig)
                  00000d80    00000168     ff.obj (.text:auto_mount)
                  00000ee8    00000160     usblib-cm4f.lib : usbdenum.obj (.text:USBDEP0StateTxConfig)
                  00001048    00000154     mmc-ek-lm4f232h5qd.obj (.text:disk_ioctl)
                  0000119c    00000154     ff.obj (.text:f_read)
                  000012f0    00000140     mmc-ek-lm4f232h5qd.obj (.text:disk_initialize)
                  00001430    0000013c     driverlib-cm4f.lib : sysctl.obj (.text:SysCtlClockSet)
                  0000156c    00000138     ff.obj (.text:f_open)
                  000016a4    00000136     rtsv7M4_T_le_v4SPD16_eabi.lib : fd_div_t2.obj (.text)
                  000017da    00000120     ff.obj (.text:f_lseek)
                  000018fa    00000002     startup_ccs.obj (.text:IntDefaultHandler)
                  000018fc    00000110     load.obj (.text:load_init)
                  00001a0c    000000fc     rtsv7M4_T_le_v4SPD16_eabi.lib : fd_mul_t2.obj (.text)
                  00001b08    000000f4     usblib-cm4f.lib : usbdenum.obj (.text:USBDCDInit)
                  00001bfc    000000ec     dsplib-cm4f.lib : arm_cos_f32.obj (.text:arm_cos_f32)
                  00001ce8    000000ec                     : arm_sin_f32.obj (.text:arm_sin_f32)
                  00001dd4    000000e4     usblib-cm4f.lib : usbdmsc.obj (.text:USBDSCSIRead10)
                  00001eb8    000000e0                     : usbdmsc.obj (.text:USBDSCSICommand)
                  00001f98    000000e0     adc.obj (.text:adc_init)
                  00002078    000000de     ff.obj (.text:make_dirfile)
                  00002156    000000d8     ff.obj (.text:trace_path)
                  0000222e    00000002     startup_ccs.obj (.text:NmiSR)
                  00002230    000000d4     usblib-cm4f.lib : usbdenum.obj (.text:USBDeviceEnumHandler)
                  00002304    000000d0                     : usbdenum.obj (.text:USBDGetDescriptor)
                  000023d4    000000d0     ff.obj (.text:put_cluster)
                  000024a4    000000c8     driverlib-cm4f.lib : gpio.obj (.text:GPIOPadConfigSet)
                  0000256c    000000c4     ff.obj (.text:reserve_direntry)
                  00002630    000000c0     usblib-cm4f.lib : usbdcdc.obj (.text:HandleRequests)
                  000026f0    000000bc                     : usbdcomp.obj (.text:USBDCompositeInit)
                  000027ac    000000bc                     : usbdconfig.obj (.text:USBDeviceConfigAlternate)
                  00002868    000000b8                     : usbdmsc.obj (.text:USBDSCSIWrite10)
                  00002920    000000b8     mmc-ek-lm4f232h5qd.obj (.text:disk_write)
                  000029d8    000000b8     ff.obj (.text:get_cluster)
                  00002a90    000000b4     usblib-cm4f.lib : usbbuffer.obj (.text:HandleRxAvailable)
                  00002b44    000000b0     usb_dev_serial.obj (.text:RxHandler)
                  00002bf4    000000b0     usblib-cm4f.lib : usbdmsc.obj (.text:USBDMSCCompositeInit)
                  00002ca4    000000a4                     : usbdenum.obj (.text:USBDeviceIntHandlerInternal)
                  00002d48    000000a2                     : usbbuffer.obj (.text:ScheduleNextTransmission)
                  00002dea    00000002     --HOLE-- [fill = 0]
                  00002dec    000000a0     filterGen.obj (.text:high_pass_filter)
                  00002e8c    0000009c     main.obj (.text:main)
                  00002f28    0000009c     rtsv7M4_T_le_v4SPD16_eabi.lib : memcpy_t2.obj (.text)
                  00002fc4    0000009a     filterGen.obj (.text:generate_filter_coeffs)
                  0000305e    00000002     --HOLE-- [fill = 0]
                  00003060    00000098     filterGen.obj (.text:low_pass_filter)
                  000030f8    00000094     driverlib-cm4f.lib : sysctl.obj (.text:SysCtlPeripheralReset)
                  0000318c    00000094     usblib-cm4f.lib : usbdcdc.obj (.text:USBDCDCCompositeInit)
                  00003220    00000094     filterGen.obj (.text:bp_pass_filter)
                  000032b4    00000094     mmc-ek-lm4f232h5qd.obj (.text:power_on)
                  00003348    00000094     rtsv7M4_T_le_v4SPD16_eabi.lib : auto_init.obj (.text)
                  000033dc    00000090     mmc-ek-lm4f232h5qd.obj (.text:disk_read)
                  0000346c    0000008e     usblib-cm4f.lib : usbdcdc.obj (.text:USBDCDCPacketRead)
                  000034fa    0000008c                     : usbdcdc.obj (.text:SendSerialState)
                  00003586    00000002     --HOLE-- [fill = 0]
                  00003588    0000008c                     : usbdmsc.obj (.text:USBDSCSIReadCapacities)
                  00003614    0000008c                     : usbdmsc.obj (.text:USBDSCSIReadCapacity)
                  000036a0    0000008c     filterGen.obj (.text:notch_filter)
                  0000372c    00000088     usblib-cm4f.lib : usbdcdc.obj (.text:CDCTickHandler)
                  000037b4    00000088                     : usbdmsc.obj (.text:USBDSCSIInquiry)
                  0000383c    00000086     ff.obj (.text:create_chain)
                  000038c2    00000002     --HOLE-- [fill = 0]
                  000038c4    00000084     usblib-cm4f.lib : usbdmsc.obj (.text:HandleDevice)
                  00003948    00000084     dac.obj (.text:InitDACSSI)
                  000039cc    00000084     usblib-cm4f.lib : usbdenum.obj (.text:USBDClearFeature)
                  00003a50    00000084                     : usbdmsc.obj (.text:USBDSCSIModeSense6)
                  00003ad4    00000084                     : usbdenum.obj (.text:USBDSetConfiguration)
                  00003b58    00000084                     : usbdenum.obj (.text:USBDSetInterface)
                  00003bdc    00000080     usb_dev_serial.obj (.text:SerialHandler)
                  00003c5c    00000080     driverlib-cm4f.lib : udma.obj (.text:uDMAChannelTransferSet)
                  00003cdc    0000007c     usblib-cm4f.lib : usbdcomp.obj (.text:CompositeEPChange)
                  00003d58    00000078                     : usbdenum.obj (.text:USBDGetStatus)
                  00003dd0    00000078     ff.obj (.text:move_window)
                  00003e48    00000078     rtsv7M4_T_le_v4SPD16_eabi.lib : memset_t2.obj (.text)
                  00003ec0    00000076     driverlib-cm4f.lib : usb.obj (.text:USBDevEndpointConfigSet)
                  00003f36    00000074     usblib-cm4f.lib : usbdcdc.obj (.text:HandleDevice)
                  00003faa    00000002     --HOLE-- [fill = 0]
                  00003fac    00000070                     : usbdmsc.obj (.text:ConfigChangeHandler)
                  0000401c    00000070     usbdsdcard.obj (.text:USBDMSCEventCallback)
                  0000408c    0000006c     driverlib-cm4f.lib : adc.obj (.text:ADCSequenceStepConfigure)
                  000040f8    0000006c     usblib-cm4f.lib : usbdcdc.obj (.text:ProcessDataFromHost)
                  00004164    0000006c     usb_dev_serial.obj (.text:SerialMain)
                  000041d0    0000006c     usblib-cm4f.lib : usbdenum.obj (.text:USBDSetFeature)
                  0000423c    00000068                     : usbdenum.obj (.text:USBDEP0StateTx)
                  000042a4    00000064     driverlib-cm4f.lib : interrupt.obj (.text:IntEnable)
                  00004308    00000064     load.obj (.text:load_set_one)
                  0000436c    00000064     load.obj (.text:load_set_two)
                  000043d0    00000062     mmc-ek-lm4f232h5qd.obj (.text:send_cmd)
                  00004432    00000002     --HOLE-- [fill = 0]
                  00004434    00000060     cmdline.obj (.text:CmdLineProcess)
                  00004494    00000060     usblib-cm4f.lib : usbbuffer.obj (.text:USBBufferEventCallback)
                  000044f4    00000060                     : usbdmsc.obj (.text:USBDSCSIRequestSense)
                  00004554    00000060     usbdsdcard.obj (.text:composite_device_init)
                  000045b4    0000005e     driverlib-cm4f.lib : usb.obj (.text:USBDevEndpointStatusClear)
                  00004612    00000002     --HOLE-- [fill = 0]
                  00004614    0000005e     ff.obj (.text:check_fs)
                  00004672    0000005e     rtsv7M4_T_le_v4SPD16_eabi.lib : copy_decompress_rle.obj (.text)
                  000046d0    0000005a     usblib-cm4f.lib : usbdcomp.obj (.text:GetDescriptor)
                  0000472a    0000005a                     : usbdcomp.obj (.text:HandleRequests)
                  00004784    00000058     dac.obj (.text:InitTimer0)
                  000047dc    00000058     driverlib-cm4f.lib : sysctl.obj (.text:SysCtlPeripheralEnable)
                  00004834    00000058     usblib-cm4f.lib : usbdenum.obj (.text:USBDReadAndDispatchRequest)
                  0000488c    00000058                     : usbdenum.obj (.text:USBDStringIndexFromRequest)
                  000048e4    00000056                     : usbdcdc.obj (.text:ProcessDataToHost)
                  0000493a    00000056     ff.obj (.text:next_dir_entry)
                  00004990    00000054     usblib-cm4f.lib : usbdconfig.obj (.text:GetEPDescriptorType)
                  000049e4    00000054     adc.obj (.text:adc_interrupt)
                  00004a38    00000054     mmc-ek-lm4f232h5qd.obj (.text:send_initial_clock_train)
                  00004a8c    00000052     mmc-ek-lm4f232h5qd.obj (.text:xmit_datablock)
                  00004ade    00000050     usblib-cm4f.lib : usbdcdesc.obj (.text:USBDCDConfigDescGet)
                  00004b2e    00000050     driverlib-cm4f.lib : usb.obj (.text:USBDevEndpointStallClear)
                  00004b7e    00000002     --HOLE-- [fill = 0]
                  00004b80    00000050     mmc-ek-lm4f232h5qd.obj (.text:set_max_speed)
                  00004bd0    0000004e     usblib-cm4f.lib : usbdcdesc.obj (.text:ConfigAlternateInterfaceGet)
                  00004c1e    0000004e                     : usbdcdc.obj (.text:USBDCDCPacketWrite)
                  00004c6c    0000004c     usb_dev_serial.obj (.text:TxHandler)
                  00004cb8    0000004c     rtsv7M4_T_le_v4SPD16_eabi.lib : cpy_tbl.obj (.text)
                  00004d04    0000004a     usblib-cm4f.lib : usbdcdc.obj (.text:HandleEndpoints)
                  00004d4e    0000004a     rtsv7M4_T_le_v4SPD16_eabi.lib : fd_tos_t2.obj (.text)
                  00004d98    00000048     driverlib-cm4f.lib : gpio.obj (.text:GPIOPinConfigure)
                  00004de0    00000048     usblib-cm4f.lib : usbdenum.obj (.text:USBDeviceResumeTickHandler)
                  00004e28    00000048     load.obj (.text:playback_interrupt)
                  00004e70    00000048     mmc-ek-lm4f232h5qd.obj (.text:rcvr_datablock)
                  00004eb8    00000048     rtsv7M4_T_le_v4SPD16_eabi.lib : boot.obj (.text)
                  00004f00    00000046     driverlib-cm4f.lib : usb.obj (.text:USBFIFOConfigSet)
                  00004f46    00000044                        : ssi.obj (.text:SSIConfigSetExpClk)
                  00004f8a    00000002     --HOLE-- [fill = 0]
                  00004f8c    00000044     usblib-cm4f.lib : usbdenum.obj (.text:USBDGetInterface)
                  00004fd0    00000044     driverlib-cm4f.lib : usb.obj (.text:USBEndpointDataGet)
                  00005014    00000044     usbdsdcard.obj (.text:msc_init)
                  00005058    00000044     ff.obj (.text:remove_chain)
                  0000509c    00000044     rtsv7M4_T_le_v4SPD16_eabi.lib : exit.obj (.text)
                  000050e0    00000044     driverlib-cm4f.lib : udma.obj (.text:uDMAChannelAttributeDisable)
                  00005124    00000040     usb_dev_serial.obj (.text:CommandPrint)
                  00005164    00000040     usblib-cm4f.lib : usbdcdc.obj (.text:HandleEP0Data)
                  000051a4    0000003e                     : usbdconfig.obj (.text:GetEndpointFIFOSize)
                  000051e2    00000002     --HOLE-- [fill = 0]
                  000051e4    0000003c     usbdsdcard.obj (.text:EventHandler)
                  00005220    0000003c     usbdsdcard.obj (.text:enable_msc)
                  0000525c    0000003c     ff.obj (.text:f_mount)
                  00005298    0000003a     usblib-cm4f.lib : usbdcdesc.obj (.text:USBDCDConfigGetInterfaceEndpoint)
                  000052d2    00000038                     : usbdcdc.obj (.text:SendBreak)
                  0000530a    00000002     --HOLE-- [fill = 0]
                  0000530c    00000038     usb_dev_serial.obj (.text:SerialInit)
                  00005344    00000038     usblib-cm4f.lib : usbdenum.obj (.text:USBDGetConfiguration)
                  0000537c    00000038     driverlib-cm4f.lib : usb.obj (.text:USBIntStatusControl)
                  000053b4    00000036     usblib-cm4f.lib : usbdcdesc.obj (.text:NextConfigDescGet)
                  000053ea    00000036     driverlib-cm4f.lib : usb.obj (.text:USBDevEndpointStall)
                  00005420    00000036     usblib-cm4f.lib : usbringbuf.obj (.text:USBRingBufAdvanceWrite)
                  00005456    00000002     --HOLE-- [fill = 0]
                  00005458    00000034                     : usbtick.obj (.text:InternalUSBStartOfFrameTick)
                  0000548c    00000034                     : usbdmsc.obj (.text:USBDSCSISendStatus)
                  000054c0    00000032                     : usbdenum.obj (.text:USBDeviceEnumResetHandler)
                  000054f2    00000032     mmc-ek-lm4f232h5qd.obj (.text:send_cmd12)
                  00005524    00000030     usblib-cm4f.lib : usbdcomp.obj (.text:HandleDisconnect)
                  00005554    00000030                     : usbtick.obj (.text:InternalUSBTickInit)
                  00005584    00000030                     : usbdcdc.obj (.text:ProcessNotificationToHost)
                  000055b4    00000030                     : usbdcomp.obj (.text:ResetHandler)
                  000055e4    00000030                     : usbdcomp.obj (.text:ResumeHandler)
                  00005614    00000030                     : usbdcomp.obj (.text:SuspendHandler)
                  00005644    00000030     usbdsdcard.obj (.text:USBDMSCStorageOpen)
                  00005674    00000030     driverlib-cm4f.lib : usb.obj (.text:USBEndpointDataPut)
                  000056a4    0000002f     usb_dev_serial.obj (.text:Cmd_msc)
                  000056d3    00000001     --HOLE-- [fill = 0]
                  000056d4    0000002e     driverlib-cm4f.lib : gpio.obj (.text:GPIODirModeSet)
                  00005702    0000002e     usblib-cm4f.lib : usbdcdc.obj (.text:USBDCDCRxPacketAvailable)
                  00005730    0000002e     driverlib-cm4f.lib : usb.obj (.text:USBEndpointDataSend)
                  0000575e    0000002e     rtsv7M4_T_le_v4SPD16_eabi.lib : i_tofd_t2.obj (.text)
                  0000578c    0000002c     usblib-cm4f.lib : usbdcomp.obj (.text:EndpointToIndex)
                  000057b8    0000002c                     : usbdcomp.obj (.text:InterfaceChange)
                  000057e4    0000002c                     : usbtick.obj (.text:InternalUSBRegisterTickHandler)
                  00005810    0000002c                     : usbbuffer.obj (.text:USBBufferWrite)
                  0000583c    0000002c                     : usbdcdesc.obj (.text:USBDCDConfigDescGetNum)
                  00005868    0000002c                     : usbdesc.obj (.text:USBDescGet)
                  00005894    0000002c     driverlib-cm4f.lib : udma.obj (.text:uDMAChannelModeGet)
                  000058c0    0000002a                        : adc.obj (.text:ADCSequenceConfigure)
                  000058ea    00000028     usblib-cm4f.lib : usbdcomp.obj (.text:ConfigChangeHandler)
                  00005912    00000028                     : usbdcdc.obj (.text:HandleConfigChange)
                  0000593a    00000028                     : usbdcomp.obj (.text:HandleEndpoints)
                  00005962    00000002     --HOLE-- [fill = 0]
                  00005964    00000028     driverlib-cm4f.lib : timer.obj (.text:TimerConfigure)
                  0000598c    00000028     usblib-cm4f.lib : usbdesc.obj (.text:USBDescGetNum)
                  000059b4    00000028     driverlib-cm4f.lib : usb.obj (.text:USBIntEnableControl)
                  000059dc    00000028     usblib-cm4f.lib : usbringbuf.obj (.text:UpdateIndexAtomic)
                  00005a04    00000028     mmc-ek-lm4f232h5qd.obj (.text:rcvr_spi)
                  00005a2c    00000024     usblib-cm4f.lib : usbbuffer.obj (.text:HandleRequestBuffer)
                  00005a50    00000024                     : usbdcomp.obj (.text:InterfaceToIndex)
                  00005a74    00000024                     : usbdcdc.obj (.text:SendLineCodingChange)
                  00005a98    00000024     main.obj (.text:SysTickHandler)
                  00005abc    00000024     usblib-cm4f.lib : usbbuffer.obj (.text:USBBufferRead)
                  00005ae0    00000024                     : usbdenum.obj (.text:USBDSetAddress)
                  00005b04    00000024     driverlib-cm4f.lib : usb.obj (.text:USBDevEndpointDataAck)
                  00005b28    00000024                        : usb.obj (.text:USBEndpointDMADisable)
                  00005b4c    00000024                        : usb.obj (.text:USBEndpointDMAEnable)
                  00005b70    00000024     mmc-ek-lm4f232h5qd.obj (.text:disk_timerproc)
                  00005b94    00000024     driverlib-cm4f.lib : udma.obj (.text:uDMAChannelControlSet)
                  00005bb8    00000024     mmc-ek-lm4f232h5qd.obj (.text:xmit_spi)
                  00005bdc    00000022     usblib-cm4f.lib : usbdmsc.obj (.text:HandleDisconnect)
                  00005bfe    00000022                     : usbdcdc.obj (.text:SendLineStateChange)
                  00005c20    00000022     rtsv7M4_T_le_v4SPD16_eabi.lib : memcmp.obj (.text)
                  00005c42    00000020     driverlib-cm4f.lib : adc.obj (.text:ADCSequenceDataGet)
                  00005c62    00000020     usblib-cm4f.lib : usbdcdc.obj (.text:HandleDisconnect)
                  00005c82    00000002     --HOLE-- [fill = 0]
                  00005c84    00000020     driverlib-cm4f.lib : sysctl.obj (.text:SysCtlADCSpeedSet)
                  00005ca4    00000020     usblib-cm4f.lib : usbmode.obj (.text:USBStackModeSet)
                  00005cc4    00000020     mmc-ek-lm4f232h5qd.obj (.text:wait_ready)
                  00005ce4    0000001e     usblib-cm4f.lib : usbdcdc.obj (.text:CheckAndSendBreak)
                  00005d02    0000001e                     : usbdcomp.obj (.text:DataReceived)
                  00005d20    0000001e                     : usbdcomp.obj (.text:DataSent)
                  00005d3e    0000001e                     : usbbuffer.obj (.text:HandleDataRemaining)
                  00005d5c    0000001e     driverlib-cm4f.lib : usb.obj (.text:USBEndpointDataAvail)
                  00005d7a    0000001e     usblib-cm4f.lib : usbringbuf.obj (.text:USBRingBufAdvanceRead)
                  00005d98    0000001c                     : usbdmsc.obj (.text:HandleRequests)
                  00005db4    0000001c                     : usbdcdc.obj (.text:SetDeferredOpFlag)
                  00005dd0    0000001c                     : usbdcdesc.obj (.text:USBDCDConfigGetInterface)
                  00005dec    0000001c                     : usbdenum.obj (.text:USBDCDStallEP0)
                  00005e08    0000001c                     : usbringbuf.obj (.text:USBRingBufContigFree)
                  00005e24    0000001c     usbdsdcard.obj (.text:disable_msc)
                  00005e40    0000001c     ff.obj (.text:validate)
                  00005e5c    0000001a     usblib-cm4f.lib : usbdcomp.obj (.text:CompositeIfaceChange)
                  00005e76    0000001a                     : usbdcdc.obj (.text:DeviceConsumedAllData)
                  00005e90    0000001a     driverlib-cm4f.lib : usb.obj (.text:USBEndpointDMAChannel)
                  00005eaa    0000001a     usblib-cm4f.lib : usbringbuf.obj (.text:USBRingBufRead)
                  00005ec4    0000001a                     : usbringbuf.obj (.text:USBRingBufReadOne)
                  00005ede    0000001a                     : usbringbuf.obj (.text:USBRingBufWrite)
                  00005ef8    0000001a     ff.obj (.text:clust2sect)
                  00005f12    00000002     --HOLE-- [fill = 0]
                  00005f14    00000018     mmc-ek-lm4f232h5qd.obj (.text:DESELECT)
                  00005f2c    00000018     mmc-ek-lm4f232h5qd.obj (.text:SELECT)
                  00005f44    00000018     driverlib-cm4f.lib : timer.obj (.text:TimerControlTrigger)
                  00005f5c    00000018     usblib-cm4f.lib : usbdhandler.obj (.text:USB0DeviceIntHandler)
                  00005f74    00000018                     : usbdcdesc.obj (.text:USBDCDConfigDescGetSize)
                  00005f8c    00000018                     : usbdmsc.obj (.text:USBDMSCInit)
                  00005fa4    00000018                     : usbdenum.obj (.text:USBDSetDescriptor)
                  00005fbc    00000018                     : usbdenum.obj (.text:USBDSyncFrame)
                  00005fd4    00000018     rtsv7M4_T_le_v4SPD16_eabi.lib : _lock.obj (.text)
                  00005fec    00000018                                   : args_main.obj (.text)
                  00006004    00000018                                   : strcmp.obj (.text)
                  0000601c    00000018     driverlib-cm4f.lib : udma.obj (.text:uDMAChannelEnable)
                  00006034    00000017     main.obj (.text:errorLoop)
                  0000604b    00000001     --HOLE-- [fill = 0]
                  0000604c    00000016     usblib-cm4f.lib : usbdcdc.obj (.text:CheckAndSendLineCodingChange)
                  00006062    00000016                     : usbdcdc.obj (.text:CheckAndSendLineStateChange)
                  00006078    00000016                     : usbbuffer.obj (.text:USBBufferInit)
                  0000608e    00000016     usbdsdcard.obj (.text:USBDMSCStorageRead)
                  000060a4    00000016     usbdsdcard.obj (.text:USBDMSCStorageWrite)
                  000060ba    00000016     driverlib-cm4f.lib : usb.obj (.text:USBHostResume)
                  000060d0    00000016                        : usb.obj (.text:USBIndexWrite)
                  000060e6    00000016     usblib-cm4f.lib : usbringbuf.obj (.text:USBRingBufUsed)
                  000060fc    00000014                     : usbdenum.obj (.text:USBDCDRequestDataEP0)
                  00006110    00000014     driverlib-cm4f.lib : usb.obj (.text:USBIntEnableEndpoint)
                  00006124    00000014     usblib-cm4f.lib : usbringbuf.obj (.text:USBRingBufContigUsed)
                  00006138    00000014                     : usbringbuf.obj (.text:USBRingBufFlush)
                  0000614c    00000014     load.obj (.text:test)
                  00006160    00000012     driverlib-cm4f.lib : gpio.obj (.text:GPIOPinTypeADC)
                  00006172    00000012                        : gpio.obj (.text:GPIOPinTypeGPIOOutput)
                  00006184    00000012                        : gpio.obj (.text:GPIOPinTypeSSI)
                  00006196    00000012     usblib-cm4f.lib : usbdcdc.obj (.text:HandleResume)
                  000061a8    00000012                     : usbdcdc.obj (.text:HandleSuspend)
                  000061ba    00000012                     : usbbuffer.obj (.text:HandleTxComplete)
                  000061cc    00000012     driverlib-cm4f.lib : ssi.obj (.text:SSIDataGetNonBlocking)
                  000061de    00000012                        : timer.obj (.text:TimerLoadSet)
                  000061f0    00000012                        : usb.obj (.text:USBEndpointStatus)
                  00006202    00000012     usblib-cm4f.lib : usbringbuf.obj (.text:USBRingBufFree)
                  00006214    00000012                     : usbringbuf.obj (.text:USBRingBufWriteOne)
                  00006226    00000012     rtsv7M4_T_le_v4SPD16_eabi.lib : copy_zero_init.obj (.text:decompress:ZI)
                  00006238    00000010     driverlib-cm4f.lib : adc.obj (.text:ADCIntEnable)
                  00006248    00000010                        : sysctl.obj (.text:SysCtlUSBPLLEnable)
                  00006258    00000010     usblib-cm4f.lib : usbdcdc.obj (.text:USBDCDCTxPacketAvailable)
                  00006268    00000010                     : usbdenum.obj (.text:USBDCDSendDataEP0)
                  00006278    00000010     usbdsdcard.obj (.text:USBDMSCStorageNumBlocks)
                  00006288    00000010     dac.obj (.text:dac_init)
                  00006298    00000010     mmc-ek-lm4f232h5qd.obj (.text:disk_status)
                  000062a8    00000010     load.obj (.text:load_generate_coeffs)
                  000062b8    0000000e     driverlib-cm4f.lib : adc.obj (.text:ADCSequenceDisable)
                  000062c6    0000000e                        : adc.obj (.text:ADCSequenceEnable)
                  000062d4    0000000e                        : timer.obj (.text:TimerEnable)
                  000062e2    0000000e     rtsv7M4_T_le_v4SPD16_eabi.lib : copy_decompress_none.obj (.text:decompress:none)
                  000062f0    0000000c     driverlib-cm4f.lib : cpu.obj (.text:CPUcpsid)
                  000062fc    0000000c                        : cpu.obj (.text:CPUcpsie)
                  00006308    0000000c     usbdsdcard.obj (.text:USBDMSCStorageClose)
                  00006314    0000000c     driverlib-cm4f.lib : usb.obj (.text:USBIntStatusEndpoint)
                  00006320    0000000c     usblib-cm4f.lib : usbringbuf.obj (.text:USBRingBufInit)
                  0000632c    0000000c     buffer.obj (.text:buffer_init)
                  00006338    0000000c     mmc-ek-lm4f232h5qd.obj (.text:power_off)
                  00006344    0000000c     mmc-ek-lm4f232h5qd.obj (.text:rcvr_spi_m)
                  00006350    0000000a     driverlib-cm4f.lib : adc.obj (.text:ADCIntClear)
                  0000635a    0000000a                        : gpio.obj (.text:GPIOPinRead)
                  00006364    0000000a                        : gpio.obj (.text:GPIOPinWrite)
                  0000636e    0000000a                        : interrupt.obj (.text:IntMasterDisable)
                  00006378    0000000a                        : interrupt.obj (.text:IntMasterEnable)
                  00006382    0000000a                        : ssi.obj (.text:SSIDataPut)
                  0000638c    0000000a                        : ssi.obj (.text:SSIEnable)
                  00006396    0000000a                        : usb.obj (.text:USBDevConnect)
                  000063a0    0000000a                        : usb.obj (.text:USBDevDisconnect)
                  000063aa    00000008                        : usb.obj (.text:USBDevMode)
                  000063b2    00000008                        : usb.obj (.text:USBFIFOAddrGet)
                  000063ba    00000008                        : usb.obj (.text:USBOTGMode)
                  000063c2    00000002     --HOLE-- [fill = 0]
                  000063c4    00000008     mmc-ek-lm4f232h5qd.obj (.text:get_fattime)
                  000063cc    00000006     startup_ccs.obj (.text:ResetISR)
                  000063d2    00000006     driverlib-cm4f.lib : sysctl.obj (.text:SysCtlDelay)
                  000063d8    00000006     usblib-cm4f.lib : usbbuffer.obj (.text:USBBufferFlush)
                  000063de    00000006                     : usbbuffer.obj (.text:USBBufferSpaceAvailable)
                  000063e4    00000006     rtsv7M4_T_le_v4SPD16_eabi.lib : copy_decompress_rle.obj (.text:decompress:rle24)
                  000063ea    00000004     driverlib-cm4f.lib : timer.obj (.text:TimerIntClear)
                  000063ee    00000004                        : usb.obj (.text:USBDevAddrSet)

.const     0    000063f4    00000e7b     
                  000063f4    00000410     dsplib-cm4f.lib : arm_cos_f32.obj (.const:cosTable)
                  00006804    0000040c                     : arm_sin_f32.obj (.const:sinTable)
                  00006c10    000000f0     poll.obj (.const)
                  00006d00    00000080     load.obj (.const:.string)
                  00006d80    00000078     driverlib-cm4f.lib : gpio.obj (.const:g_pulGPIOBaseAddrs)
                  00006df8    00000078     usblib-cm4f.lib : usbdenum.obj (.const:g_sUSBDefaultFIFOConfig)
                  00006e70    00000078                     : usbdmsc.obj (.const:g_sUSBMSCFIFOConfig)
                  00006ee8    00000070     driverlib-cm4f.lib : interrupt.obj (.const)
                  00006f58    0000006c                        : sysctl.obj (.const:g_pulXtals)
                  00006fc4    00000056     usb_structs.obj (.const:g_pProductString)
                  0000701a    00000002     --HOLE-- [fill = 0]
                  0000701c    00000050     usblib-cm4f.lib : usbdcdc.obj (.const)
                  0000706c    00000048     usb_structs.obj (.const:g_sMSCDevice)
                  000070b4    00000040     driverlib-cm4f.lib : sysctl.obj (.const)
                  000070f4    00000035     usblib-cm4f.lib : usbdmsc.obj (.const)
                  00007129    00000003     --HOLE-- [fill = 0]
                  0000712c    00000034                     : usbdenum.obj (.const:g_psUSBDStdRequests)
                  00007160    0000002c     usb_structs.obj (.const:g_sCDCDevice)
                  0000718c    00000028     usb_structs.obj (.const)
                  000071b4    00000024     usb_structs.obj (.const:g_pManufacturerString)
                  000071d8    00000024     usb_structs.obj (.const:g_sRxBuffer)
                  000071fc    00000024     usb_structs.obj (.const:g_sTxBuffer)
                  00007220    00000023     usblib-cm4f.lib : usbdcdc.obj (.const:g_pCDCSerCommInterface)
                  00007243    00000001     --HOLE-- [fill = 0]
                  00007244    0000001a     usb_dev_serial.obj (.const:.string)
                  0000725e    00000002     --HOLE-- [fill = 0]
                  00007260    00000009     usblib-cm4f.lib : usbdcomp.obj (.const)
                  00007269    00000003     --HOLE-- [fill = 0]
                  0000726c    00000003     usb_dev_serial.obj (.const)

.cinit     0    00007270    00000218     
                  00007270    000001f0     (.cinit..data.load) [load image, compression = rle]
                  00007460    0000000c     (__TI_handler_table)
                  0000746c    00000004     --HOLE-- [fill = 0]
                  00007470    00000008     (.cinit..bss.load) [load image, compression = zero_init]
                  00007478    00000010     (__TI_cinit_table)

.bss       0    20000000    000064d0     UNINITIALIZED
                  20000000    00004000     load.obj (.bss:outputBuf)
                  20004000    00000808     load.obj (.bss:outputBuffer)
                  20004808    00000448     load.obj (.bss:buttonFiles)
                  20004c50    00000230     usb_structs.obj (.bss:g_sMSCInstance)
                  20004e80    00000100     usb_structs.obj (.bss:g_pcUSBRxBuffer)
                  20004f80    00000064     usbdsdcard.obj (.bss:g_pucDescriptorData)
                  20004fe4    00000018     usbdsdcard.obj (.bss)
                  20004ffc    00000004     adc.obj (.bss)
                  20005000    00000400     usbdsdcard.obj (.bss:sDMAControlTable)
                  20005400    0000022c     main.obj (.bss:g_sFatFs)
                  2000562c    00000224     load.obj (.bss:inputRead)
                  20005850    00000224     load.obj (.bss:inputWrite)
                  20005a74    00000224     load.obj (.bss:outputRead)
                  20005c98    00000224     load.obj (.bss:outputWrite)
                  20005ebc    000001cc     config.obj (.bss:cfg)
                  20006088    00000100     usb_structs.obj (.bss:g_pcUSBTxBuffer)
                  20006188    00000058     load.obj (.bss)
                  200061e0    00000054     usblib-cm4f.lib : usbdenum.obj (.bss:g_psUSBDevice)
                  20006234    00000050     usb_structs.obj (.bss:g_CompInstance)
                  20006284    00000040     poll.obj (.bss:buttonState)
                  200062c4    00000040     usb_dev_serial.obj (.bss:g_pcCmdBuf)
                  20006304    00000040     usblib-cm4f.lib : usbdmsc.obj (.bss:g_pucCommand)
                  20006344    00000040                     : usbdenum.obj (.bss:g_pucDataBufferIn)
                  20006384    00000040     poll.obj (.bss:ledState)
                  200063c4    00000038     usb_structs.obj (.bss)
                  200063fc    00000030     usblib-cm4f.lib : usbtick.obj (.bss)
                  2000642c    0000002c     usb_structs.obj (.bss:g_sCDCInstance)
                  20006458    00000024     cmdline.obj (.bss:argv$1)
                  2000647c    00000014     poll.obj (.bss)
                  20006490    00000010     main.obj (.bss)
                  200064a0    0000000d     usblib-cm4f.lib : usbdmsc.obj (.bss)
                  200064ad    00000003     mmc-ek-lm4f232h5qd.obj (.bss)
                  200064b0    0000000c     usblib-cm4f.lib : usbmode.obj (.bss)
                  200064bc    0000000a     ff.obj (.bss)
                  200064c6    00000002     --HOLE--
                  200064c8    00000004     usb_dev_serial.obj (.bss)
                  200064cc    00000004     usblib-cm4f.lib : usbdcomp.obj (.bss)

.data      0    200064d0    000002ba     
                  200064d0    00000078     usblib-cm4f.lib : usbdcomp.obj (.data:g_sUSBCompositeFIFOConfig)
                  20006548    0000004c                     : usbdcdc.obj (.data:g_sCDCSerDeviceInfo)
                  20006594    0000004c                     : usbdcomp.obj (.data:g_sCompositeDeviceInfo)
                  200065e0    0000004c                     : usbdmsc.obj (.data:g_sMSCDeviceInfo)
                  2000662c    00000040     load.obj (.data:files)
                  2000666c    00000040     usblib-cm4f.lib : usbdcdc.obj (.data)
                  200066ac    00000024     usb_structs.obj (.data:g_sCompDevice)
                  200066d0    00000024     usblib-cm4f.lib : usbdmsc.obj (.data)
                  200066f4    00000020     usb_dev_serial.obj (.data)
                  20006714    00000018     load.obj (.data)
                  2000672c    00000012     usblib-cm4f.lib : usbdcomp.obj (.data)
                  2000673e    00000002     --HOLE--
                  20006740    00000010     usb_structs.obj (.data)
                  20006750    0000000c     usblib-cm4f.lib : usbtick.obj (.data)
                  2000675c    00000009                     : usbmode.obj (.data)
                  20006765    00000003     --HOLE--
                  20006768    00000008     rtsv7M4_T_le_v4SPD16_eabi.lib : _lock.obj (.data)
                  20006770    00000008                                   : exit.obj (.data)
                  20006778    00000008     usbdsdcard.obj (.data)
                  20006780    00000004     rtsv7M4_T_le_v4SPD16_eabi.lib : stkdepth_vars.obj (.data)
                  20006784    00000004     usblib-cm4f.lib : usbdenum.obj (.data)
                  20006788    00000002     mmc-ek-lm4f232h5qd.obj (.data)

.stack     0    2000678c    00000280     UNINITIALIZED
                  2000678c    00000280     --HOLE--


LINKER GENERATED COPY TABLES

__TI_cinit_table @ 00007478 records: 2, size/record: 8, table size: 16
	.data: load addr=00007270, load size=000001f0 bytes, run addr=200064d0, run size=000002ba bytes, compression=rle
	.bss: load addr=00007470, load size=00000008 bytes, run addr=20000000, run size=000064d0 bytes, compression=zero_init


LINKER GENERATED HANDLER TABLE

__TI_handler_table @ 00007460 records: 3, size/record: 4, table size: 12
	index: 0, handler: __TI_decompress_rle24
	index: 1, handler: __TI_decompress_none
	index: 2, handler: __TI_zero_init


GLOBAL SYMBOLS: SORTED ALPHABETICALLY BY Name 

address    name
--------   ----
00006351   ADCIntClear
00006239   ADCIntEnable
000058c1   ADCSequenceConfigure
00005c43   ADCSequenceDataGet
000062b9   ADCSequenceDisable
000062c7   ADCSequenceEnable
0000408d   ADCSequenceStepConfigure
000005e5   BuildCompositeDescriptor
0000509d   C$$EXIT
000062f1   CPUcpsid
000062fd   CPUcpsie
00004435   CmdLineProcess
000056a5   Cmd_msc
00005125   CommandPrint
000051e5   EventHandler
000056d5   GPIODirModeSet
000024a5   GPIOPadConfigSet
00004d99   GPIOPinConfigure
0000635b   GPIOPinRead
00006161   GPIOPinTypeADC
00006173   GPIOPinTypeGPIOOutput
00006185   GPIOPinTypeSSI
00006365   GPIOPinWrite
00003949   InitDACSSI
00004785   InitTimer0
000042a5   IntEnable
0000636f   IntMasterDisable
00006379   IntMasterEnable
000057e5   InternalUSBRegisterTickHandler
00005459   InternalUSBStartOfFrameTick
00005555   InternalUSBTickInit
000040f9   ProcessDataFromHost
000048e5   ProcessDataToHost
00005585   ProcessNotificationToHost
000063cd   ResetISR
00002b45   RxHandler
UNDEFED    SHT$$INIT_ARRAY$$Base
UNDEFED    SHT$$INIT_ARRAY$$Limit
00004f47   SSIConfigSetExpClk
000061cd   SSIDataGetNonBlocking
00006383   SSIDataPut
0000638d   SSIEnable
00003bdd   SerialHandler
0000530d   SerialInit
00004165   SerialMain
00005c85   SysCtlADCSpeedSet
00000a21   SysCtlClockGet
00001431   SysCtlClockSet
000063d3   SysCtlDelay
000047dd   SysCtlPeripheralEnable
000030f9   SysCtlPeripheralReset
00006249   SysCtlUSBPLLEnable
00005a99   SysTickHandler
00005965   TimerConfigure
00005f45   TimerControlTrigger
000062d5   TimerEnable
000063eb   TimerIntClear
000061df   TimerLoadSet
00004c6d   TxHandler
00005f5d   USB0DeviceIntHandler
00004495   USBBufferEventCallback
000063d9   USBBufferFlush
00006079   USBBufferInit
00005abd   USBBufferRead
000063df   USBBufferSpaceAvailable
00005811   USBBufferWrite
0000318d   USBDCDCCompositeInit
0000346d   USBDCDCPacketRead
00004c1f   USBDCDCPacketWrite
00005703   USBDCDCRxPacketAvailable
00006259   USBDCDCTxPacketAvailable
00004adf   USBDCDConfigDescGet
0000583d   USBDCDConfigDescGetNum
00005f75   USBDCDConfigDescGetSize
00005dd1   USBDCDConfigGetInterface
00005299   USBDCDConfigGetInterfaceEndpoint
00001b09   USBDCDInit
000060fd   USBDCDRequestDataEP0
00006269   USBDCDSendDataEP0
00005ded   USBDCDStallEP0
000026f1   USBDCompositeInit
00002bf5   USBDMSCCompositeInit
0000401d   USBDMSCEventCallback
00005f8d   USBDMSCInit
00006309   USBDMSCStorageClose
00006279   USBDMSCStorageNumBlocks
00005645   USBDMSCStorageOpen
0000608f   USBDMSCStorageRead
000060a5   USBDMSCStorageWrite
00001eb9   USBDSCSICommand
00005869   USBDescGet
0000598d   USBDescGetNum
000063ef   USBDevAddrSet
00006397   USBDevConnect
000063a1   USBDevDisconnect
00003ec1   USBDevEndpointConfigSet
00005b05   USBDevEndpointDataAck
000053eb   USBDevEndpointStall
00004b2f   USBDevEndpointStallClear
000045b5   USBDevEndpointStatusClear
000063ab   USBDevMode
00000bf9   USBDeviceConfig
000027ad   USBDeviceConfigAlternate
00002231   USBDeviceEnumHandler
000054c1   USBDeviceEnumResetHandler
00002ca5   USBDeviceIntHandlerInternal
00004de1   USBDeviceResumeTickHandler
00005e91   USBEndpointDMAChannel
00005b29   USBEndpointDMADisable
00005b4d   USBEndpointDMAEnable
00005d5d   USBEndpointDataAvail
00004fd1   USBEndpointDataGet
00005675   USBEndpointDataPut
00005731   USBEndpointDataSend
000061f1   USBEndpointStatus
000063b3   USBFIFOAddrGet
00004f01   USBFIFOConfigSet
000060bb   USBHostResume
000059b5   USBIntEnableControl
00006111   USBIntEnableEndpoint
0000537d   USBIntStatusControl
00006315   USBIntStatusEndpoint
000063bb   USBOTGMode
00005d7b   USBRingBufAdvanceRead
00005421   USBRingBufAdvanceWrite
00005e09   USBRingBufContigFree
00006125   USBRingBufContigUsed
00006139   USBRingBufFlush
00006203   USBRingBufFree
00006321   USBRingBufInit
00005eab   USBRingBufRead
00005ec5   USBRingBufReadOne
000060e7   USBRingBufUsed
00005edf   USBRingBufWrite
00006215   USBRingBufWriteOne
00005ca5   USBStackModeSet
20006a0c   __STACK_END
00000280   __STACK_SIZE
20006a0c   __STACK_TOP
00007478   __TI_CINIT_Base
00007488   __TI_CINIT_Limit
00007460   __TI_Handler_Table_Base
0000746c   __TI_Handler_Table_Limit
00000001   __TI_args_main
00003349   __TI_auto_init
000062e3   __TI_decompress_none
000063e5   __TI_decompress_rle24
00000000   __TI_static_base__
00006227   __TI_zero_init
00004d4f   __aeabi_d2f
000016a5   __aeabi_ddiv
00001a0d   __aeabi_dmul
0000575f   __aeabi_i2d
00003e49   __aeabi_memclr
00003e49   __aeabi_memclr4
00003e49   __aeabi_memclr8
00002f29   __aeabi_memcpy
00002f29   __aeabi_memcpy4
00002f29   __aeabi_memcpy8
00003e4b   __aeabi_memset
00003e4b   __aeabi_memset4
00003e4b   __aeabi_memset8
ffffffff   __binit__
ffffffff   __c_args__
2000678c   __stack
00005fed   _args_main
00004eb9   _c_int00
20006770   _cleanup_ptr
20006774   _dtors_ptr
20006768   _lock
00005fe1   _nop
00005fdb   _register_lock
00005fd5   _register_unlock
2000676c   _unlock
200061c8   a
000050a1   abort
20004ffc   adcValues
00001f99   adc_init
000049e5   adc_interrupt
00001bfd   arm_cos_f32
00001ce9   arm_sin_f32
200061d4   b
20004fe8   backUpCompDevices
ffffffff   binit
00003221   bp_pass_filter
20006498   br
0000632d   buffer_init
20006284   buttonState
2000649c   bw
20006488   bx
2000648c   by
20005ebc   cfg
00004555   composite_device_init
00004cb9   copy_in
00006289   dac_init
00005e25   disable_msc
000012f1   disk_initialize
00001049   disk_ioctl
000033dd   disk_read
00006299   disk_status
00005b71   disk_timerproc
00002921   disk_write
0000011d   do_work
00005221   enable_msc
00006035   errorLoop
000050a9   exit
000017db   f_lseek
0000525d   f_mount
0000156d   f_open
0000119d   f_read
20006234   g_CompInstance
20006750   g_bUSBTimerInitialized
20004ff0   g_eMSCState
200064b4   g_eOTGModeState
2000675c   g_eUSBMode
00007068   g_pCDCCompSerConfigDescriptors
00007220   g_pCDCSerCommInterface
00007064   g_pCDCSerConfigDescriptors
00007034   g_pCDCSerDataInterface
2000667e   g_pCDCSerDescriptor
2000666c   g_pCDCSerDeviceDescriptor
200064cc   g_pCompConfigDescriptors
20006687   g_pIADSerDescriptor
0000718c   g_pLangDescriptor
00007124   g_pMSCConfigDescriptors
000070f4   g_pMSCInterface
000071b4   g_pManufacturerString
00006fc4   g_pProductString
00007190   g_pSerialNumberString
000071a4   g_pStringDescriptors
20004e80   g_pcUSBRxBuffer
20006088   g_pcUSBTxBuffer
200063fc   g_pfTickHandlers
00000000   g_pfnVectors
2000669c   g_psCDCCompSerSections
20006690   g_psCDCSerSections
20006740   g_psCompDevices
200066ec   g_psMSCSections
200061e0   g_psUSBDevice
20004f80   g_pucDescriptorData
200063c4   g_pucRxBufferWorkspace
200063dc   g_pucTxBufferWorkspace
200063f4   g_pulCompWorkspace
20006414   g_pvTickInstance
0000705c   g_sCDCCompSerConfigHeader
00007160   g_sCDCDevice
2000642c   g_sCDCInstance
0000702c   g_sCDCSerCommInterfaceSection
00007054   g_sCDCSerConfigHeader
0000701c   g_sCDCSerConfigSection
0000704c   g_sCDCSerDataInterfaceSection
20006548   g_sCDCSerDeviceInfo
200066fc   g_sCmdTable
200066ac   g_sCompDevice
20006594   g_sCompositeDeviceInfo
20004ff4   g_sDriveInformation
20005400   g_sFatFs
00007024   g_sIADSerConfigSection
200066f4   g_sLineCoding
0000711c   g_sMSCConfigHeader
0000710c   g_sMSCConfigSection
0000706c   g_sMSCDevice
200065e0   g_sMSCDeviceInfo
20004c50   g_sMSCInstance
00007114   g_sMSCInterfaceSection
000071d8   g_sRxBuffer
000071fc   g_sTxBuffer
200064d0   g_sUSBCompositeFIFOConfig
00006df8   g_sUSBDefaultFIFOConfig
00006e70   g_sUSBMSCFIFOConfig
20006754   g_ulCurrentUSBTick
20004ff8   g_ulFlags
20004fe4   g_ulIdleTimeout
200064b0   g_ulPollRate
20006490   g_ulSysTickCount
20006758   g_ulUSBSOFCount
20006760   g_ulWaitTicks
00002fc5   generate_filter_coeffs
000063c5   get_fattime
00002ded   high_pass_filter
20006718   i
2000647c   index
20006188   interruptCounter
20006384   ledState
000062a9   load_generate_coeffs
000018fd   load_init
00004309   load_set_one
0000436d   load_set_two
00003061   low_pass_filter
20006480   lx
20006484   ly
00002e8d   main
20006780   main_func_sp
00005c21   memcmp
00002f29   memcpy
00003e51   memset
00005015   msc_init
000036a1   notch_filter
00004e29   playback_interrupt
00000805   poll_interrupt
20006714   pushed
20006494   res
20005000   sDMAControlTable
20006778   store
00006005   strcmp
0000614d   test
2000677c   transfer
000050e1   uDMAChannelAttributeDisable
00005b95   uDMAChannelControlSet
0000601d   uDMAChannelEnable
00005895   uDMAChannelModeGet
00003c5d   uDMAChannelTransferSet


GLOBAL SYMBOLS: SORTED BY Symbol Address 

address    name
--------   ----
00000000   __TI_static_base__
00000000   g_pfnVectors
00000001   __TI_args_main
0000011d   do_work
00000280   __STACK_SIZE
000005e5   BuildCompositeDescriptor
00000805   poll_interrupt
00000a21   SysCtlClockGet
00000bf9   USBDeviceConfig
00001049   disk_ioctl
0000119d   f_read
000012f1   disk_initialize
00001431   SysCtlClockSet
0000156d   f_open
000016a5   __aeabi_ddiv
000017db   f_lseek
000018fd   load_init
00001a0d   __aeabi_dmul
00001b09   USBDCDInit
00001bfd   arm_cos_f32
00001ce9   arm_sin_f32
00001eb9   USBDSCSICommand
00001f99   adc_init
00002231   USBDeviceEnumHandler
000024a5   GPIOPadConfigSet
000026f1   USBDCompositeInit
000027ad   USBDeviceConfigAlternate
00002921   disk_write
00002b45   RxHandler
00002bf5   USBDMSCCompositeInit
00002ca5   USBDeviceIntHandlerInternal
00002ded   high_pass_filter
00002e8d   main
00002f29   __aeabi_memcpy
00002f29   __aeabi_memcpy4
00002f29   __aeabi_memcpy8
00002f29   memcpy
00002fc5   generate_filter_coeffs
00003061   low_pass_filter
000030f9   SysCtlPeripheralReset
0000318d   USBDCDCCompositeInit
00003221   bp_pass_filter
00003349   __TI_auto_init
000033dd   disk_read
0000346d   USBDCDCPacketRead
000036a1   notch_filter
00003949   InitDACSSI
00003bdd   SerialHandler
00003c5d   uDMAChannelTransferSet
00003e49   __aeabi_memclr
00003e49   __aeabi_memclr4
00003e49   __aeabi_memclr8
00003e4b   __aeabi_memset
00003e4b   __aeabi_memset4
00003e4b   __aeabi_memset8
00003e51   memset
00003ec1   USBDevEndpointConfigSet
0000401d   USBDMSCEventCallback
0000408d   ADCSequenceStepConfigure
000040f9   ProcessDataFromHost
00004165   SerialMain
000042a5   IntEnable
00004309   load_set_one
0000436d   load_set_two
00004435   CmdLineProcess
00004495   USBBufferEventCallback
00004555   composite_device_init
000045b5   USBDevEndpointStatusClear
00004785   InitTimer0
000047dd   SysCtlPeripheralEnable
000048e5   ProcessDataToHost
000049e5   adc_interrupt
00004adf   USBDCDConfigDescGet
00004b2f   USBDevEndpointStallClear
00004c1f   USBDCDCPacketWrite
00004c6d   TxHandler
00004cb9   copy_in
00004d4f   __aeabi_d2f
00004d99   GPIOPinConfigure
00004de1   USBDeviceResumeTickHandler
00004e29   playback_interrupt
00004eb9   _c_int00
00004f01   USBFIFOConfigSet
00004f47   SSIConfigSetExpClk
00004fd1   USBEndpointDataGet
00005015   msc_init
0000509d   C$$EXIT
000050a1   abort
000050a9   exit
000050e1   uDMAChannelAttributeDisable
00005125   CommandPrint
000051e5   EventHandler
00005221   enable_msc
0000525d   f_mount
00005299   USBDCDConfigGetInterfaceEndpoint
0000530d   SerialInit
0000537d   USBIntStatusControl
000053eb   USBDevEndpointStall
00005421   USBRingBufAdvanceWrite
00005459   InternalUSBStartOfFrameTick
000054c1   USBDeviceEnumResetHandler
00005555   InternalUSBTickInit
00005585   ProcessNotificationToHost
00005645   USBDMSCStorageOpen
00005675   USBEndpointDataPut
000056a5   Cmd_msc
000056d5   GPIODirModeSet
00005703   USBDCDCRxPacketAvailable
00005731   USBEndpointDataSend
0000575f   __aeabi_i2d
000057e5   InternalUSBRegisterTickHandler
00005811   USBBufferWrite
0000583d   USBDCDConfigDescGetNum
00005869   USBDescGet
00005895   uDMAChannelModeGet
000058c1   ADCSequenceConfigure
00005965   TimerConfigure
0000598d   USBDescGetNum
000059b5   USBIntEnableControl
00005a99   SysTickHandler
00005abd   USBBufferRead
00005b05   USBDevEndpointDataAck
00005b29   USBEndpointDMADisable
00005b4d   USBEndpointDMAEnable
00005b71   disk_timerproc
00005b95   uDMAChannelControlSet
00005c21   memcmp
00005c43   ADCSequenceDataGet
00005c85   SysCtlADCSpeedSet
00005ca5   USBStackModeSet
00005d5d   USBEndpointDataAvail
00005d7b   USBRingBufAdvanceRead
00005dd1   USBDCDConfigGetInterface
00005ded   USBDCDStallEP0
00005e09   USBRingBufContigFree
00005e25   disable_msc
00005e91   USBEndpointDMAChannel
00005eab   USBRingBufRead
00005ec5   USBRingBufReadOne
00005edf   USBRingBufWrite
00005f45   TimerControlTrigger
00005f5d   USB0DeviceIntHandler
00005f75   USBDCDConfigDescGetSize
00005f8d   USBDMSCInit
00005fd5   _register_unlock
00005fdb   _register_lock
00005fe1   _nop
00005fed   _args_main
00006005   strcmp
0000601d   uDMAChannelEnable
00006035   errorLoop
00006079   USBBufferInit
0000608f   USBDMSCStorageRead
000060a5   USBDMSCStorageWrite
000060bb   USBHostResume
000060e7   USBRingBufUsed
000060fd   USBDCDRequestDataEP0
00006111   USBIntEnableEndpoint
00006125   USBRingBufContigUsed
00006139   USBRingBufFlush
0000614d   test
00006161   GPIOPinTypeADC
00006173   GPIOPinTypeGPIOOutput
00006185   GPIOPinTypeSSI
000061cd   SSIDataGetNonBlocking
000061df   TimerLoadSet
000061f1   USBEndpointStatus
00006203   USBRingBufFree
00006215   USBRingBufWriteOne
00006227   __TI_zero_init
00006239   ADCIntEnable
00006249   SysCtlUSBPLLEnable
00006259   USBDCDCTxPacketAvailable
00006269   USBDCDSendDataEP0
00006279   USBDMSCStorageNumBlocks
00006289   dac_init
00006299   disk_status
000062a9   load_generate_coeffs
000062b9   ADCSequenceDisable
000062c7   ADCSequenceEnable
000062d5   TimerEnable
000062e3   __TI_decompress_none
000062f1   CPUcpsid
000062fd   CPUcpsie
00006309   USBDMSCStorageClose
00006315   USBIntStatusEndpoint
00006321   USBRingBufInit
0000632d   buffer_init
00006351   ADCIntClear
0000635b   GPIOPinRead
00006365   GPIOPinWrite
0000636f   IntMasterDisable
00006379   IntMasterEnable
00006383   SSIDataPut
0000638d   SSIEnable
00006397   USBDevConnect
000063a1   USBDevDisconnect
000063ab   USBDevMode
000063b3   USBFIFOAddrGet
000063bb   USBOTGMode
000063c5   get_fattime
000063cd   ResetISR
000063d3   SysCtlDelay
000063d9   USBBufferFlush
000063df   USBBufferSpaceAvailable
000063e5   __TI_decompress_rle24
000063eb   TimerIntClear
000063ef   USBDevAddrSet
00006df8   g_sUSBDefaultFIFOConfig
00006e70   g_sUSBMSCFIFOConfig
00006fc4   g_pProductString
0000701c   g_sCDCSerConfigSection
00007024   g_sIADSerConfigSection
0000702c   g_sCDCSerCommInterfaceSection
00007034   g_pCDCSerDataInterface
0000704c   g_sCDCSerDataInterfaceSection
00007054   g_sCDCSerConfigHeader
0000705c   g_sCDCCompSerConfigHeader
00007064   g_pCDCSerConfigDescriptors
00007068   g_pCDCCompSerConfigDescriptors
0000706c   g_sMSCDevice
000070f4   g_pMSCInterface
0000710c   g_sMSCConfigSection
00007114   g_sMSCInterfaceSection
0000711c   g_sMSCConfigHeader
00007124   g_pMSCConfigDescriptors
00007160   g_sCDCDevice
0000718c   g_pLangDescriptor
00007190   g_pSerialNumberString
000071a4   g_pStringDescriptors
000071b4   g_pManufacturerString
000071d8   g_sRxBuffer
000071fc   g_sTxBuffer
00007220   g_pCDCSerCommInterface
00007460   __TI_Handler_Table_Base
0000746c   __TI_Handler_Table_Limit
00007478   __TI_CINIT_Base
00007488   __TI_CINIT_Limit
20004c50   g_sMSCInstance
20004e80   g_pcUSBRxBuffer
20004f80   g_pucDescriptorData
20004fe4   g_ulIdleTimeout
20004fe8   backUpCompDevices
20004ff0   g_eMSCState
20004ff4   g_sDriveInformation
20004ff8   g_ulFlags
20004ffc   adcValues
20005000   sDMAControlTable
20005400   g_sFatFs
20005ebc   cfg
20006088   g_pcUSBTxBuffer
20006188   interruptCounter
200061c8   a
200061d4   b
200061e0   g_psUSBDevice
20006234   g_CompInstance
20006284   buttonState
20006384   ledState
200063c4   g_pucRxBufferWorkspace
200063dc   g_pucTxBufferWorkspace
200063f4   g_pulCompWorkspace
200063fc   g_pfTickHandlers
20006414   g_pvTickInstance
2000642c   g_sCDCInstance
2000647c   index
20006480   lx
20006484   ly
20006488   bx
2000648c   by
20006490   g_ulSysTickCount
20006494   res
20006498   br
2000649c   bw
200064b0   g_ulPollRate
200064b4   g_eOTGModeState
200064cc   g_pCompConfigDescriptors
200064d0   g_sUSBCompositeFIFOConfig
20006548   g_sCDCSerDeviceInfo
20006594   g_sCompositeDeviceInfo
200065e0   g_sMSCDeviceInfo
2000666c   g_pCDCSerDeviceDescriptor
2000667e   g_pCDCSerDescriptor
20006687   g_pIADSerDescriptor
20006690   g_psCDCSerSections
2000669c   g_psCDCCompSerSections
200066ac   g_sCompDevice
200066ec   g_psMSCSections
200066f4   g_sLineCoding
200066fc   g_sCmdTable
20006714   pushed
20006718   i
20006740   g_psCompDevices
20006750   g_bUSBTimerInitialized
20006754   g_ulCurrentUSBTick
20006758   g_ulUSBSOFCount
2000675c   g_eUSBMode
20006760   g_ulWaitTicks
20006768   _lock
2000676c   _unlock
20006770   _cleanup_ptr
20006774   _dtors_ptr
20006778   store
2000677c   transfer
20006780   main_func_sp
2000678c   __stack
20006a0c   __STACK_END
20006a0c   __STACK_TOP
ffffffff   __binit__
ffffffff   __c_args__
ffffffff   binit
UNDEFED    SHT$$INIT_ARRAY$$Base
UNDEFED    SHT$$INIT_ARRAY$$Limit

[312 symbols]
