******************************************************************************
                  TMS470 Linker PC v4.9.5                      
******************************************************************************
>> Linked Tue May 21 15:22:57 2013

OUTPUT FILE NAME:   <ENGG4810.out>
ENTRY POINT SYMBOL: "_c_int00"  address: 0000497d


MEMORY CONFIGURATION

         name            origin    length      used     unused   attr    fill
----------------------  --------  ---------  --------  --------  ----  --------
  FLASH                 00000000   00080000  000064d2  00079b2e  R  X
  SRAM                  20000000   00018000  000076d4  0001092c  RW X


SEGMENT ALLOCATION MAP

run origin  load origin   length   init length attrs members
----------  ----------- ---------- ----------- ----- -------
00000000    00000000    000064d8   000064d8    r-x
  00000000    00000000    0000011c   0000011c    r-- .intvecs
  0000011c    0000011c    000055aa   000055aa    r-x .text
  000056c8    000056c8    00000d2c   00000d2c    r-- .const
  000063f8    000063f8    000000e0   000000e0    r-- .cinit
20000000    20000000    000075d0   00000000    rw-
  20000000    20000000    0000734e   00000000    rw- .bss
  20007350    20007350    00000280   00000000    rw- .stack
200075d0    200075d0    00000106   00000106    rw-
  200075d0    200075d0    00000106   00000106    rw- .data


SECTION ALLOCATION MAP

 output                                  attributes/
section   page    origin      length       input sections
--------  ----  ----------  ----------   ----------------
.intvecs   0    00000000    0000011c     
                  00000000    0000011c     startup_ccs.obj (.intvecs)

.init_array 
*          0    00000000    00000000     UNINITIALIZED

.text      0    0000011c    000055aa     
                  0000011c    000004a8     load.obj (.text:do_work)
                  000005c4    00000268     poll.obj (.text:poll_interrupt)
                  0000082c    00000258     poll.obj (.text:poll_init)
                  00000a84    00000220     usblib-cm4f.lib : usbdmsc.obj (.text:HandleEndpoints)
                  00000ca4    000001d8     driverlib-cm4f.lib : sysctl.obj (.text:SysCtlClockGet)
                  00000e7c    00000188     usblib-cm4f.lib : usbdconfig.obj (.text:USBDeviceConfig)
                  00001004    00000168     ff.obj (.text:auto_mount)
                  0000116c    00000160     usblib-cm4f.lib : usbdenum.obj (.text:USBDEP0StateTxConfig)
                  000012cc    00000154     mmc-ek-lm4f232h5qd.obj (.text:disk_ioctl)
                  00001420    00000154     ff.obj (.text:f_read)
                  00001574    00000154     load.obj (.text:load_set_params)
                  000016c8    00000140     mmc-ek-lm4f232h5qd.obj (.text:disk_initialize)
                  00001808    0000013c     driverlib-cm4f.lib : sysctl.obj (.text:SysCtlClockSet)
                  00001944    00000138     ff.obj (.text:f_open)
                  00001a7c    00000136     rtsv7M4_T_le_v4SPD16_eabi.lib : fd_div_t2.obj (.text)
                  00001bb2    00000120     ff.obj (.text:f_lseek)
                  00001cd2    000000fc     rtsv7M4_T_le_v4SPD16_eabi.lib : fd_mul_t2.obj (.text)
                  00001dce    00000002     startup_ccs.obj (.text:FaultISR)
                  00001dd0    000000f4     usblib-cm4f.lib : usbdenum.obj (.text:USBDCDInit)
                  00001ec4    000000f0     adc.obj (.text:adc_init)
                  00001fb4    000000ec     dsplib-cm4f.lib : arm_cos_f32.obj (.text:arm_cos_f32)
                  000020a0    000000ec                     : arm_sin_f32.obj (.text:arm_sin_f32)
                  0000218c    000000e4     usblib-cm4f.lib : usbdmsc.obj (.text:USBDSCSIRead10)
                  00002270    000000e0                     : usbdmsc.obj (.text:USBDSCSICommand)
                  00002350    000000de     ff.obj (.text:make_dirfile)
                  0000242e    00000002     startup_ccs.obj (.text:IntDefaultHandler)
                  00002430    000000dc     poll.obj (.text:start_playing)
                  0000250c    000000d8     ff.obj (.text:trace_path)
                  000025e4    000000d4     usblib-cm4f.lib : usbdenum.obj (.text:USBDeviceEnumHandler)
                  000026b8    000000d0                     : usbdenum.obj (.text:USBDGetDescriptor)
                  00002788    000000d0     ff.obj (.text:put_cluster)
                  00002858    000000c8     driverlib-cm4f.lib : gpio.obj (.text:GPIOPadConfigSet)
                  00002920    000000c4     ff.obj (.text:reserve_direntry)
                  000029e4    000000bc     usblib-cm4f.lib : usbdconfig.obj (.text:USBDeviceConfigAlternate)
                  00002aa0    000000b8                     : usbdmsc.obj (.text:USBDSCSIWrite10)
                  00002b58    000000b8     mmc-ek-lm4f232h5qd.obj (.text:disk_write)
                  00002c10    000000b8     ff.obj (.text:get_cluster)
                  00002cc8    000000b0     usblib-cm4f.lib : usbdmsc.obj (.text:USBDMSCCompositeInit)
                  00002d78    000000a8     load.obj (.text:load_init)
                  00002e20    000000a4     usblib-cm4f.lib : usbdenum.obj (.text:USBDeviceIntHandlerInternal)
                  00002ec4    000000a0     filterGen.obj (.text:high_pass_filter)
                  00002f64    0000009c     rtsv7M4_T_le_v4SPD16_eabi.lib : memcpy_t2.obj (.text)
                  00003000    0000009a     filterGen.obj (.text:generate_filter_coeffs)
                  0000309a    00000002     startup_ccs.obj (.text:NmiSR)
                  0000309c    00000098     filterGen.obj (.text:low_pass_filter)
                  00003134    00000094     driverlib-cm4f.lib : sysctl.obj (.text:SysCtlPeripheralReset)
                  000031c8    00000094     filterGen.obj (.text:bp_pass_filter)
                  0000325c    00000094     main.obj (.text:main)
                  000032f0    00000094     mmc-ek-lm4f232h5qd.obj (.text:power_on)
                  00003384    00000094     rtsv7M4_T_le_v4SPD16_eabi.lib : auto_init.obj (.text)
                  00003418    00000090     mmc-ek-lm4f232h5qd.obj (.text:disk_read)
                  000034a8    0000008c     usblib-cm4f.lib : usbdmsc.obj (.text:USBDSCSIReadCapacities)
                  00003534    0000008c                     : usbdmsc.obj (.text:USBDSCSIReadCapacity)
                  000035c0    0000008c     filterGen.obj (.text:notch_filter)
                  0000364c    00000088     usblib-cm4f.lib : usbdmsc.obj (.text:USBDSCSIInquiry)
                  000036d4    00000088     poll.obj (.text:button_pushed)
                  0000375c    00000086     ff.obj (.text:create_chain)
                  000037e2    00000002     --HOLE-- [fill = 0]
                  000037e4    00000084     usblib-cm4f.lib : usbdmsc.obj (.text:HandleDevice)
                  00003868    00000084     dac.obj (.text:InitDACSSI)
                  000038ec    00000084     usblib-cm4f.lib : usbdenum.obj (.text:USBDClearFeature)
                  00003970    00000084                     : usbdmsc.obj (.text:USBDSCSIModeSense6)
                  000039f4    00000084                     : usbdenum.obj (.text:USBDSetConfiguration)
                  00003a78    00000084                     : usbdenum.obj (.text:USBDSetInterface)
                  00003afc    00000080     load.obj (.text:playback_interrupt)
                  00003b7c    00000080     driverlib-cm4f.lib : udma.obj (.text:uDMAChannelTransferSet)
                  00003bfc    0000007c     adc.obj (.text:adc_interrupt)
                  00003c78    0000007c     usbdsdcard.obj (.text:msc_init)
                  00003cf4    00000078     usblib-cm4f.lib : usbdenum.obj (.text:USBDGetStatus)
                  00003d6c    00000078     ff.obj (.text:move_window)
                  00003de4    00000078     rtsv7M4_T_le_v4SPD16_eabi.lib : memset_t2.obj (.text)
                  00003e5c    00000076     driverlib-cm4f.lib : usb.obj (.text:USBDevEndpointConfigSet)
                  00003ed2    00000002     --HOLE-- [fill = 0]
                  00003ed4    00000074     load.obj (.text:load_generate_coeffs)
                  00003f48    00000070     usblib-cm4f.lib : usbdmsc.obj (.text:ConfigChangeHandler)
                  00003fb8    00000070     usbdsdcard.obj (.text:USBDMSCEventCallback)
                  00004028    0000006c     driverlib-cm4f.lib : adc.obj (.text:ADCSequenceStepConfigure)
                  00004094    0000006c     usblib-cm4f.lib : usbdenum.obj (.text:USBDSetFeature)
                  00004100    0000006c     poll.obj (.text:button_released)
                  0000416c    00000068     usblib-cm4f.lib : usbdenum.obj (.text:USBDEP0StateTx)
                  000041d4    00000064     driverlib-cm4f.lib : interrupt.obj (.text:IntEnable)
                  00004238    00000062     mmc-ek-lm4f232h5qd.obj (.text:send_cmd)
                  0000429a    00000002     --HOLE-- [fill = 0]
                  0000429c    00000060     usblib-cm4f.lib : usbdmsc.obj (.text:USBDSCSIRequestSense)
                  000042fc    0000005e     driverlib-cm4f.lib : usb.obj (.text:USBDevEndpointStatusClear)
                  0000435a    00000002     --HOLE-- [fill = 0]
                  0000435c    0000005e     ff.obj (.text:check_fs)
                  000043ba    0000005e     rtsv7M4_T_le_v4SPD16_eabi.lib : copy_decompress_rle.obj (.text)
                  00004418    00000058     dac.obj (.text:InitTimer0)
                  00004470    00000058     driverlib-cm4f.lib : sysctl.obj (.text:SysCtlPeripheralEnable)
                  000044c8    00000058     usblib-cm4f.lib : usbdenum.obj (.text:USBDReadAndDispatchRequest)
                  00004520    00000058                     : usbdenum.obj (.text:USBDStringIndexFromRequest)
                  00004578    00000056     ff.obj (.text:next_dir_entry)
                  000045ce    00000054     usblib-cm4f.lib : usbdconfig.obj (.text:GetEPDescriptorType)
                  00004622    00000002     --HOLE-- [fill = 0]
                  00004624    00000054     mmc-ek-lm4f232h5qd.obj (.text:send_initial_clock_train)
                  00004678    00000052     mmc-ek-lm4f232h5qd.obj (.text:xmit_datablock)
                  000046ca    00000050     usblib-cm4f.lib : usbdcdesc.obj (.text:USBDCDConfigDescGet)
                  0000471a    00000050     driverlib-cm4f.lib : usb.obj (.text:USBDevEndpointStallClear)
                  0000476a    00000002     --HOLE-- [fill = 0]
                  0000476c    00000050     mmc-ek-lm4f232h5qd.obj (.text:set_max_speed)
                  000047bc    0000004e     usblib-cm4f.lib : usbdcdesc.obj (.text:ConfigAlternateInterfaceGet)
                  0000480a    00000002     --HOLE-- [fill = 0]
                  0000480c    0000004c     rtsv7M4_T_le_v4SPD16_eabi.lib : cpy_tbl.obj (.text)
                  00004858    0000004a                                   : fd_tos_t2.obj (.text)
                  000048a2    00000002     --HOLE-- [fill = 0]
                  000048a4    00000048     driverlib-cm4f.lib : gpio.obj (.text:GPIOPinConfigure)
                  000048ec    00000048     usblib-cm4f.lib : usbdenum.obj (.text:USBDeviceResumeTickHandler)
                  00004934    00000048     mmc-ek-lm4f232h5qd.obj (.text:rcvr_datablock)
                  0000497c    00000048     rtsv7M4_T_le_v4SPD16_eabi.lib : boot.obj (.text)
                  000049c4    00000046     driverlib-cm4f.lib : usb.obj (.text:USBFIFOConfigSet)
                  00004a0a    00000044                        : ssi.obj (.text:SSIConfigSetExpClk)
                  00004a4e    00000002     --HOLE-- [fill = 0]
                  00004a50    00000044     usblib-cm4f.lib : usbdenum.obj (.text:USBDGetInterface)
                  00004a94    00000044     driverlib-cm4f.lib : usb.obj (.text:USBEndpointDataGet)
                  00004ad8    00000044     ff.obj (.text:remove_chain)
                  00004b1c    00000044     rtsv7M4_T_le_v4SPD16_eabi.lib : exit.obj (.text)
                  00004b60    00000044     driverlib-cm4f.lib : udma.obj (.text:uDMAChannelAttributeDisable)
                  00004ba4    00000040     load.obj (.text:load_set_one)
                  00004be4    00000040     load.obj (.text:load_set_two)
                  00004c24    0000003e     usblib-cm4f.lib : usbdconfig.obj (.text:GetEndpointFIFOSize)
                  00004c62    00000002     --HOLE-- [fill = 0]
                  00004c64    0000003c     ff.obj (.text:f_mount)
                  00004ca0    0000003a     usblib-cm4f.lib : usbdcdesc.obj (.text:USBDCDConfigGetInterfaceEndpoint)
                  00004cda    00000002     --HOLE-- [fill = 0]
                  00004cdc    00000038                     : usbdenum.obj (.text:USBDGetConfiguration)
                  00004d14    00000038     driverlib-cm4f.lib : usb.obj (.text:USBIntStatusControl)
                  00004d4c    00000036     usblib-cm4f.lib : usbdcdesc.obj (.text:NextConfigDescGet)
                  00004d82    00000036     driverlib-cm4f.lib : usb.obj (.text:USBDevEndpointStall)
                  00004db8    00000034     usblib-cm4f.lib : usbtick.obj (.text:InternalUSBStartOfFrameTick)
                  00004dec    00000034                     : usbdmsc.obj (.text:USBDSCSISendStatus)
                  00004e20    00000032                     : usbdenum.obj (.text:USBDeviceEnumResetHandler)
                  00004e52    00000032     mmc-ek-lm4f232h5qd.obj (.text:send_cmd12)
                  00004e84    00000030     usblib-cm4f.lib : usbtick.obj (.text:InternalUSBTickInit)
                  00004eb4    00000030     usbdsdcard.obj (.text:USBDMSCStorageOpen)
                  00004ee4    00000030     driverlib-cm4f.lib : usb.obj (.text:USBEndpointDataPut)
                  00004f14    0000002e                        : gpio.obj (.text:GPIODirModeSet)
                  00004f42    0000002e                        : usb.obj (.text:USBEndpointDataSend)
                  00004f70    0000002e     rtsv7M4_T_le_v4SPD16_eabi.lib : i_tofd_t2.obj (.text)
                  00004f9e    0000002c     usblib-cm4f.lib : usbdcdesc.obj (.text:USBDCDConfigDescGetNum)
                  00004fca    0000002c                     : usbdesc.obj (.text:USBDescGet)
                  00004ff6    00000002     --HOLE-- [fill = 0]
                  00004ff8    0000002c     driverlib-cm4f.lib : udma.obj (.text:uDMAChannelModeGet)
                  00005024    0000002a                        : adc.obj (.text:ADCSequenceConfigure)
                  0000504e    00000002     --HOLE-- [fill = 0]
                  00005050    00000028                        : timer.obj (.text:TimerConfigure)
                  00005078    00000028     usblib-cm4f.lib : usbdesc.obj (.text:USBDescGetNum)
                  000050a0    00000028     driverlib-cm4f.lib : usb.obj (.text:USBIntEnableControl)
                  000050c8    00000028     mmc-ek-lm4f232h5qd.obj (.text:rcvr_spi)
                  000050f0    00000024     main.obj (.text:SysTickHandler)
                  00005114    00000024     usblib-cm4f.lib : usbdenum.obj (.text:USBDSetAddress)
                  00005138    00000024     driverlib-cm4f.lib : usb.obj (.text:USBDevEndpointDataAck)
                  0000515c    00000024                        : usb.obj (.text:USBEndpointDMADisable)
                  00005180    00000024                        : usb.obj (.text:USBEndpointDMAEnable)
                  000051a4    00000024     mmc-ek-lm4f232h5qd.obj (.text:disk_timerproc)
                  000051c8    00000024     driverlib-cm4f.lib : udma.obj (.text:uDMAChannelControlSet)
                  000051ec    00000024     mmc-ek-lm4f232h5qd.obj (.text:xmit_spi)
                  00005210    00000022     usblib-cm4f.lib : usbdmsc.obj (.text:HandleDisconnect)
                  00005232    00000022     rtsv7M4_T_le_v4SPD16_eabi.lib : memcmp.obj (.text)
                  00005254    00000020     driverlib-cm4f.lib : adc.obj (.text:ADCSequenceDataGet)
                  00005274    00000020                        : sysctl.obj (.text:SysCtlADCSpeedSet)
                  00005294    00000020     usblib-cm4f.lib : usbmode.obj (.text:USBStackModeSet)
                  000052b4    00000020     mmc-ek-lm4f232h5qd.obj (.text:wait_ready)
                  000052d4    0000001c     usblib-cm4f.lib : usbdmsc.obj (.text:HandleRequests)
                  000052f0    0000001c                     : usbdcdesc.obj (.text:USBDCDConfigGetInterface)
                  0000530c    0000001c                     : usbdenum.obj (.text:USBDCDStallEP0)
                  00005328    0000001c     ff.obj (.text:validate)
                  00005344    0000001a     driverlib-cm4f.lib : usb.obj (.text:USBEndpointDMAChannel)
                  0000535e    0000001a     ff.obj (.text:clust2sect)
                  00005378    00000018     mmc-ek-lm4f232h5qd.obj (.text:DESELECT)
                  00005390    00000018     mmc-ek-lm4f232h5qd.obj (.text:SELECT)
                  000053a8    00000018     driverlib-cm4f.lib : timer.obj (.text:TimerControlTrigger)
                  000053c0    00000018     usblib-cm4f.lib : usbdhandler.obj (.text:USB0DeviceIntHandler)
                  000053d8    00000018                     : usbdcdesc.obj (.text:USBDCDConfigDescGetSize)
                  000053f0    00000018                     : usbdmsc.obj (.text:USBDMSCInit)
                  00005408    00000018                     : usbdenum.obj (.text:USBDSetDescriptor)
                  00005420    00000018                     : usbdenum.obj (.text:USBDSyncFrame)
                  00005438    00000018     rtsv7M4_T_le_v4SPD16_eabi.lib : _lock.obj (.text)
                  00005450    00000018                                   : args_main.obj (.text)
                  00005468    00000018     driverlib-cm4f.lib : udma.obj (.text:uDMAChannelEnable)
                  00005480    00000016     usbdsdcard.obj (.text:USBDMSCStorageRead)
                  00005496    00000016     usbdsdcard.obj (.text:USBDMSCStorageWrite)
                  000054ac    00000016     driverlib-cm4f.lib : usb.obj (.text:USBHostResume)
                  000054c2    00000016                        : usb.obj (.text:USBIndexWrite)
                  000054d8    00000014                        : usb.obj (.text:USBIntEnableEndpoint)
                  000054ec    00000012                        : gpio.obj (.text:GPIOPinTypeADC)
                  000054fe    00000012                        : gpio.obj (.text:GPIOPinTypeGPIOInput)
                  00005510    00000012                        : gpio.obj (.text:GPIOPinTypeGPIOOutput)
                  00005522    00000012                        : gpio.obj (.text:GPIOPinTypeSSI)
                  00005534    00000012                        : ssi.obj (.text:SSIDataGetNonBlocking)
                  00005546    00000012                        : timer.obj (.text:TimerLoadSet)
                  00005558    00000012                        : usb.obj (.text:USBEndpointStatus)
                  0000556a    00000012     rtsv7M4_T_le_v4SPD16_eabi.lib : copy_zero_init.obj (.text:decompress:ZI)
                  0000557c    00000010     driverlib-cm4f.lib : adc.obj (.text:ADCIntEnable)
                  0000558c    00000010                        : sysctl.obj (.text:SysCtlUSBPLLEnable)
                  0000559c    00000010     usblib-cm4f.lib : usbdenum.obj (.text:USBDCDSendDataEP0)
                  000055ac    00000010     usbdsdcard.obj (.text:USBDMSCStorageNumBlocks)
                  000055bc    00000010     dac.obj (.text:dac_init)
                  000055cc    00000010     mmc-ek-lm4f232h5qd.obj (.text:disk_status)
                  000055dc    0000000e     driverlib-cm4f.lib : adc.obj (.text:ADCSequenceDisable)
                  000055ea    0000000e                        : adc.obj (.text:ADCSequenceEnable)
                  000055f8    0000000e                        : timer.obj (.text:TimerEnable)
                  00005606    0000000e     rtsv7M4_T_le_v4SPD16_eabi.lib : copy_decompress_none.obj (.text:decompress:none)
                  00005614    0000000c     usbdsdcard.obj (.text:USBDMSCStorageClose)
                  00005620    0000000c     driverlib-cm4f.lib : usb.obj (.text:USBIntStatusEndpoint)
                  0000562c    0000000c     mmc-ek-lm4f232h5qd.obj (.text:power_off)
                  00005638    0000000c     mmc-ek-lm4f232h5qd.obj (.text:rcvr_spi_m)
                  00005644    0000000a     driverlib-cm4f.lib : adc.obj (.text:ADCIntClear)
                  0000564e    0000000a                        : gpio.obj (.text:GPIOPinRead)
                  00005658    0000000a                        : gpio.obj (.text:GPIOPinWrite)
                  00005662    0000000a                        : ssi.obj (.text:SSIDataPut)
                  0000566c    0000000a                        : ssi.obj (.text:SSIEnable)
                  00005676    0000000a                        : usb.obj (.text:USBDevConnect)
                  00005680    0000000a                        : usb.obj (.text:USBDevDisconnect)
                  0000568a    00000008                        : usb.obj (.text:USBDevMode)
                  00005692    00000008                        : usb.obj (.text:USBFIFOAddrGet)
                  0000569a    00000008                        : usb.obj (.text:USBOTGMode)
                  000056a2    00000002     --HOLE-- [fill = 0]
                  000056a4    00000008     mmc-ek-lm4f232h5qd.obj (.text:get_fattime)
                  000056ac    00000006     startup_ccs.obj (.text:ResetISR)
                  000056b2    00000006     driverlib-cm4f.lib : sysctl.obj (.text:SysCtlDelay)
                  000056b8    00000006     rtsv7M4_T_le_v4SPD16_eabi.lib : copy_decompress_rle.obj (.text:decompress:rle24)
                  000056be    00000004     driverlib-cm4f.lib : timer.obj (.text:TimerIntClear)
                  000056c2    00000004                        : usb.obj (.text:USBDevAddrSet)

.const     0    000056c8    00000d2c     
                  000056c8    00000410     dsplib-cm4f.lib : arm_cos_f32.obj (.const:cosTable)
                  00005ad8    0000040c                     : arm_sin_f32.obj (.const:sinTable)
                  00005ee4    000000fc     poll.obj (.const)
                  00005fe0    00000080     load.obj (.const:.string)
                  00006060    00000078     driverlib-cm4f.lib : gpio.obj (.const:g_pulGPIOBaseAddrs)
                  000060d8    00000078     usblib-cm4f.lib : usbdmsc.obj (.const:g_sUSBMSCFIFOConfig)
                  00006150    00000070     driverlib-cm4f.lib : interrupt.obj (.const)
                  000061c0    0000006c                        : sysctl.obj (.const:g_pulXtals)
                  0000622c    00000048     usb_structs.obj (.const:g_sMSCDevice)
                  00006274    00000040     driverlib-cm4f.lib : sysctl.obj (.const)
                  000062b4    00000035     usblib-cm4f.lib : usbdmsc.obj (.const)
                  000062e9    00000003     --HOLE-- [fill = 0]
                  000062ec    00000034                     : usbdenum.obj (.const:g_psUSBDStdRequests)
                  00006320    00000030     usb_structs.obj (.const:g_pConfigString)
                  00006350    00000030     usb_structs.obj (.const)
                  00006380    00000028     usb_structs.obj (.const:g_pDataInterfaceString)
                  000063a8    00000028     usb_structs.obj (.const:g_pProductString)
                  000063d0    00000024     usb_structs.obj (.const:g_pManufacturerString)

.cinit     0    000063f8    000000e0     
                  000063f8    000000b5     (.cinit..data.load) [load image, compression = rle]
                  000064ad    00000003     --HOLE-- [fill = 0]
                  000064b0    0000000c     (__TI_handler_table)
                  000064bc    00000004     --HOLE-- [fill = 0]
                  000064c0    00000008     (.cinit..bss.load) [load image, compression = zero_init]
                  000064c8    00000010     (__TI_cinit_table)

.bss       0    20000000    0000734e     UNINITIALIZED
                  20000000    00004000     load.obj (.bss:outputBuf)
                  20004000    00002000     load.obj (.bss:delayBuf)
                  20006000    00000448     load.obj (.bss:buttonFiles)
                  20006448    00000230     usb_structs.obj (.bss:g_sMSCInstance)
                  20006678    00000068     load.obj (.bss)
                  200066e0    00000054     usblib-cm4f.lib : usbdenum.obj (.bss:g_psUSBDevice)
                  20006734    00000040     poll.obj (.bss:buttonState)
                  20006774    00000040     usblib-cm4f.lib : usbdmsc.obj (.bss:g_pucCommand)
                  200067b4    00000040                     : usbdenum.obj (.bss:g_pucDataBufferIn)
                  200067f4    0000000c                     : usbmode.obj (.bss)
                  20006800    00000400     usbdsdcard.obj (.bss:sDMAControlTable)
                  20006c00    0000022c     main.obj (.bss:g_sFatFs)
                  20006e2c    00000224     main.obj (.bss:fp)
                  20007050    0000020c     config.obj (.bss:cfg)
                  2000725c    00000040     poll.obj (.bss:ledState)
                  2000729c    00000030     main.obj (.bss)
                  200072cc    00000030     usblib-cm4f.lib : usbtick.obj (.bss)
                  200072fc    0000001c     poll.obj (.bss)
                  20007318    00000018     usbdsdcard.obj (.bss)
                  20007330    0000000d     usblib-cm4f.lib : usbdmsc.obj (.bss)
                  2000733d    00000003     mmc-ek-lm4f232h5qd.obj (.bss)
                  20007340    0000000a     ff.obj (.bss)
                  2000734a    00000004     adc.obj (.bss)

.stack     0    20007350    00000280     UNINITIALIZED
                  20007350    00000280     --HOLE--

.data      0    200075d0    00000106     
                  200075d0    0000004c     usblib-cm4f.lib : usbdmsc.obj (.data:g_sMSCDeviceInfo)
                  2000761c    00000040     load.obj (.data:files)
                  2000765c    00000024     load.obj (.data)
                  20007680    00000024     usblib-cm4f.lib : usbdmsc.obj (.data)
                  200076a4    0000000c                     : usbtick.obj (.data)
                  200076b0    00000009                     : usbmode.obj (.data)
                  200076b9    00000003     --HOLE--
                  200076bc    00000008     rtsv7M4_T_le_v4SPD16_eabi.lib : _lock.obj (.data)
                  200076c4    00000008                                   : exit.obj (.data)
                  200076cc    00000004                                   : stkdepth_vars.obj (.data)
                  200076d0    00000004     usblib-cm4f.lib : usbdenum.obj (.data)
                  200076d4    00000002     mmc-ek-lm4f232h5qd.obj (.data)


LINKER GENERATED COPY TABLES

__TI_cinit_table @ 000064c8 records: 2, size/record: 8, table size: 16
	.data: load addr=000063f8, load size=000000b5 bytes, run addr=200075d0, run size=00000106 bytes, compression=rle
	.bss: load addr=000064c0, load size=00000008 bytes, run addr=20000000, run size=0000734e bytes, compression=zero_init


LINKER GENERATED HANDLER TABLE

__TI_handler_table @ 000064b0 records: 3, size/record: 4, table size: 12
	index: 0, handler: __TI_decompress_rle24
	index: 1, handler: __TI_decompress_none
	index: 2, handler: __TI_zero_init


GLOBAL SYMBOLS: SORTED ALPHABETICALLY BY Name 

address    name
--------   ----
00005645   ADCIntClear
0000557d   ADCIntEnable
00005025   ADCSequenceConfigure
00005255   ADCSequenceDataGet
000055dd   ADCSequenceDisable
000055eb   ADCSequenceEnable
00004029   ADCSequenceStepConfigure
00004b1d   C$$EXIT
00004f15   GPIODirModeSet
00002859   GPIOPadConfigSet
000048a5   GPIOPinConfigure
0000564f   GPIOPinRead
000054ed   GPIOPinTypeADC
000054ff   GPIOPinTypeGPIOInput
00005511   GPIOPinTypeGPIOOutput
00005523   GPIOPinTypeSSI
00005659   GPIOPinWrite
00003869   InitDACSSI
00004419   InitTimer0
000041d5   IntEnable
00004db9   InternalUSBStartOfFrameTick
00004e85   InternalUSBTickInit
000056ad   ResetISR
UNDEFED    SHT$$INIT_ARRAY$$Base
UNDEFED    SHT$$INIT_ARRAY$$Limit
00004a0b   SSIConfigSetExpClk
00005535   SSIDataGetNonBlocking
00005663   SSIDataPut
0000566d   SSIEnable
00005275   SysCtlADCSpeedSet
00000ca5   SysCtlClockGet
00001809   SysCtlClockSet
000056b3   SysCtlDelay
00004471   SysCtlPeripheralEnable
00003135   SysCtlPeripheralReset
0000558d   SysCtlUSBPLLEnable
000050f1   SysTickHandler
00005051   TimerConfigure
000053a9   TimerControlTrigger
000055f9   TimerEnable
000056bf   TimerIntClear
00005547   TimerLoadSet
000053c1   USB0DeviceIntHandler
000046cb   USBDCDConfigDescGet
00004f9f   USBDCDConfigDescGetNum
000053d9   USBDCDConfigDescGetSize
000052f1   USBDCDConfigGetInterface
00004ca1   USBDCDConfigGetInterfaceEndpoint
00001dd1   USBDCDInit
0000559d   USBDCDSendDataEP0
0000530d   USBDCDStallEP0
00002cc9   USBDMSCCompositeInit
00003fb9   USBDMSCEventCallback
000053f1   USBDMSCInit
00005615   USBDMSCStorageClose
000055ad   USBDMSCStorageNumBlocks
00004eb5   USBDMSCStorageOpen
00005481   USBDMSCStorageRead
00005497   USBDMSCStorageWrite
00002271   USBDSCSICommand
00004fcb   USBDescGet
00005079   USBDescGetNum
000056c3   USBDevAddrSet
00005677   USBDevConnect
00005681   USBDevDisconnect
00003e5d   USBDevEndpointConfigSet
00005139   USBDevEndpointDataAck
00004d83   USBDevEndpointStall
0000471b   USBDevEndpointStallClear
000042fd   USBDevEndpointStatusClear
0000568b   USBDevMode
00000e7d   USBDeviceConfig
000029e5   USBDeviceConfigAlternate
000025e5   USBDeviceEnumHandler
00004e21   USBDeviceEnumResetHandler
00002e21   USBDeviceIntHandlerInternal
000048ed   USBDeviceResumeTickHandler
00005345   USBEndpointDMAChannel
0000515d   USBEndpointDMADisable
00005181   USBEndpointDMAEnable
00004a95   USBEndpointDataGet
00004ee5   USBEndpointDataPut
00004f43   USBEndpointDataSend
00005559   USBEndpointStatus
00005693   USBFIFOAddrGet
000049c5   USBFIFOConfigSet
000054ad   USBHostResume
000050a1   USBIntEnableControl
000054d9   USBIntEnableEndpoint
00004d15   USBIntStatusControl
00005621   USBIntStatusEndpoint
0000569b   USBOTGMode
00005295   USBStackModeSet
200075d0   __STACK_END
00000280   __STACK_SIZE
200075d0   __STACK_TOP
000064c8   __TI_CINIT_Base
000064d8   __TI_CINIT_Limit
000064b0   __TI_Handler_Table_Base
000064bc   __TI_Handler_Table_Limit
00000001   __TI_args_main
00003385   __TI_auto_init
00005607   __TI_decompress_none
000056b9   __TI_decompress_rle24
00000000   __TI_static_base__
0000556b   __TI_zero_init
00004859   __aeabi_d2f
00001a7d   __aeabi_ddiv
00001cd3   __aeabi_dmul
00004f71   __aeabi_i2d
00003de5   __aeabi_memclr
00003de5   __aeabi_memclr4
00003de5   __aeabi_memclr8
00002f65   __aeabi_memcpy
00002f65   __aeabi_memcpy4
00002f65   __aeabi_memcpy8
00003de7   __aeabi_memset
00003de7   __aeabi_memset4
00003de7   __aeabi_memset8
ffffffff   __binit__
ffffffff   __c_args__
20007350   __stack
00005451   _args_main
0000497d   _c_int00
200076c4   _cleanup_ptr
200076c8   _dtors_ptr
200076bc   _lock
00005445   _nop
0000543f   _register_lock
00005439   _register_unlock
200076c0   _unlock
200066b0   a_1
200066c8   a_2
00004b21   abort
2000734a   adcValues
00001ec5   adc_init
00003bfd   adc_interrupt
00001fb5   arm_cos_f32
000020a1   arm_sin_f32
200066bc   b_1
200066d4   b_2
2000731c   backUpCompDevices
ffffffff   binit
000031c9   bp_pass_filter
200072a4   br
200072ac   buf2
20006734   buttonState
000036d5   button_pushed
00004101   button_released
200072a8   bw
20007050   cfg
0000480d   copy_in
000055bd   dac_init
20007664   deciCount
20007668   deci_y1
2000766a   deci_y2
000016c9   disk_initialize
000012cd   disk_ioctl
00003419   disk_read
000055cd   disk_status
000051a5   disk_timerproc
00002b59   disk_write
0000011d   do_work
00004b29   exit
00001bb3   f_lseek
00004c65   f_mount
00001945   f_open
00001421   f_read
20006e2c   fp
200076a4   g_bUSBTimerInitialized
20007324   g_eMSCState
200067f8   g_eOTGModeState
200076b0   g_eUSBMode
00006320   g_pConfigString
00006380   g_pDataInterfaceString
00006350   g_pLangDescriptor
000062e4   g_pMSCConfigDescriptors
000062b4   g_pMSCInterface
000063d0   g_pManufacturerString
000063a8   g_pProductString
00006354   g_pSerialNumberString
00006368   g_pStringDescriptors
200072cc   g_pfTickHandlers
00000000   g_pfnVectors
2000769c   g_psMSCSections
200066e0   g_psUSBDevice
200072e4   g_pvTickInstance
20007328   g_sDriveInformation
20006c00   g_sFatFs
000062dc   g_sMSCConfigHeader
000062cc   g_sMSCConfigSection
0000622c   g_sMSCDevice
200075d0   g_sMSCDeviceInfo
20006448   g_sMSCInstance
000062d4   g_sMSCInterfaceSection
000060d8   g_sUSBMSCFIFOConfig
200076a8   g_ulCurrentUSBTick
2000732c   g_ulFlags
20007318   g_ulIdleTimeout
200067f4   g_ulPollRate
2000729c   g_ulSysTickCount
200076ac   g_ulUSBSOFCount
200076b4   g_ulWaitTicks
00003001   generate_filter_coeffs
000056a5   get_fattime
00002ec5   high_pass_filter
20006678   interruptCounter
2000725c   ledState
00003ed5   load_generate_coeffs
00002d79   load_init
00004ba5   load_set_one
00001575   load_set_params
00004be5   load_set_two
0000309d   low_pass_filter
0000325d   main
200076cc   main_func_sp
00005233   memcmp
00002f65   memcpy
00003ded   memset
00003c79   msc_init
000035c1   notch_filter
00003afd   playback_interrupt
0000082d   poll_init
000005c5   poll_interrupt
2000766e   prevIn2_1
20007676   prevIn2_2
2000766c   prevIn_1
20007674   prevIn_2
20007672   prevOut2_1
2000767a   prevOut2_2
20007670   prevOut_1
20007678   prevOut_2
200072a0   res
20006800   sDMAControlTable
00002431   start_playing
00004b61   uDMAChannelAttributeDisable
000051c9   uDMAChannelControlSet
00005469   uDMAChannelEnable
00004ff9   uDMAChannelModeGet
00003b7d   uDMAChannelTransferSet


GLOBAL SYMBOLS: SORTED BY Symbol Address 

address    name
--------   ----
00000000   __TI_static_base__
00000000   g_pfnVectors
00000001   __TI_args_main
0000011d   do_work
00000280   __STACK_SIZE
000005c5   poll_interrupt
0000082d   poll_init
00000ca5   SysCtlClockGet
00000e7d   USBDeviceConfig
000012cd   disk_ioctl
00001421   f_read
00001575   load_set_params
000016c9   disk_initialize
00001809   SysCtlClockSet
00001945   f_open
00001a7d   __aeabi_ddiv
00001bb3   f_lseek
00001cd3   __aeabi_dmul
00001dd1   USBDCDInit
00001ec5   adc_init
00001fb5   arm_cos_f32
000020a1   arm_sin_f32
00002271   USBDSCSICommand
00002431   start_playing
000025e5   USBDeviceEnumHandler
00002859   GPIOPadConfigSet
000029e5   USBDeviceConfigAlternate
00002b59   disk_write
00002cc9   USBDMSCCompositeInit
00002d79   load_init
00002e21   USBDeviceIntHandlerInternal
00002ec5   high_pass_filter
00002f65   __aeabi_memcpy
00002f65   __aeabi_memcpy4
00002f65   __aeabi_memcpy8
00002f65   memcpy
00003001   generate_filter_coeffs
0000309d   low_pass_filter
00003135   SysCtlPeripheralReset
000031c9   bp_pass_filter
0000325d   main
00003385   __TI_auto_init
00003419   disk_read
000035c1   notch_filter
000036d5   button_pushed
00003869   InitDACSSI
00003afd   playback_interrupt
00003b7d   uDMAChannelTransferSet
00003bfd   adc_interrupt
00003c79   msc_init
00003de5   __aeabi_memclr
00003de5   __aeabi_memclr4
00003de5   __aeabi_memclr8
00003de7   __aeabi_memset
00003de7   __aeabi_memset4
00003de7   __aeabi_memset8
00003ded   memset
00003e5d   USBDevEndpointConfigSet
00003ed5   load_generate_coeffs
00003fb9   USBDMSCEventCallback
00004029   ADCSequenceStepConfigure
00004101   button_released
000041d5   IntEnable
000042fd   USBDevEndpointStatusClear
00004419   InitTimer0
00004471   SysCtlPeripheralEnable
000046cb   USBDCDConfigDescGet
0000471b   USBDevEndpointStallClear
0000480d   copy_in
00004859   __aeabi_d2f
000048a5   GPIOPinConfigure
000048ed   USBDeviceResumeTickHandler
0000497d   _c_int00
000049c5   USBFIFOConfigSet
00004a0b   SSIConfigSetExpClk
00004a95   USBEndpointDataGet
00004b1d   C$$EXIT
00004b21   abort
00004b29   exit
00004b61   uDMAChannelAttributeDisable
00004ba5   load_set_one
00004be5   load_set_two
00004c65   f_mount
00004ca1   USBDCDConfigGetInterfaceEndpoint
00004d15   USBIntStatusControl
00004d83   USBDevEndpointStall
00004db9   InternalUSBStartOfFrameTick
00004e21   USBDeviceEnumResetHandler
00004e85   InternalUSBTickInit
00004eb5   USBDMSCStorageOpen
00004ee5   USBEndpointDataPut
00004f15   GPIODirModeSet
00004f43   USBEndpointDataSend
00004f71   __aeabi_i2d
00004f9f   USBDCDConfigDescGetNum
00004fcb   USBDescGet
00004ff9   uDMAChannelModeGet
00005025   ADCSequenceConfigure
00005051   TimerConfigure
00005079   USBDescGetNum
000050a1   USBIntEnableControl
000050f1   SysTickHandler
00005139   USBDevEndpointDataAck
0000515d   USBEndpointDMADisable
00005181   USBEndpointDMAEnable
000051a5   disk_timerproc
000051c9   uDMAChannelControlSet
00005233   memcmp
00005255   ADCSequenceDataGet
00005275   SysCtlADCSpeedSet
00005295   USBStackModeSet
000052f1   USBDCDConfigGetInterface
0000530d   USBDCDStallEP0
00005345   USBEndpointDMAChannel
000053a9   TimerControlTrigger
000053c1   USB0DeviceIntHandler
000053d9   USBDCDConfigDescGetSize
000053f1   USBDMSCInit
00005439   _register_unlock
0000543f   _register_lock
00005445   _nop
00005451   _args_main
00005469   uDMAChannelEnable
00005481   USBDMSCStorageRead
00005497   USBDMSCStorageWrite
000054ad   USBHostResume
000054d9   USBIntEnableEndpoint
000054ed   GPIOPinTypeADC
000054ff   GPIOPinTypeGPIOInput
00005511   GPIOPinTypeGPIOOutput
00005523   GPIOPinTypeSSI
00005535   SSIDataGetNonBlocking
00005547   TimerLoadSet
00005559   USBEndpointStatus
0000556b   __TI_zero_init
0000557d   ADCIntEnable
0000558d   SysCtlUSBPLLEnable
0000559d   USBDCDSendDataEP0
000055ad   USBDMSCStorageNumBlocks
000055bd   dac_init
000055cd   disk_status
000055dd   ADCSequenceDisable
000055eb   ADCSequenceEnable
000055f9   TimerEnable
00005607   __TI_decompress_none
00005615   USBDMSCStorageClose
00005621   USBIntStatusEndpoint
00005645   ADCIntClear
0000564f   GPIOPinRead
00005659   GPIOPinWrite
00005663   SSIDataPut
0000566d   SSIEnable
00005677   USBDevConnect
00005681   USBDevDisconnect
0000568b   USBDevMode
00005693   USBFIFOAddrGet
0000569b   USBOTGMode
000056a5   get_fattime
000056ad   ResetISR
000056b3   SysCtlDelay
000056b9   __TI_decompress_rle24
000056bf   TimerIntClear
000056c3   USBDevAddrSet
000060d8   g_sUSBMSCFIFOConfig
0000622c   g_sMSCDevice
000062b4   g_pMSCInterface
000062cc   g_sMSCConfigSection
000062d4   g_sMSCInterfaceSection
000062dc   g_sMSCConfigHeader
000062e4   g_pMSCConfigDescriptors
00006320   g_pConfigString
00006350   g_pLangDescriptor
00006354   g_pSerialNumberString
00006368   g_pStringDescriptors
00006380   g_pDataInterfaceString
000063a8   g_pProductString
000063d0   g_pManufacturerString
000064b0   __TI_Handler_Table_Base
000064bc   __TI_Handler_Table_Limit
000064c8   __TI_CINIT_Base
000064d8   __TI_CINIT_Limit
20006448   g_sMSCInstance
20006678   interruptCounter
200066b0   a_1
200066bc   b_1
200066c8   a_2
200066d4   b_2
200066e0   g_psUSBDevice
20006734   buttonState
200067f4   g_ulPollRate
200067f8   g_eOTGModeState
20006800   sDMAControlTable
20006c00   g_sFatFs
20006e2c   fp
20007050   cfg
2000725c   ledState
2000729c   g_ulSysTickCount
200072a0   res
200072a4   br
200072a8   bw
200072ac   buf2
200072cc   g_pfTickHandlers
200072e4   g_pvTickInstance
20007318   g_ulIdleTimeout
2000731c   backUpCompDevices
20007324   g_eMSCState
20007328   g_sDriveInformation
2000732c   g_ulFlags
2000734a   adcValues
20007350   __stack
200075d0   __STACK_END
200075d0   __STACK_TOP
200075d0   g_sMSCDeviceInfo
20007664   deciCount
20007668   deci_y1
2000766a   deci_y2
2000766c   prevIn_1
2000766e   prevIn2_1
20007670   prevOut_1
20007672   prevOut2_1
20007674   prevIn_2
20007676   prevIn2_2
20007678   prevOut_2
2000767a   prevOut2_2
2000769c   g_psMSCSections
200076a4   g_bUSBTimerInitialized
200076a8   g_ulCurrentUSBTick
200076ac   g_ulUSBSOFCount
200076b0   g_eUSBMode
200076b4   g_ulWaitTicks
200076bc   _lock
200076c0   _unlock
200076c4   _cleanup_ptr
200076c8   _dtors_ptr
200076cc   main_func_sp
ffffffff   __binit__
ffffffff   __c_args__
ffffffff   binit
UNDEFED    SHT$$INIT_ARRAY$$Base
UNDEFED    SHT$$INIT_ARRAY$$Limit

[240 symbols]
