******************************************************************************
                  TMS470 Linker PC v4.9.5                      
******************************************************************************
>> Linked Mon Apr 29 18:50:54 2013

OUTPUT FILE NAME:   <ENGG4810.out>
ENTRY POINT SYMBOL: "_c_int00"  address: 00004aa9


MEMORY CONFIGURATION

         name            origin    length      used     unused   attr    fill
----------------------  --------  ---------  --------  --------  ----  --------
  FLASH                 00000000   00080000  00006f09  000790f7  R  X
  SRAM                  20000000   00018000  000067d6  0001182a  RW X


SEGMENT ALLOCATION MAP

run origin  load origin   length   init length attrs members
----------  ----------- ---------- ----------- ----- -------
00000000    00000000    00006f10   00006f10    r-x
  00000000    00000000    0000011c   0000011c    r-- .intvecs
  0000011c    0000011c    00005e42   00005e42    r-x .text
  00005f60    00005f60    00000d93   00000d93    r-- .const
  00006cf8    00006cf8    00000218   00000218    r-- .cinit
20000000    20000000    0000629c   00000000    rw-
  20000000    20000000    0000629c   00000000    rw- .bss
2000629c    2000629c    0000053c   000002ba    rw-
  2000629c    2000629c    000002ba   000002ba    rw- .data
  20006558    20006558    00000280   00000000    rw- .stack


SECTION ALLOCATION MAP

 output                                  attributes/
section   page    origin      length       input sections
--------  ----  ----------  ----------   ----------------
.intvecs   0    00000000    0000011c     
                  00000000    0000011c     startup_ccs.obj (.intvecs)

.init_array 
*          0    00000000    00000000     UNINITIALIZED

.text      0    0000011c    00005e42     
                  0000011c    00000220     usblib-cm4f.lib : usbdmsc.obj (.text:HandleEndpoints)
                  0000033c    0000021e                     : usbdcomp.obj (.text:BuildCompositeDescriptor)
                  0000055a    00000002     startup_ccs.obj (.text:FaultISR)
                  0000055c    000001d8     driverlib-cm4f.lib : sysctl.obj (.text:SysCtlClockGet)
                  00000734    000001a8     load.obj (.text:process)
                  000008dc    00000188     usblib-cm4f.lib : usbdconfig.obj (.text:USBDeviceConfig)
                  00000a64    00000168     ff.obj (.text:auto_mount)
                  00000bcc    00000160     usblib-cm4f.lib : usbdenum.obj (.text:USBDEP0StateTxConfig)
                  00000d2c    00000154     mmc-ek-lm4f232h5qd.obj (.text:disk_ioctl)
                  00000e80    00000154     ff.obj (.text:f_read)
                  00000fd4    00000140     mmc-ek-lm4f232h5qd.obj (.text:disk_initialize)
                  00001114    0000013c     driverlib-cm4f.lib : sysctl.obj (.text:SysCtlClockSet)
                  00001250    00000138     ff.obj (.text:f_open)
                  00001388    00000138     load.obj (.text:load_init)
                  000014c0    00000136     rtsv7M4_T_le_v4SPD16_eabi.lib : fd_div_t2.obj (.text)
                  000015f6    00000120     ff.obj (.text:f_lseek)
                  00001716    000000fc     rtsv7M4_T_le_v4SPD16_eabi.lib : fd_mul_t2.obj (.text)
                  00001812    00000002     startup_ccs.obj (.text:IntDefaultHandler)
                  00001814    000000f4     usblib-cm4f.lib : usbdenum.obj (.text:USBDCDInit)
                  00001908    000000ec     dsplib-cm4f.lib : arm_cos_f32.obj (.text:arm_cos_f32)
                  000019f4    000000ec                     : arm_sin_f32.obj (.text:arm_sin_f32)
                  00001ae0    000000ec     load.obj (.text:do_work)
                  00001bcc    000000e4     usblib-cm4f.lib : usbdmsc.obj (.text:USBDSCSIRead10)
                  00001cb0    000000e0                     : usbdmsc.obj (.text:USBDSCSICommand)
                  00001d90    000000de     ff.obj (.text:make_dirfile)
                  00001e6e    000000d8     ff.obj (.text:trace_path)
                  00001f46    00000002     startup_ccs.obj (.text:NmiSR)
                  00001f48    000000d4     usblib-cm4f.lib : usbdenum.obj (.text:USBDeviceEnumHandler)
                  0000201c    000000d0                     : usbdenum.obj (.text:USBDGetDescriptor)
                  000020ec    000000d0     ff.obj (.text:put_cluster)
                  000021bc    000000c8     driverlib-cm4f.lib : gpio.obj (.text:GPIOPadConfigSet)
                  00002284    000000c4     ff.obj (.text:reserve_direntry)
                  00002348    000000c0     usblib-cm4f.lib : usbdcdc.obj (.text:HandleRequests)
                  00002408    000000bc                     : usbdcomp.obj (.text:USBDCompositeInit)
                  000024c4    000000bc                     : usbdconfig.obj (.text:USBDeviceConfigAlternate)
                  00002580    000000b8                     : usbdmsc.obj (.text:USBDSCSIWrite10)
                  00002638    000000b8     mmc-ek-lm4f232h5qd.obj (.text:disk_write)
                  000026f0    000000b8     ff.obj (.text:get_cluster)
                  000027a8    000000b4     usblib-cm4f.lib : usbbuffer.obj (.text:HandleRxAvailable)
                  0000285c    000000b0     usb_dev_serial.obj (.text:RxHandler)
                  0000290c    000000b0     usblib-cm4f.lib : usbdmsc.obj (.text:USBDMSCCompositeInit)
                  000029bc    000000a4                     : usbdenum.obj (.text:USBDeviceIntHandlerInternal)
                  00002a60    000000a4     main.obj (.text:main)
                  00002b04    000000a2     usblib-cm4f.lib : usbbuffer.obj (.text:ScheduleNextTransmission)
                  00002ba6    00000002     --HOLE-- [fill = 0]
                  00002ba8    000000a0     filterGen.obj (.text:high_pass_filter)
                  00002c48    0000009c     rtsv7M4_T_le_v4SPD16_eabi.lib : memcpy_t2.obj (.text)
                  00002ce4    0000009a     filterGen.obj (.text:generate_filter_coeffs)
                  00002d7e    00000002     --HOLE-- [fill = 0]
                  00002d80    00000098     filterGen.obj (.text:low_pass_filter)
                  00002e18    00000094     driverlib-cm4f.lib : sysctl.obj (.text:SysCtlPeripheralReset)
                  00002eac    00000094     usblib-cm4f.lib : usbdcdc.obj (.text:USBDCDCCompositeInit)
                  00002f40    00000094     filterGen.obj (.text:bp_pass_filter)
                  00002fd4    00000094     mmc-ek-lm4f232h5qd.obj (.text:power_on)
                  00003068    00000094     rtsv7M4_T_le_v4SPD16_eabi.lib : auto_init.obj (.text)
                  000030fc    00000090     mmc-ek-lm4f232h5qd.obj (.text:disk_read)
                  0000318c    0000008e     usblib-cm4f.lib : usbdcdc.obj (.text:USBDCDCPacketRead)
                  0000321a    0000008c                     : usbdcdc.obj (.text:SendSerialState)
                  000032a6    00000002     --HOLE-- [fill = 0]
                  000032a8    0000008c                     : usbdmsc.obj (.text:USBDSCSIReadCapacities)
                  00003334    0000008c                     : usbdmsc.obj (.text:USBDSCSIReadCapacity)
                  000033c0    0000008c     filterGen.obj (.text:notch_filter)
                  0000344c    00000088     usblib-cm4f.lib : usbdcdc.obj (.text:CDCTickHandler)
                  000034d4    00000088                     : usbdmsc.obj (.text:USBDSCSIInquiry)
                  0000355c    00000086     ff.obj (.text:create_chain)
                  000035e2    00000002     --HOLE-- [fill = 0]
                  000035e4    00000084     usblib-cm4f.lib : usbdmsc.obj (.text:HandleDevice)
                  00003668    00000084     dac.obj (.text:InitDACSSI)
                  000036ec    00000084     usblib-cm4f.lib : usbdenum.obj (.text:USBDClearFeature)
                  00003770    00000084                     : usbdmsc.obj (.text:USBDSCSIModeSense6)
                  000037f4    00000084                     : usbdenum.obj (.text:USBDSetConfiguration)
                  00003878    00000084                     : usbdenum.obj (.text:USBDSetInterface)
                  000038fc    00000080     usb_dev_serial.obj (.text:SerialHandler)
                  0000397c    00000080     driverlib-cm4f.lib : udma.obj (.text:uDMAChannelTransferSet)
                  000039fc    0000007c     usblib-cm4f.lib : usbdcomp.obj (.text:CompositeEPChange)
                  00003a78    00000078                     : usbdenum.obj (.text:USBDGetStatus)
                  00003af0    00000078     ff.obj (.text:move_window)
                  00003b68    00000078     rtsv7M4_T_le_v4SPD16_eabi.lib : memset_t2.obj (.text)
                  00003be0    00000076     driverlib-cm4f.lib : usb.obj (.text:USBDevEndpointConfigSet)
                  00003c56    00000074     usblib-cm4f.lib : usbdcdc.obj (.text:HandleDevice)
                  00003cca    00000002     --HOLE-- [fill = 0]
                  00003ccc    00000070                     : usbdmsc.obj (.text:ConfigChangeHandler)
                  00003d3c    00000070     usbdsdcard.obj (.text:USBDMSCEventCallback)
                  00003dac    0000006c     usblib-cm4f.lib : usbdcdc.obj (.text:ProcessDataFromHost)
                  00003e18    0000006c     usb_dev_serial.obj (.text:SerialMain)
                  00003e84    0000006c     usblib-cm4f.lib : usbdenum.obj (.text:USBDSetFeature)
                  00003ef0    00000068                     : usbdenum.obj (.text:USBDEP0StateTx)
                  00003f58    00000064     driverlib-cm4f.lib : interrupt.obj (.text:IntEnable)
                  00003fbc    00000062     mmc-ek-lm4f232h5qd.obj (.text:send_cmd)
                  0000401e    00000002     --HOLE-- [fill = 0]
                  00004020    00000060     cmdline.obj (.text:CmdLineProcess)
                  00004080    00000060     usblib-cm4f.lib : usbbuffer.obj (.text:USBBufferEventCallback)
                  000040e0    00000060                     : usbdmsc.obj (.text:USBDSCSIRequestSense)
                  00004140    00000060     usbdsdcard.obj (.text:composite_device_init)
                  000041a0    0000005e     driverlib-cm4f.lib : usb.obj (.text:USBDevEndpointStatusClear)
                  000041fe    00000002     --HOLE-- [fill = 0]
                  00004200    0000005e     ff.obj (.text:check_fs)
                  0000425e    0000005e     rtsv7M4_T_le_v4SPD16_eabi.lib : copy_decompress_rle.obj (.text)
                  000042bc    0000005a     usblib-cm4f.lib : usbdcomp.obj (.text:GetDescriptor)
                  00004316    0000005a                     : usbdcomp.obj (.text:HandleRequests)
                  00004370    00000058     dac.obj (.text:InitTimer0)
                  000043c8    00000058     driverlib-cm4f.lib : sysctl.obj (.text:SysCtlPeripheralEnable)
                  00004420    00000058     usblib-cm4f.lib : usbdenum.obj (.text:USBDReadAndDispatchRequest)
                  00004478    00000058                     : usbdenum.obj (.text:USBDStringIndexFromRequest)
                  000044d0    00000056                     : usbdcdc.obj (.text:ProcessDataToHost)
                  00004526    00000056     ff.obj (.text:next_dir_entry)
                  0000457c    00000054     usblib-cm4f.lib : usbdconfig.obj (.text:GetEPDescriptorType)
                  000045d0    00000054     mmc-ek-lm4f232h5qd.obj (.text:send_initial_clock_train)
                  00004624    00000052     mmc-ek-lm4f232h5qd.obj (.text:xmit_datablock)
                  00004676    00000050     usblib-cm4f.lib : usbdcdesc.obj (.text:USBDCDConfigDescGet)
                  000046c6    00000050     driverlib-cm4f.lib : usb.obj (.text:USBDevEndpointStallClear)
                  00004716    00000002     --HOLE-- [fill = 0]
                  00004718    00000050     load.obj (.text:load_set_one)
                  00004768    00000050     load.obj (.text:load_set_two)
                  000047b8    00000050     mmc-ek-lm4f232h5qd.obj (.text:set_max_speed)
                  00004808    0000004e     usblib-cm4f.lib : usbdcdesc.obj (.text:ConfigAlternateInterfaceGet)
                  00004856    0000004e                     : usbdcdc.obj (.text:USBDCDCPacketWrite)
                  000048a4    0000004c     usb_dev_serial.obj (.text:TxHandler)
                  000048f0    0000004c     rtsv7M4_T_le_v4SPD16_eabi.lib : cpy_tbl.obj (.text)
                  0000493c    0000004a     usblib-cm4f.lib : usbdcdc.obj (.text:HandleEndpoints)
                  00004986    0000004a     rtsv7M4_T_le_v4SPD16_eabi.lib : fd_tos_t2.obj (.text)
                  000049d0    00000048     driverlib-cm4f.lib : gpio.obj (.text:GPIOPinConfigure)
                  00004a18    00000048     usblib-cm4f.lib : usbdenum.obj (.text:USBDeviceResumeTickHandler)
                  00004a60    00000048     mmc-ek-lm4f232h5qd.obj (.text:rcvr_datablock)
                  00004aa8    00000048     rtsv7M4_T_le_v4SPD16_eabi.lib : boot.obj (.text)
                  00004af0    00000046     driverlib-cm4f.lib : usb.obj (.text:USBFIFOConfigSet)
                  00004b36    00000044                        : ssi.obj (.text:SSIConfigSetExpClk)
                  00004b7a    00000002     --HOLE-- [fill = 0]
                  00004b7c    00000044     usblib-cm4f.lib : usbdenum.obj (.text:USBDGetInterface)
                  00004bc0    00000044     driverlib-cm4f.lib : usb.obj (.text:USBEndpointDataGet)
                  00004c04    00000044     usbdsdcard.obj (.text:msc_init)
                  00004c48    00000044     load.obj (.text:playback_interrupt)
                  00004c8c    00000044     ff.obj (.text:remove_chain)
                  00004cd0    00000044     rtsv7M4_T_le_v4SPD16_eabi.lib : exit.obj (.text)
                  00004d14    00000044     driverlib-cm4f.lib : udma.obj (.text:uDMAChannelAttributeDisable)
                  00004d58    00000040     usb_dev_serial.obj (.text:CommandPrint)
                  00004d98    00000040     usblib-cm4f.lib : usbdcdc.obj (.text:HandleEP0Data)
                  00004dd8    0000003e                     : usbdconfig.obj (.text:GetEndpointFIFOSize)
                  00004e16    00000002     --HOLE-- [fill = 0]
                  00004e18    0000003c     usbdsdcard.obj (.text:EventHandler)
                  00004e54    0000003c     usbdsdcard.obj (.text:enable_msc)
                  00004e90    0000003c     ff.obj (.text:f_mount)
                  00004ecc    0000003a     usblib-cm4f.lib : usbdcdesc.obj (.text:USBDCDConfigGetInterfaceEndpoint)
                  00004f06    00000038                     : usbdcdc.obj (.text:SendBreak)
                  00004f3e    00000002     --HOLE-- [fill = 0]
                  00004f40    00000038     usb_dev_serial.obj (.text:SerialInit)
                  00004f78    00000038     usblib-cm4f.lib : usbdenum.obj (.text:USBDGetConfiguration)
                  00004fb0    00000038     driverlib-cm4f.lib : usb.obj (.text:USBIntStatusControl)
                  00004fe8    00000036     usblib-cm4f.lib : usbdcdesc.obj (.text:NextConfigDescGet)
                  0000501e    00000036     driverlib-cm4f.lib : usb.obj (.text:USBDevEndpointStall)
                  00005054    00000036     usblib-cm4f.lib : usbringbuf.obj (.text:USBRingBufAdvanceWrite)
                  0000508a    00000002     --HOLE-- [fill = 0]
                  0000508c    00000034                     : usbtick.obj (.text:InternalUSBStartOfFrameTick)
                  000050c0    00000034                     : usbdmsc.obj (.text:USBDSCSISendStatus)
                  000050f4    00000032                     : usbdenum.obj (.text:USBDeviceEnumResetHandler)
                  00005126    00000032     mmc-ek-lm4f232h5qd.obj (.text:send_cmd12)
                  00005158    00000030     usblib-cm4f.lib : usbdcomp.obj (.text:HandleDisconnect)
                  00005188    00000030                     : usbtick.obj (.text:InternalUSBTickInit)
                  000051b8    00000030                     : usbdcdc.obj (.text:ProcessNotificationToHost)
                  000051e8    00000030                     : usbdcomp.obj (.text:ResetHandler)
                  00005218    00000030                     : usbdcomp.obj (.text:ResumeHandler)
                  00005248    00000030                     : usbdcomp.obj (.text:SuspendHandler)
                  00005278    00000030     usbdsdcard.obj (.text:USBDMSCStorageOpen)
                  000052a8    00000030     driverlib-cm4f.lib : usb.obj (.text:USBEndpointDataPut)
                  000052d8    0000002f     usb_dev_serial.obj (.text:Cmd_msc)
                  00005307    00000001     --HOLE-- [fill = 0]
                  00005308    0000002e     driverlib-cm4f.lib : gpio.obj (.text:GPIODirModeSet)
                  00005336    0000002e     usblib-cm4f.lib : usbdcdc.obj (.text:USBDCDCRxPacketAvailable)
                  00005364    0000002e     driverlib-cm4f.lib : usb.obj (.text:USBEndpointDataSend)
                  00005392    0000002e     rtsv7M4_T_le_v4SPD16_eabi.lib : i_tofd_t2.obj (.text)
                  000053c0    0000002c     usblib-cm4f.lib : usbdcomp.obj (.text:EndpointToIndex)
                  000053ec    0000002c                     : usbdcomp.obj (.text:InterfaceChange)
                  00005418    0000002c                     : usbtick.obj (.text:InternalUSBRegisterTickHandler)
                  00005444    0000002c                     : usbbuffer.obj (.text:USBBufferWrite)
                  00005470    0000002c                     : usbdcdesc.obj (.text:USBDCDConfigDescGetNum)
                  0000549c    0000002c                     : usbdesc.obj (.text:USBDescGet)
                  000054c8    0000002c     driverlib-cm4f.lib : udma.obj (.text:uDMAChannelModeGet)
                  000054f4    00000028     usblib-cm4f.lib : usbdcomp.obj (.text:ConfigChangeHandler)
                  0000551c    00000028                     : usbdcdc.obj (.text:HandleConfigChange)
                  00005544    00000028                     : usbdcomp.obj (.text:HandleEndpoints)
                  0000556c    00000028                     : usbdesc.obj (.text:USBDescGetNum)
                  00005594    00000028     driverlib-cm4f.lib : usb.obj (.text:USBIntEnableControl)
                  000055bc    00000028     usblib-cm4f.lib : usbringbuf.obj (.text:UpdateIndexAtomic)
                  000055e4    00000028     adc.obj (.text:adc_interrupt)
                  0000560c    00000028     mmc-ek-lm4f232h5qd.obj (.text:rcvr_spi)
                  00005634    00000024     usblib-cm4f.lib : usbbuffer.obj (.text:HandleRequestBuffer)
                  00005658    00000024                     : usbdcomp.obj (.text:InterfaceToIndex)
                  0000567c    00000024                     : usbdcdc.obj (.text:SendLineCodingChange)
                  000056a0    00000024     main.obj (.text:SysTickHandler)
                  000056c4    00000024     usblib-cm4f.lib : usbbuffer.obj (.text:USBBufferRead)
                  000056e8    00000024                     : usbdenum.obj (.text:USBDSetAddress)
                  0000570c    00000024     driverlib-cm4f.lib : usb.obj (.text:USBDevEndpointDataAck)
                  00005730    00000024                        : usb.obj (.text:USBEndpointDMADisable)
                  00005754    00000024                        : usb.obj (.text:USBEndpointDMAEnable)
                  00005778    00000024     mmc-ek-lm4f232h5qd.obj (.text:disk_timerproc)
                  0000579c    00000024     driverlib-cm4f.lib : udma.obj (.text:uDMAChannelControlSet)
                  000057c0    00000024     mmc-ek-lm4f232h5qd.obj (.text:xmit_spi)
                  000057e4    00000022     usblib-cm4f.lib : usbdmsc.obj (.text:HandleDisconnect)
                  00005806    00000022                     : usbdcdc.obj (.text:SendLineStateChange)
                  00005828    00000022     rtsv7M4_T_le_v4SPD16_eabi.lib : memcmp.obj (.text)
                  0000584a    00000020     driverlib-cm4f.lib : adc.obj (.text:ADCSequenceDataGet)
                  0000586a    00000020     usblib-cm4f.lib : usbdcdc.obj (.text:HandleDisconnect)
                  0000588a    00000002     --HOLE-- [fill = 0]
                  0000588c    00000020                     : usbmode.obj (.text:USBStackModeSet)
                  000058ac    00000020     mmc-ek-lm4f232h5qd.obj (.text:wait_ready)
                  000058cc    0000001e     usblib-cm4f.lib : usbdcdc.obj (.text:CheckAndSendBreak)
                  000058ea    0000001e                     : usbdcomp.obj (.text:DataReceived)
                  00005908    0000001e                     : usbdcomp.obj (.text:DataSent)
                  00005926    0000001e                     : usbbuffer.obj (.text:HandleDataRemaining)
                  00005944    0000001e     driverlib-cm4f.lib : usb.obj (.text:USBEndpointDataAvail)
                  00005962    0000001e     usblib-cm4f.lib : usbringbuf.obj (.text:USBRingBufAdvanceRead)
                  00005980    0000001c                     : usbdmsc.obj (.text:HandleRequests)
                  0000599c    0000001c                     : usbdcdc.obj (.text:SetDeferredOpFlag)
                  000059b8    0000001c                     : usbdcdesc.obj (.text:USBDCDConfigGetInterface)
                  000059d4    0000001c                     : usbdenum.obj (.text:USBDCDStallEP0)
                  000059f0    0000001c                     : usbringbuf.obj (.text:USBRingBufContigFree)
                  00005a0c    0000001c     usbdsdcard.obj (.text:disable_msc)
                  00005a28    0000001c     load.obj (.text:push_output)
                  00005a44    0000001c     ff.obj (.text:validate)
                  00005a60    0000001a     usblib-cm4f.lib : usbdcomp.obj (.text:CompositeIfaceChange)
                  00005a7a    0000001a                     : usbdcdc.obj (.text:DeviceConsumedAllData)
                  00005a94    0000001a     driverlib-cm4f.lib : usb.obj (.text:USBEndpointDMAChannel)
                  00005aae    0000001a     usblib-cm4f.lib : usbringbuf.obj (.text:USBRingBufRead)
                  00005ac8    0000001a                     : usbringbuf.obj (.text:USBRingBufReadOne)
                  00005ae2    0000001a                     : usbringbuf.obj (.text:USBRingBufWrite)
                  00005afc    0000001a     ff.obj (.text:clust2sect)
                  00005b16    00000002     --HOLE-- [fill = 0]
                  00005b18    00000018     mmc-ek-lm4f232h5qd.obj (.text:DESELECT)
                  00005b30    00000018     mmc-ek-lm4f232h5qd.obj (.text:SELECT)
                  00005b48    00000018     usblib-cm4f.lib : usbdhandler.obj (.text:USB0DeviceIntHandler)
                  00005b60    00000018                     : usbdcdesc.obj (.text:USBDCDConfigDescGetSize)
                  00005b78    00000018                     : usbdmsc.obj (.text:USBDMSCInit)
                  00005b90    00000018                     : usbdenum.obj (.text:USBDSetDescriptor)
                  00005ba8    00000018                     : usbdenum.obj (.text:USBDSyncFrame)
                  00005bc0    00000018     rtsv7M4_T_le_v4SPD16_eabi.lib : _lock.obj (.text)
                  00005bd8    00000018                                   : args_main.obj (.text)
                  00005bf0    00000018                                   : strcmp.obj (.text)
                  00005c08    00000018     driverlib-cm4f.lib : udma.obj (.text:uDMAChannelEnable)
                  00005c20    00000017     main.obj (.text:errorLoop)
                  00005c37    00000001     --HOLE-- [fill = 0]
                  00005c38    00000016     usblib-cm4f.lib : usbdcdc.obj (.text:CheckAndSendLineCodingChange)
                  00005c4e    00000016                     : usbdcdc.obj (.text:CheckAndSendLineStateChange)
                  00005c64    00000016                     : usbbuffer.obj (.text:USBBufferInit)
                  00005c7a    00000016     usbdsdcard.obj (.text:USBDMSCStorageRead)
                  00005c90    00000016     usbdsdcard.obj (.text:USBDMSCStorageWrite)
                  00005ca6    00000016     driverlib-cm4f.lib : usb.obj (.text:USBHostResume)
                  00005cbc    00000016                        : usb.obj (.text:USBIndexWrite)
                  00005cd2    00000016     usblib-cm4f.lib : usbringbuf.obj (.text:USBRingBufUsed)
                  00005ce8    00000014                     : usbdenum.obj (.text:USBDCDRequestDataEP0)
                  00005cfc    00000014     driverlib-cm4f.lib : usb.obj (.text:USBIntEnableEndpoint)
                  00005d10    00000014     usblib-cm4f.lib : usbringbuf.obj (.text:USBRingBufContigUsed)
                  00005d24    00000014                     : usbringbuf.obj (.text:USBRingBufFlush)
                  00005d38    00000014     load.obj (.text:test)
                  00005d4c    00000012     driverlib-cm4f.lib : gpio.obj (.text:GPIOPinTypeGPIOOutput)
                  00005d5e    00000012                        : gpio.obj (.text:GPIOPinTypeSSI)
                  00005d70    00000012     usblib-cm4f.lib : usbdcdc.obj (.text:HandleResume)
                  00005d82    00000012                     : usbdcdc.obj (.text:HandleSuspend)
                  00005d94    00000012                     : usbbuffer.obj (.text:HandleTxComplete)
                  00005da6    00000012     driverlib-cm4f.lib : ssi.obj (.text:SSIDataGetNonBlocking)
                  00005db8    00000012                        : usb.obj (.text:USBEndpointStatus)
                  00005dca    00000012     usblib-cm4f.lib : usbringbuf.obj (.text:USBRingBufFree)
                  00005ddc    00000012                     : usbringbuf.obj (.text:USBRingBufWriteOne)
                  00005dee    00000012     rtsv7M4_T_le_v4SPD16_eabi.lib : copy_zero_init.obj (.text:decompress:ZI)
                  00005e00    00000010     driverlib-cm4f.lib : sysctl.obj (.text:SysCtlUSBPLLEnable)
                  00005e10    00000010     usblib-cm4f.lib : usbdcdc.obj (.text:USBDCDCTxPacketAvailable)
                  00005e20    00000010                     : usbdenum.obj (.text:USBDCDSendDataEP0)
                  00005e30    00000010     usbdsdcard.obj (.text:USBDMSCStorageNumBlocks)
                  00005e40    00000010     dac.obj (.text:dac_init)
                  00005e50    00000010     mmc-ek-lm4f232h5qd.obj (.text:disk_status)
                  00005e60    0000000e     rtsv7M4_T_le_v4SPD16_eabi.lib : copy_decompress_none.obj (.text:decompress:none)
                  00005e6e    0000000c     driverlib-cm4f.lib : cpu.obj (.text:CPUcpsid)
                  00005e7a    0000000c                        : cpu.obj (.text:CPUcpsie)
                  00005e86    00000002     --HOLE-- [fill = 0]
                  00005e88    0000000c     usbdsdcard.obj (.text:USBDMSCStorageClose)
                  00005e94    0000000c     driverlib-cm4f.lib : usb.obj (.text:USBIntStatusEndpoint)
                  00005ea0    0000000c     usblib-cm4f.lib : usbringbuf.obj (.text:USBRingBufInit)
                  00005eac    0000000c     buffer.obj (.text:buffer_init)
                  00005eb8    0000000c     mmc-ek-lm4f232h5qd.obj (.text:power_off)
                  00005ec4    0000000c     mmc-ek-lm4f232h5qd.obj (.text:rcvr_spi_m)
                  00005ed0    0000000a     driverlib-cm4f.lib : adc.obj (.text:ADCIntClear)
                  00005eda    0000000a                        : interrupt.obj (.text:IntMasterDisable)
                  00005ee4    0000000a                        : interrupt.obj (.text:IntMasterEnable)
                  00005eee    0000000a                        : ssi.obj (.text:SSIDataPut)
                  00005ef8    0000000a                        : ssi.obj (.text:SSIEnable)
                  00005f02    0000000a                        : usb.obj (.text:USBDevConnect)
                  00005f0c    0000000a                        : usb.obj (.text:USBDevDisconnect)
                  00005f16    00000008                        : usb.obj (.text:USBDevMode)
                  00005f1e    00000008                        : usb.obj (.text:USBFIFOAddrGet)
                  00005f26    00000008                        : usb.obj (.text:USBOTGMode)
                  00005f2e    00000002     --HOLE-- [fill = 0]
                  00005f30    00000008     mmc-ek-lm4f232h5qd.obj (.text:get_fattime)
                  00005f38    00000006     startup_ccs.obj (.text:ResetISR)
                  00005f3e    00000006     driverlib-cm4f.lib : sysctl.obj (.text:SysCtlDelay)
                  00005f44    00000006     usblib-cm4f.lib : usbbuffer.obj (.text:USBBufferFlush)
                  00005f4a    00000006                     : usbbuffer.obj (.text:USBBufferSpaceAvailable)
                  00005f50    00000006     rtsv7M4_T_le_v4SPD16_eabi.lib : copy_decompress_rle.obj (.text:decompress:rle24)
                  00005f56    00000004     driverlib-cm4f.lib : timer.obj (.text:TimerIntClear)
                  00005f5a    00000004                        : usb.obj (.text:USBDevAddrSet)

.const     0    00005f60    00000d93     
                  00005f60    00000410     dsplib-cm4f.lib : arm_cos_f32.obj (.const:cosTable)
                  00006370    0000040c                     : arm_sin_f32.obj (.const:sinTable)
                  0000677c    00000088     load.obj (.const:.string)
                  00006804    00000078     driverlib-cm4f.lib : gpio.obj (.const:g_pulGPIOBaseAddrs)
                  0000687c    00000078     usblib-cm4f.lib : usbdenum.obj (.const:g_sUSBDefaultFIFOConfig)
                  000068f4    00000078                     : usbdmsc.obj (.const:g_sUSBMSCFIFOConfig)
                  0000696c    00000070     driverlib-cm4f.lib : interrupt.obj (.const)
                  000069dc    0000006c                        : sysctl.obj (.const:g_pulXtals)
                  00006a48    00000056     usb_structs.obj (.const:g_pProductString)
                  00006a9e    00000002     --HOLE-- [fill = 0]
                  00006aa0    00000050     usblib-cm4f.lib : usbdcdc.obj (.const)
                  00006af0    00000048     usb_structs.obj (.const:g_sMSCDevice)
                  00006b38    00000040     driverlib-cm4f.lib : sysctl.obj (.const)
                  00006b78    00000035     usblib-cm4f.lib : usbdmsc.obj (.const)
                  00006bad    00000003     --HOLE-- [fill = 0]
                  00006bb0    00000034                     : usbdenum.obj (.const:g_psUSBDStdRequests)
                  00006be4    0000002c     usb_structs.obj (.const:g_sCDCDevice)
                  00006c10    00000028     usb_structs.obj (.const)
                  00006c38    00000024     usb_structs.obj (.const:g_pManufacturerString)
                  00006c5c    00000024     usb_structs.obj (.const:g_sRxBuffer)
                  00006c80    00000024     usb_structs.obj (.const:g_sTxBuffer)
                  00006ca4    00000023     usblib-cm4f.lib : usbdcdc.obj (.const:g_pCDCSerCommInterface)
                  00006cc7    00000001     --HOLE-- [fill = 0]
                  00006cc8    0000001a     usb_dev_serial.obj (.const:.string)
                  00006ce2    00000002     --HOLE-- [fill = 0]
                  00006ce4    00000009     usblib-cm4f.lib : usbdcomp.obj (.const)
                  00006ced    00000003     --HOLE-- [fill = 0]
                  00006cf0    00000003     usb_dev_serial.obj (.const)

.cinit     0    00006cf8    00000218     
                  00006cf8    000001f1     (.cinit..data.load) [load image, compression = rle]
                  00006ee9    00000003     --HOLE-- [fill = 0]
                  00006eec    0000000c     (__TI_handler_table)
                  00006ef8    00000008     (.cinit..bss.load) [load image, compression = zero_init]
                  00006f00    00000010     (__TI_cinit_table)

.bss       0    20000000    0000629c     UNINITIALIZED
                  20000000    00004000     load.obj (.bss:outputBuf)
                  20004000    00000808     load.obj (.bss:outputBuffer)
                  20004808    00000448     load.obj (.bss:buttonFiles)
                  20004c50    00000230     usb_structs.obj (.bss:g_sMSCInstance)
                  20004e80    00000100     usb_structs.obj (.bss:g_pcUSBRxBuffer)
                  20004f80    00000064     usbdsdcard.obj (.bss:g_pucDescriptorData)
                  20004fe4    00000018     usbdsdcard.obj (.bss)
                  20004ffc    00000004     usb_dev_serial.obj (.bss)
                  20005000    00000400     usbdsdcard.obj (.bss:sDMAControlTable)
                  20005400    0000022c     main.obj (.bss:g_sFatFs)
                  2000562c    00000224     load.obj (.bss:inputRead)
                  20005850    00000224     load.obj (.bss:inputWrite)
                  20005a74    00000224     load.obj (.bss:outputRead)
                  20005c98    00000224     load.obj (.bss:outputWrite)
                  20005ebc    00000100     usb_structs.obj (.bss:g_pcUSBTxBuffer)
                  20005fbc    00000088     load.obj (.bss)
                  20006044    00000054     usblib-cm4f.lib : usbdenum.obj (.bss:g_psUSBDevice)
                  20006098    00000050     usb_structs.obj (.bss:g_CompInstance)
                  200060e8    00000040     usb_dev_serial.obj (.bss:g_pcCmdBuf)
                  20006128    00000040     usblib-cm4f.lib : usbdmsc.obj (.bss:g_pucCommand)
                  20006168    00000040                     : usbdenum.obj (.bss:g_pucDataBufferIn)
                  200061a8    00000038     usb_structs.obj (.bss)
                  200061e0    00000030     usblib-cm4f.lib : usbtick.obj (.bss)
                  20006210    0000002c     usb_structs.obj (.bss:g_sCDCInstance)
                  2000623c    00000024     cmdline.obj (.bss:argv$1)
                  20006260    00000010     main.obj (.bss)
                  20006270    0000000d     usblib-cm4f.lib : usbdmsc.obj (.bss)
                  2000627d    00000003     mmc-ek-lm4f232h5qd.obj (.bss)
                  20006280    0000000c     usblib-cm4f.lib : usbmode.obj (.bss)
                  2000628c    0000000a     ff.obj (.bss)
                  20006296    00000002     --HOLE--
                  20006298    00000004     usblib-cm4f.lib : usbdcomp.obj (.bss)

.data      0    2000629c    000002ba     
                  2000629c    00000078     usblib-cm4f.lib : usbdcomp.obj (.data:g_sUSBCompositeFIFOConfig)
                  20006314    0000004c                     : usbdcdc.obj (.data:g_sCDCSerDeviceInfo)
                  20006360    0000004c                     : usbdcomp.obj (.data:g_sCompositeDeviceInfo)
                  200063ac    0000004c                     : usbdmsc.obj (.data:g_sMSCDeviceInfo)
                  200063f8    00000040     load.obj (.data:files)
                  20006438    00000040     usblib-cm4f.lib : usbdcdc.obj (.data)
                  20006478    00000024     usb_structs.obj (.data:g_sCompDevice)
                  2000649c    00000024     usblib-cm4f.lib : usbdmsc.obj (.data)
                  200064c0    00000020     usb_dev_serial.obj (.data)
                  200064e0    00000018     load.obj (.data)
                  200064f8    00000012     usblib-cm4f.lib : usbdcomp.obj (.data)
                  2000650a    00000002     --HOLE--
                  2000650c    00000010     usb_structs.obj (.data)
                  2000651c    0000000c     usblib-cm4f.lib : usbtick.obj (.data)
                  20006528    00000009                     : usbmode.obj (.data)
                  20006531    00000003     --HOLE--
                  20006534    00000008     rtsv7M4_T_le_v4SPD16_eabi.lib : _lock.obj (.data)
                  2000653c    00000008                                   : exit.obj (.data)
                  20006544    00000008     usbdsdcard.obj (.data)
                  2000654c    00000004     rtsv7M4_T_le_v4SPD16_eabi.lib : stkdepth_vars.obj (.data)
                  20006550    00000004     usblib-cm4f.lib : usbdenum.obj (.data)
                  20006554    00000002     mmc-ek-lm4f232h5qd.obj (.data)

.stack     0    20006558    00000280     UNINITIALIZED
                  20006558    00000280     --HOLE--


LINKER GENERATED COPY TABLES

__TI_cinit_table @ 00006f00 records: 2, size/record: 8, table size: 16
	.data: load addr=00006cf8, load size=000001f1 bytes, run addr=2000629c, run size=000002ba bytes, compression=rle
	.bss: load addr=00006ef8, load size=00000008 bytes, run addr=20000000, run size=0000629c bytes, compression=zero_init


LINKER GENERATED HANDLER TABLE

__TI_handler_table @ 00006eec records: 3, size/record: 4, table size: 12
	index: 0, handler: __TI_decompress_rle24
	index: 1, handler: __TI_decompress_none
	index: 2, handler: __TI_zero_init


GLOBAL SYMBOLS: SORTED ALPHABETICALLY BY Name 

address    name
--------   ----
00005ed1   ADCIntClear
0000584b   ADCSequenceDataGet
0000033d   BuildCompositeDescriptor
00004cd1   C$$EXIT
00005e6f   CPUcpsid
00005e7b   CPUcpsie
00004021   CmdLineProcess
000052d9   Cmd_msc
00004d59   CommandPrint
00004e19   EventHandler
00005309   GPIODirModeSet
000021bd   GPIOPadConfigSet
000049d1   GPIOPinConfigure
00005d4d   GPIOPinTypeGPIOOutput
00005d5f   GPIOPinTypeSSI
00003669   InitDACSSI
00004371   InitTimer0
00003f59   IntEnable
00005edb   IntMasterDisable
00005ee5   IntMasterEnable
00005419   InternalUSBRegisterTickHandler
0000508d   InternalUSBStartOfFrameTick
00005189   InternalUSBTickInit
00003dad   ProcessDataFromHost
000044d1   ProcessDataToHost
000051b9   ProcessNotificationToHost
00005f39   ResetISR
0000285d   RxHandler
UNDEFED    SHT$$INIT_ARRAY$$Base
UNDEFED    SHT$$INIT_ARRAY$$Limit
00004b37   SSIConfigSetExpClk
00005da7   SSIDataGetNonBlocking
00005eef   SSIDataPut
00005ef9   SSIEnable
000038fd   SerialHandler
00004f41   SerialInit
00003e19   SerialMain
0000055d   SysCtlClockGet
00001115   SysCtlClockSet
00005f3f   SysCtlDelay
000043c9   SysCtlPeripheralEnable
00002e19   SysCtlPeripheralReset
00005e01   SysCtlUSBPLLEnable
000056a1   SysTickHandler
00005f57   TimerIntClear
000048a5   TxHandler
00005b49   USB0DeviceIntHandler
00004081   USBBufferEventCallback
00005f45   USBBufferFlush
00005c65   USBBufferInit
000056c5   USBBufferRead
00005f4b   USBBufferSpaceAvailable
00005445   USBBufferWrite
00002ead   USBDCDCCompositeInit
0000318d   USBDCDCPacketRead
00004857   USBDCDCPacketWrite
00005337   USBDCDCRxPacketAvailable
00005e11   USBDCDCTxPacketAvailable
00004677   USBDCDConfigDescGet
00005471   USBDCDConfigDescGetNum
00005b61   USBDCDConfigDescGetSize
000059b9   USBDCDConfigGetInterface
00004ecd   USBDCDConfigGetInterfaceEndpoint
00001815   USBDCDInit
00005ce9   USBDCDRequestDataEP0
00005e21   USBDCDSendDataEP0
000059d5   USBDCDStallEP0
00002409   USBDCompositeInit
0000290d   USBDMSCCompositeInit
00003d3d   USBDMSCEventCallback
00005b79   USBDMSCInit
00005e89   USBDMSCStorageClose
00005e31   USBDMSCStorageNumBlocks
00005279   USBDMSCStorageOpen
00005c7b   USBDMSCStorageRead
00005c91   USBDMSCStorageWrite
00001cb1   USBDSCSICommand
0000549d   USBDescGet
0000556d   USBDescGetNum
00005f5b   USBDevAddrSet
00005f03   USBDevConnect
00005f0d   USBDevDisconnect
00003be1   USBDevEndpointConfigSet
0000570d   USBDevEndpointDataAck
0000501f   USBDevEndpointStall
000046c7   USBDevEndpointStallClear
000041a1   USBDevEndpointStatusClear
00005f17   USBDevMode
000008dd   USBDeviceConfig
000024c5   USBDeviceConfigAlternate
00001f49   USBDeviceEnumHandler
000050f5   USBDeviceEnumResetHandler
000029bd   USBDeviceIntHandlerInternal
00004a19   USBDeviceResumeTickHandler
00005a95   USBEndpointDMAChannel
00005731   USBEndpointDMADisable
00005755   USBEndpointDMAEnable
00005945   USBEndpointDataAvail
00004bc1   USBEndpointDataGet
000052a9   USBEndpointDataPut
00005365   USBEndpointDataSend
00005db9   USBEndpointStatus
00005f1f   USBFIFOAddrGet
00004af1   USBFIFOConfigSet
00005ca7   USBHostResume
00005595   USBIntEnableControl
00005cfd   USBIntEnableEndpoint
00004fb1   USBIntStatusControl
00005e95   USBIntStatusEndpoint
00005f27   USBOTGMode
00005963   USBRingBufAdvanceRead
00005055   USBRingBufAdvanceWrite
000059f1   USBRingBufContigFree
00005d11   USBRingBufContigUsed
00005d25   USBRingBufFlush
00005dcb   USBRingBufFree
00005ea1   USBRingBufInit
00005aaf   USBRingBufRead
00005ac9   USBRingBufReadOne
00005cd3   USBRingBufUsed
00005ae3   USBRingBufWrite
00005ddd   USBRingBufWriteOne
0000588d   USBStackModeSet
200067d8   __STACK_END
00000280   __STACK_SIZE
200067d8   __STACK_TOP
00006f00   __TI_CINIT_Base
00006f10   __TI_CINIT_Limit
00006eec   __TI_Handler_Table_Base
00006ef8   __TI_Handler_Table_Limit
00000001   __TI_args_main
00003069   __TI_auto_init
00005e61   __TI_decompress_none
00005f51   __TI_decompress_rle24
00000000   __TI_static_base__
00005def   __TI_zero_init
00004987   __aeabi_d2f
000014c1   __aeabi_ddiv
00001717   __aeabi_dmul
00005393   __aeabi_i2d
00003b69   __aeabi_memclr
00003b69   __aeabi_memclr4
00003b69   __aeabi_memclr8
00002c49   __aeabi_memcpy
00002c49   __aeabi_memcpy4
00002c49   __aeabi_memcpy8
00003b6b   __aeabi_memset
00003b6b   __aeabi_memset4
00003b6b   __aeabi_memset8
ffffffff   __binit__
ffffffff   __c_args__
20006558   __stack
00005bd9   _args_main
00004aa9   _c_int00
2000653c   _cleanup_ptr
20006540   _dtors_ptr
20006534   _lock
00005bcd   _nop
00005bc7   _register_lock
00005bc1   _register_unlock
20006538   _unlock
2000602c   a
00004cd5   abort
000055e5   adc_interrupt
00001909   arm_cos_f32
000019f5   arm_sin_f32
20006038   b
20004fe8   backUpCompDevices
ffffffff   binit
00002f41   bp_pass_filter
20006268   br
00005ead   buffer_init
2000626c   bw
00004141   composite_device_init
000048f1   copy_in
00005e41   dac_init
00005a0d   disable_msc
00000fd5   disk_initialize
00000d2d   disk_ioctl
000030fd   disk_read
00005e51   disk_status
00005779   disk_timerproc
00002639   disk_write
00001ae1   do_work
00004e55   enable_msc
00005c21   errorLoop
00004cdd   exit
000015f7   f_lseek
00004e91   f_mount
00001251   f_open
00000e81   f_read
20006098   g_CompInstance
2000651c   g_bUSBTimerInitialized
20004ff0   g_eMSCState
20006284   g_eOTGModeState
20006528   g_eUSBMode
00006aec   g_pCDCCompSerConfigDescriptors
00006ca4   g_pCDCSerCommInterface
00006ae8   g_pCDCSerConfigDescriptors
00006ab8   g_pCDCSerDataInterface
2000644a   g_pCDCSerDescriptor
20006438   g_pCDCSerDeviceDescriptor
20006298   g_pCompConfigDescriptors
20006453   g_pIADSerDescriptor
00006c10   g_pLangDescriptor
00006ba8   g_pMSCConfigDescriptors
00006b78   g_pMSCInterface
00006c38   g_pManufacturerString
00006a48   g_pProductString
00006c14   g_pSerialNumberString
00006c28   g_pStringDescriptors
20004e80   g_pcUSBRxBuffer
20005ebc   g_pcUSBTxBuffer
200061e0   g_pfTickHandlers
00000000   g_pfnVectors
20006468   g_psCDCCompSerSections
2000645c   g_psCDCSerSections
2000650c   g_psCompDevices
200064b8   g_psMSCSections
20006044   g_psUSBDevice
20004f80   g_pucDescriptorData
200061a8   g_pucRxBufferWorkspace
200061c0   g_pucTxBufferWorkspace
200061d8   g_pulCompWorkspace
200061f8   g_pvTickInstance
00006ae0   g_sCDCCompSerConfigHeader
00006be4   g_sCDCDevice
20006210   g_sCDCInstance
00006ab0   g_sCDCSerCommInterfaceSection
00006ad8   g_sCDCSerConfigHeader
00006aa0   g_sCDCSerConfigSection
00006ad0   g_sCDCSerDataInterfaceSection
20006314   g_sCDCSerDeviceInfo
200064c8   g_sCmdTable
20006478   g_sCompDevice
20006360   g_sCompositeDeviceInfo
20004ff4   g_sDriveInformation
20005400   g_sFatFs
00006aa8   g_sIADSerConfigSection
200064c0   g_sLineCoding
00006ba0   g_sMSCConfigHeader
00006b90   g_sMSCConfigSection
00006af0   g_sMSCDevice
200063ac   g_sMSCDeviceInfo
20004c50   g_sMSCInstance
00006b98   g_sMSCInterfaceSection
00006c5c   g_sRxBuffer
00006c80   g_sTxBuffer
2000629c   g_sUSBCompositeFIFOConfig
0000687c   g_sUSBDefaultFIFOConfig
000068f4   g_sUSBMSCFIFOConfig
20006520   g_ulCurrentUSBTick
20004ff8   g_ulFlags
20004fe4   g_ulIdleTimeout
20006280   g_ulPollRate
20006260   g_ulSysTickCount
20006524   g_ulUSBSOFCount
2000652c   g_ulWaitTicks
00002ce5   generate_filter_coeffs
00005f31   get_fattime
00002ba9   high_pass_filter
200064e4   i
00001389   load_init
00004719   load_set_one
00004769   load_set_two
00002d81   low_pass_filter
00002a61   main
2000654c   main_func_sp
00005829   memcmp
00002c49   memcpy
00003b71   memset
00004c05   msc_init
000033c1   notch_filter
00004c49   playback_interrupt
00000735   process
00005a29   push_output
200064e0   pushed
20006264   res
20005000   sDMAControlTable
20006544   store
00005bf1   strcmp
00005d39   test
20006548   transfer
00004d15   uDMAChannelAttributeDisable
0000579d   uDMAChannelControlSet
00005c09   uDMAChannelEnable
000054c9   uDMAChannelModeGet
0000397d   uDMAChannelTransferSet


GLOBAL SYMBOLS: SORTED BY Symbol Address 

address    name
--------   ----
00000000   __TI_static_base__
00000000   g_pfnVectors
00000001   __TI_args_main
00000280   __STACK_SIZE
0000033d   BuildCompositeDescriptor
0000055d   SysCtlClockGet
00000735   process
000008dd   USBDeviceConfig
00000d2d   disk_ioctl
00000e81   f_read
00000fd5   disk_initialize
00001115   SysCtlClockSet
00001251   f_open
00001389   load_init
000014c1   __aeabi_ddiv
000015f7   f_lseek
00001717   __aeabi_dmul
00001815   USBDCDInit
00001909   arm_cos_f32
000019f5   arm_sin_f32
00001ae1   do_work
00001cb1   USBDSCSICommand
00001f49   USBDeviceEnumHandler
000021bd   GPIOPadConfigSet
00002409   USBDCompositeInit
000024c5   USBDeviceConfigAlternate
00002639   disk_write
0000285d   RxHandler
0000290d   USBDMSCCompositeInit
000029bd   USBDeviceIntHandlerInternal
00002a61   main
00002ba9   high_pass_filter
00002c49   __aeabi_memcpy
00002c49   __aeabi_memcpy4
00002c49   __aeabi_memcpy8
00002c49   memcpy
00002ce5   generate_filter_coeffs
00002d81   low_pass_filter
00002e19   SysCtlPeripheralReset
00002ead   USBDCDCCompositeInit
00002f41   bp_pass_filter
00003069   __TI_auto_init
000030fd   disk_read
0000318d   USBDCDCPacketRead
000033c1   notch_filter
00003669   InitDACSSI
000038fd   SerialHandler
0000397d   uDMAChannelTransferSet
00003b69   __aeabi_memclr
00003b69   __aeabi_memclr4
00003b69   __aeabi_memclr8
00003b6b   __aeabi_memset
00003b6b   __aeabi_memset4
00003b6b   __aeabi_memset8
00003b71   memset
00003be1   USBDevEndpointConfigSet
00003d3d   USBDMSCEventCallback
00003dad   ProcessDataFromHost
00003e19   SerialMain
00003f59   IntEnable
00004021   CmdLineProcess
00004081   USBBufferEventCallback
00004141   composite_device_init
000041a1   USBDevEndpointStatusClear
00004371   InitTimer0
000043c9   SysCtlPeripheralEnable
000044d1   ProcessDataToHost
00004677   USBDCDConfigDescGet
000046c7   USBDevEndpointStallClear
00004719   load_set_one
00004769   load_set_two
00004857   USBDCDCPacketWrite
000048a5   TxHandler
000048f1   copy_in
00004987   __aeabi_d2f
000049d1   GPIOPinConfigure
00004a19   USBDeviceResumeTickHandler
00004aa9   _c_int00
00004af1   USBFIFOConfigSet
00004b37   SSIConfigSetExpClk
00004bc1   USBEndpointDataGet
00004c05   msc_init
00004c49   playback_interrupt
00004cd1   C$$EXIT
00004cd5   abort
00004cdd   exit
00004d15   uDMAChannelAttributeDisable
00004d59   CommandPrint
00004e19   EventHandler
00004e55   enable_msc
00004e91   f_mount
00004ecd   USBDCDConfigGetInterfaceEndpoint
00004f41   SerialInit
00004fb1   USBIntStatusControl
0000501f   USBDevEndpointStall
00005055   USBRingBufAdvanceWrite
0000508d   InternalUSBStartOfFrameTick
000050f5   USBDeviceEnumResetHandler
00005189   InternalUSBTickInit
000051b9   ProcessNotificationToHost
00005279   USBDMSCStorageOpen
000052a9   USBEndpointDataPut
000052d9   Cmd_msc
00005309   GPIODirModeSet
00005337   USBDCDCRxPacketAvailable
00005365   USBEndpointDataSend
00005393   __aeabi_i2d
00005419   InternalUSBRegisterTickHandler
00005445   USBBufferWrite
00005471   USBDCDConfigDescGetNum
0000549d   USBDescGet
000054c9   uDMAChannelModeGet
0000556d   USBDescGetNum
00005595   USBIntEnableControl
000055e5   adc_interrupt
000056a1   SysTickHandler
000056c5   USBBufferRead
0000570d   USBDevEndpointDataAck
00005731   USBEndpointDMADisable
00005755   USBEndpointDMAEnable
00005779   disk_timerproc
0000579d   uDMAChannelControlSet
00005829   memcmp
0000584b   ADCSequenceDataGet
0000588d   USBStackModeSet
00005945   USBEndpointDataAvail
00005963   USBRingBufAdvanceRead
000059b9   USBDCDConfigGetInterface
000059d5   USBDCDStallEP0
000059f1   USBRingBufContigFree
00005a0d   disable_msc
00005a29   push_output
00005a95   USBEndpointDMAChannel
00005aaf   USBRingBufRead
00005ac9   USBRingBufReadOne
00005ae3   USBRingBufWrite
00005b49   USB0DeviceIntHandler
00005b61   USBDCDConfigDescGetSize
00005b79   USBDMSCInit
00005bc1   _register_unlock
00005bc7   _register_lock
00005bcd   _nop
00005bd9   _args_main
00005bf1   strcmp
00005c09   uDMAChannelEnable
00005c21   errorLoop
00005c65   USBBufferInit
00005c7b   USBDMSCStorageRead
00005c91   USBDMSCStorageWrite
00005ca7   USBHostResume
00005cd3   USBRingBufUsed
00005ce9   USBDCDRequestDataEP0
00005cfd   USBIntEnableEndpoint
00005d11   USBRingBufContigUsed
00005d25   USBRingBufFlush
00005d39   test
00005d4d   GPIOPinTypeGPIOOutput
00005d5f   GPIOPinTypeSSI
00005da7   SSIDataGetNonBlocking
00005db9   USBEndpointStatus
00005dcb   USBRingBufFree
00005ddd   USBRingBufWriteOne
00005def   __TI_zero_init
00005e01   SysCtlUSBPLLEnable
00005e11   USBDCDCTxPacketAvailable
00005e21   USBDCDSendDataEP0
00005e31   USBDMSCStorageNumBlocks
00005e41   dac_init
00005e51   disk_status
00005e61   __TI_decompress_none
00005e6f   CPUcpsid
00005e7b   CPUcpsie
00005e89   USBDMSCStorageClose
00005e95   USBIntStatusEndpoint
00005ea1   USBRingBufInit
00005ead   buffer_init
00005ed1   ADCIntClear
00005edb   IntMasterDisable
00005ee5   IntMasterEnable
00005eef   SSIDataPut
00005ef9   SSIEnable
00005f03   USBDevConnect
00005f0d   USBDevDisconnect
00005f17   USBDevMode
00005f1f   USBFIFOAddrGet
00005f27   USBOTGMode
00005f31   get_fattime
00005f39   ResetISR
00005f3f   SysCtlDelay
00005f45   USBBufferFlush
00005f4b   USBBufferSpaceAvailable
00005f51   __TI_decompress_rle24
00005f57   TimerIntClear
00005f5b   USBDevAddrSet
0000687c   g_sUSBDefaultFIFOConfig
000068f4   g_sUSBMSCFIFOConfig
00006a48   g_pProductString
00006aa0   g_sCDCSerConfigSection
00006aa8   g_sIADSerConfigSection
00006ab0   g_sCDCSerCommInterfaceSection
00006ab8   g_pCDCSerDataInterface
00006ad0   g_sCDCSerDataInterfaceSection
00006ad8   g_sCDCSerConfigHeader
00006ae0   g_sCDCCompSerConfigHeader
00006ae8   g_pCDCSerConfigDescriptors
00006aec   g_pCDCCompSerConfigDescriptors
00006af0   g_sMSCDevice
00006b78   g_pMSCInterface
00006b90   g_sMSCConfigSection
00006b98   g_sMSCInterfaceSection
00006ba0   g_sMSCConfigHeader
00006ba8   g_pMSCConfigDescriptors
00006be4   g_sCDCDevice
00006c10   g_pLangDescriptor
00006c14   g_pSerialNumberString
00006c28   g_pStringDescriptors
00006c38   g_pManufacturerString
00006c5c   g_sRxBuffer
00006c80   g_sTxBuffer
00006ca4   g_pCDCSerCommInterface
00006eec   __TI_Handler_Table_Base
00006ef8   __TI_Handler_Table_Limit
00006f00   __TI_CINIT_Base
00006f10   __TI_CINIT_Limit
20004c50   g_sMSCInstance
20004e80   g_pcUSBRxBuffer
20004f80   g_pucDescriptorData
20004fe4   g_ulIdleTimeout
20004fe8   backUpCompDevices
20004ff0   g_eMSCState
20004ff4   g_sDriveInformation
20004ff8   g_ulFlags
20005000   sDMAControlTable
20005400   g_sFatFs
20005ebc   g_pcUSBTxBuffer
2000602c   a
20006038   b
20006044   g_psUSBDevice
20006098   g_CompInstance
200061a8   g_pucRxBufferWorkspace
200061c0   g_pucTxBufferWorkspace
200061d8   g_pulCompWorkspace
200061e0   g_pfTickHandlers
200061f8   g_pvTickInstance
20006210   g_sCDCInstance
20006260   g_ulSysTickCount
20006264   res
20006268   br
2000626c   bw
20006280   g_ulPollRate
20006284   g_eOTGModeState
20006298   g_pCompConfigDescriptors
2000629c   g_sUSBCompositeFIFOConfig
20006314   g_sCDCSerDeviceInfo
20006360   g_sCompositeDeviceInfo
200063ac   g_sMSCDeviceInfo
20006438   g_pCDCSerDeviceDescriptor
2000644a   g_pCDCSerDescriptor
20006453   g_pIADSerDescriptor
2000645c   g_psCDCSerSections
20006468   g_psCDCCompSerSections
20006478   g_sCompDevice
200064b8   g_psMSCSections
200064c0   g_sLineCoding
200064c8   g_sCmdTable
200064e0   pushed
200064e4   i
2000650c   g_psCompDevices
2000651c   g_bUSBTimerInitialized
20006520   g_ulCurrentUSBTick
20006524   g_ulUSBSOFCount
20006528   g_eUSBMode
2000652c   g_ulWaitTicks
20006534   _lock
20006538   _unlock
2000653c   _cleanup_ptr
20006540   _dtors_ptr
20006544   store
20006548   transfer
2000654c   main_func_sp
20006558   __stack
200067d8   __STACK_END
200067d8   __STACK_TOP
ffffffff   __binit__
ffffffff   __c_args__
ffffffff   binit
UNDEFED    SHT$$INIT_ARRAY$$Base
UNDEFED    SHT$$INIT_ARRAY$$Limit

[288 symbols]
